                                                                      
                                                                      
**********************************************************************
***                                                                ***
***                                                                ***
***        __  __ ____   ____ _                                    ***
***       |  \/  |  _ \ / ___| |__   ___ _ __ ___                  ***
***       | |\/| | |_) | |   | '_ \ / _ \ '_ ` _ \                 ***
***       | |  | |  _ <| |___| | | |  __/ | | | | |                ***
***       |_|  |_|_| \_\\____|_| |_|\___|_| |_| |_|                ***
***                                                                ***
***       VERSION            0.3.0-alpha                           ***
***                                                                ***
***       Git branch         rebase/mw-guess                       ***
***       Git commit hash    f4882d276365e07f1ad7                  ***
***       Git commit author  Stig Rune Jensen                      ***
***       Git commit date    Sat Mar 7 13:02:21 2020 +0100         ***
***                                                                ***
***       Magnar Bjorgve     <magnar.bjorgve@uit.no>               ***
***       Roberto Di Remigio <roberto.di.remigio@uit.no>           ***
***       Luca Frediani      <luca.frediani@uit.no>                ***
***       Gabriel Gerez      <gsa017@post.uit.no>                  ***
***       Stig Rune Jensen   <stig.r.jensen@uit.no>                ***
***       Peter Wind         <peter.wind@uit.no>                   ***
***                                                                ***
**********************************************************************

----------------------------------------------------------------------

 MPI processes         :      (no bank)                             1
 OpenMP threads        :                                            1
 Total cores           :                                            1
                                                                      
----------------------------------------------------------------------

XCFun DFT library Copyright 2009-2020 Ulf Ekstrom and contributors.
See http://dftlibs.org/xcfun/ for more information.

This is free software; see the source code for copying conditions.
There is ABSOLUTELY NO WARRANTY; not even for MERCHANTABILITY or
FITNESS FOR A PARTICULAR PURPOSE. For details see the documentation.
Scientific users of this library should cite
U. Ekstrom, L. Visscher, R. Bast, A. J. Thorvaldsen and K. Ruud;
J.Chem.Theor.Comp. 2010, DOI: 10.1021/ct100117s

----------------------------------------------------------------------

 MRCPP version         : 1.2.0-alpha3
 Git branch            : rebase/mw-guess
 Git commit hash       : f4882d276365e07f1ad7
 Git commit author     : Stig Rune Jensen
 Git commit date       : Sat Mar 7 13:02:21 2020 +0100

 Linear algebra        : EIGEN v3.3.7
 Parallelization       : OpenMP

----------------------------------------------------------------------


                                                                      
======================================================================
                       MultiResolution Analysis
----------------------------------------------------------------------
 polynomial order      : 6
 polynomial type       : Interpolating
----------------------------------------------------------------------
 total boxes           : 8
 boxes                 : [          2           2           2 ]
 unit lengths          : [   32.00000    32.00000    32.00000 ]
 scaling factor        : [    1.00000     1.00000     1.00000 ]
 lower bounds          : [  -32.00000   -32.00000   -32.00000 ]
 upper bounds          : [   32.00000    32.00000    32.00000 ]
 total length          : [   64.00000    64.00000    64.00000 ]
======================================================================


                                                                      
**********************************************************************
***                                                                ***
***                     Initializing Molecule                      ***
***                                                                ***
**********************************************************************
                                                                      
                                                                      
======================================================================
                               Molecule
----------------------------------------------------------------------
 Charge                :                                            0
 Multiplicity          :                                            1
----------------------------------------------------------------------
    N    Atom          :              x              y              z
----------------------------------------------------------------------
    0       O          :       0.000000       0.000000      -0.125000
    1       H          :      -1.437500       0.000000       1.025000
    2       H          :       1.437500       0.000000       1.025000
----------------------------------------------------------------------
 Center of mass        :       0.000000       0.000000       0.003683
 Gauge origin          :       0.000000       0.000000       0.003683
======================================================================


                                                                      
**********************************************************************
***                                                                ***
***              Computing Ground State Wavefunction               ***
***                                                                ***
**********************************************************************
                                                                      
                                                                      
~~~~~~~~~~~~~~~~~~~~~~~~~~~~~~~~~~~~~~~~~~~~~~~~~~~~~~~~~~~~~~~~~~~~~~
 Calculation           : Read orbitals from file (GTO)
 Precision             : 1.00000e-03
 Restricted            : True
 MO file               : initial_guess/mrchem.mop
~~~~~~~~~~~~~~~~~~~~~~~~~~~~~~~~~~~~~~~~~~~~~~~~~~~~~~~~~~~~~~~~~~~~~~


======================================================================
                          Molecular Orbitals
----------------------------------------------------------------------
 Alpha electrons       :                                            5
 Beta electrons        :                                            5
 Total electrons       :                                           10
----------------------------------------------------------------------
    n  Occ Spin        :                                         Norm
----------------------------------------------------------------------
    0    2    p        :                           1.000000203953e+00
    1    2    p        :                           1.000000065237e+00
    2    2    p        :                           9.999999991989e-01
    3    2    p        :                           1.000000008870e+00
    4    2    p        :                           9.999999986946e-01
======================================================================


~~~~~~~~~~~~~~~~~~~~~~~~~~~~~~~~~~~~~~~~~~~~~~~~~~~~~~~~~~~~~~~~~~~~~~
 Calculation           : Compute initial energy
 Method                : DFT
 Precision             : 1.00000e-03
 Localization          : On
~~~~~~~~~~~~~~~~~~~~~~~~~~~~~~~~~~~~~~~~~~~~~~~~~~~~~~~~~~~~~~~~~~~~~~


======================================================================
                           Molecular Energy
----------------------------------------------------------------------
 Kinetic energy        :           (au)               75.846573573185
 E-N energy            :           (au)             -198.725251434212
 Coulomb energy        :           (au)               46.762199622162
 Exchange energy       :           (au)                0.000000000000
 X-C energy            :           (au)               -9.318909037867
 Ext. field (el)       :           (au)                0.000000000000
 Ext. field (nuc)      :           (au)                0.000000000000
----------------------------------------------------------------------
 Electronic energy     :           (au)              -85.435387276732
 Nuclear energy        :           (au)                9.039235444235
----------------------------------------------------------------------
 Total energy          :           (au)           -7.639615183250e+01
                       :     (kcal/mol)           -4.793930867005e+04
                       :       (kJ/mol)           -2.005780676057e+05
                       :           (eV)           -2.078845103852e+03
======================================================================


                                                                      
**********************************************************************
***                                                                ***
***                 Printing Molecular Properties                  ***
***                                                                ***
**********************************************************************
                                                                      
                                                                      
======================================================================
                               Molecule
----------------------------------------------------------------------
 Charge                :                                            0
 Multiplicity          :                                            1
----------------------------------------------------------------------
    N    Atom          :              x              y              z
----------------------------------------------------------------------
    0       O          :       0.000000       0.000000      -0.125000
    1       H          :      -1.437500       0.000000       1.025000
    2       H          :       1.437500       0.000000       1.025000
----------------------------------------------------------------------
 Center of mass        :       0.000000       0.000000       0.003683
 Gauge origin          :       0.000000       0.000000       0.003683
======================================================================


======================================================================
                           Orbital Energies
----------------------------------------------------------------------
    n  Occ Spin        :                                      Epsilon
----------------------------------------------------------------------
    0    2    p        :           (au)              -18.782961402002
    1    2    p        :           (au)               -0.892698452791
    2    2    p        :           (au)               -0.447021541210
    3    2    p        :           (au)               -0.303255086859
    4    2    p        :           (au)               -0.222581060353
----------------------------------------------------------------------
 Sum occupied          :           (au)              -41.297035086430
======================================================================


======================================================================
                           Molecular Energy
----------------------------------------------------------------------
 Kinetic energy        :           (au)               75.846573573185
 E-N energy            :           (au)             -198.725251434212
 Coulomb energy        :           (au)               46.762199622162
 Exchange energy       :           (au)                0.000000000000
 X-C energy            :           (au)               -9.318909037867
 Ext. field (el)       :           (au)                0.000000000000
 Ext. field (nuc)      :           (au)                0.000000000000
----------------------------------------------------------------------
 Electronic energy     :           (au)              -85.435387276732
 Nuclear energy        :           (au)                9.039235444235
----------------------------------------------------------------------
 Total energy          :           (au)           -7.639615183250e+01
                       :     (kcal/mol)           -4.793930867005e+04
                       :       (kJ/mol)           -2.005780676057e+05
                       :           (eV)           -2.078845103852e+03
======================================================================


======================================================================
                            Dipole Moment
----------------------------------------------------------------------
 Electronic vector     :       0.000001       0.000000      -0.233882
 Magnitude             :           (au)                      0.233882
                       :        (Debye)                      0.594470
----------------------------------------------------------------------
 Nuclear vector        :      -0.000000      -0.000000       1.013170
 Magnitude             :           (au)                      1.013170
                       :        (Debye)                      2.575221
----------------------------------------------------------------------
 Total vector          :       0.000001      -0.000000       0.779288
 Magnitude             :           (au)                      0.779288
                       :        (Debye)                      1.980751
======================================================================


======================================================================
                          Quadrupole Moment
----------------------------------------------------------------------
 Electronic tensor     :      -1.510386      -0.000000       0.000001
                       :      -0.000000       1.664417      -0.000000
                       :       0.000001      -0.000000      -0.154031
----------------------------------------------------------------------
 Nuclear tensor        :       3.023487       0.000000       0.000000
                       :       0.000000      -3.175732      -0.000000
                       :       0.000000      -0.000000       0.152245
----------------------------------------------------------------------
 Total tensor          :       1.513101       0.000000       0.000001
                       :       0.000000      -1.511315      -0.000000
                       :       0.000001      -0.000000      -0.001786
======================================================================


                                                                      
                                                                      
**********************************************************************
***                                                                ***
***                         Exiting MRChem                         ***
***                                                                ***
***                    Wall time :  0h  0m 36s                     ***
***                                                                ***
**********************************************************************
                                                                      
                                                                      
