                                                                           
                                                                           
***************************************************************************
***                                                                     ***
***                                                                     ***
***          __  __ ____   ____ _                                       ***
***         |  \/  |  _ \ / ___| |__   ___ _ __ ___                     ***
***         | |\/| | |_) | |   | '_ \ / _ \ '_ ` _ \                    ***
***         | |  | |  _ <| |___| | | |  __/ | | | | |                   ***
***         |_|  |_|_| \_\\____|_| |_|\___|_| |_| |_|                   ***
***                                                                     ***
***         VERSION            1.2.0-alpha                              ***
***                                                                     ***
***         Git branch         excited_states_solver                    ***
***         Git commit hash    837b038e35545bdeead6                     ***
***         Git commit author  Gabriel Gerez                            ***
***         Git commit date    Wed Jan 18 17:37:06 2023 +0100           ***
***                                                                     ***
***         Contact: luca.frediani@uit.no                               ***
***                                                                     ***
***         Radovan Bast            Magnar Bjorgve                      ***
***         Roberto Di Remigio      Antoine Durdek                      ***
***         Luca Frediani           Gabriel Gerez                       ***
***         Stig Rune Jensen        Jonas Juselius                      ***
***         Rune Monstad            Peter Wind                          ***
***                                                                     ***
***************************************************************************

---------------------------------------------------------------------------

 MPI processes           :       (no bank)                               1
 OpenMP threads          :                                              36
 Total cores             :                                              36
                                                                           
---------------------------------------------------------------------------

XCFun DFT library Copyright 2009-2020 Ulf Ekstrom and contributors.
See http://dftlibs.org/xcfun/ for more information.

This is free software; see the source code for copying conditions.
There is ABSOLUTELY NO WARRANTY; not even for MERCHANTABILITY or
FITNESS FOR A PARTICULAR PURPOSE. For details see the documentation.
Scientific users of this library should cite
U. Ekstrom, L. Visscher, R. Bast, A. J. Thorvaldsen and K. Ruud;
J.Chem.Theor.Comp. 2010, DOI: 10.1021/ct100117s

---------------------------------------------------------------------------

 MRCPP version         : 1.4.1
 Git branch            : HEAD
 Git commit hash       : 75d41879b1908a94a452
 Git commit author     : Stig Rune Jensen
 Git commit date       : Thu Jan 6 11:38:53 2022 +0100

 Linear algebra        : EIGEN v3.4.0
 Parallelization       : OpenMP (36 threads)

---------------------------------------------------------------------------


                                                                           
===========================================================================
                         MultiResolution Analysis
---------------------------------------------------------------------------
 polynomial order      : 7
 polynomial type       : Interpolating
---------------------------------------------------------------------------
 total boxes           : 8
 boxes                 : [          2           2           2 ]
 unit lengths          : [  128.00000   128.00000   128.00000 ]
 scaling factor        : [    1.00000     1.00000     1.00000 ]
 lower bounds          : [ -128.00000  -128.00000  -128.00000 ]
 upper bounds          : [  128.00000   128.00000   128.00000 ]
 total length          : [  256.00000   256.00000   256.00000 ]
===========================================================================


                                                                           
***************************************************************************
***                                                                     ***
***                        Initializing Molecule                        ***
***                                                                     ***
***************************************************************************
                                                                           
                                                                           
===========================================================================
                                 Molecule
---------------------------------------------------------------------------
 Charge                  :                                               0
 Multiplicity            :                                               1
---------------------------------------------------------------------------
    N    Atom            :               x               y               z
---------------------------------------------------------------------------
    0       H            :        0.000000        0.000000        0.000000
    1       H            :        0.000000        0.000000        1.400000
---------------------------------------------------------------------------
 Center of mass          :        0.000000        0.000000        0.700000
===========================================================================


                                                                           
***************************************************************************
***                                                                     ***
***                Computing Initial Guess Wavefunction                 ***
***                                                                     ***
***************************************************************************
                                                                           
                                                                           
~~~~~~~~~~~~~~~~~~~~~~~~~~~~~~~~~~~~~~~~~~~~~~~~~~~~~~~~~~~~~~~~~~~~~~~~~~~
 Calculation             : Compute initial orbitals
 Method                  : Project MW molecular orbitals
 Precision               : 1.00000e-04
 Restricted              : True
 MO file                 : initial_guess/phi_p_scf
~~~~~~~~~~~~~~~~~~~~~~~~~~~~~~~~~~~~~~~~~~~~~~~~~~~~~~~~~~~~~~~~~~~~~~~~~~~


===========================================================================
                            Molecular Orbitals
---------------------------------------------------------------------------
 Alpha electrons         :                                               1
 Beta electrons          :                                               1
 Total electrons         :                                               2
---------------------------------------------------------------------------
    n  Occ Spin          :                                            Norm
---------------------------------------------------------------------------
    0    2    p          :                              1.000000038380e+00
===========================================================================


~~~~~~~~~~~~~~~~~~~~~~~~~~~~~~~~~~~~~~~~~~~~~~~~~~~~~~~~~~~~~~~~~~~~~~~~~~~
 Calculation             : Compute initial energy
 Method                  : Hartree-Fock
 Relativity              : None
 Environment             : None
 External fields         : None
 Precision               : 1.00000e-04
 Localization            : Off
~~~~~~~~~~~~~~~~~~~~~~~~~~~~~~~~~~~~~~~~~~~~~~~~~~~~~~~~~~~~~~~~~~~~~~~~~~~


===========================================================================
                        Molecular Energy (initial)
---------------------------------------------------------------------------
 Kinetic energy          :            (au)                  1.126054924776
 E-N energy              :            (au)                 -3.632542552311
 Coulomb energy          :            (au)                  1.316974097662
 Exchange energy         :            (au)                 -0.658514623013
 X-C energy              :            (au)                  0.000000000000
 N-N energy              :            (au)                  0.714285714286
---------------------------------------------------------------------------
 Electronic energy       :            (au)                 -1.848028152885
 Nuclear energy          :            (au)                  0.714285714286
---------------------------------------------------------------------------
 Total energy            :            (au)             -1.133742438599e+00
                         :      (kcal/mol)             -7.114341213685e+02
                         :        (kJ/mol)             -2.976640363806e+03
                         :            (eV)             -3.085070340020e+01
===========================================================================


===========================================================================
                        Orbital Energies (initial)
---------------------------------------------------------------------------
    n  Occ Spin          :                                         Epsilon
---------------------------------------------------------------------------
    0    2    p          :            (au)                 -0.594784293463
---------------------------------------------------------------------------
 Sum occupied            :            (au)                 -1.189568586925
===========================================================================


                                                                           
***************************************************************************
***                                                                     ***
***           Optimizing Transition Orbitals and Frequencies            ***
***                                                                     ***
***************************************************************************
                                                                           
                                                                           
~~~~~~~~~~~~~~~~~~~~~~~~~~~~~~~~~~~~~~~~~~~~~~~~~~~~~~~~~~~~~~~~~~~~~~~~~~~
 Calculation             : Compute initial orbitals
 Method                  : Project cube file molecular orbitals
 Precision               : 1.00000e-03
 Restricted              : True
 MO file                 : cube_vectors/CUBE_x_p_exc_0_vector.json
~~~~~~~~~~~~~~~~~~~~~~~~~~~~~~~~~~~~~~~~~~~~~~~~~~~~~~~~~~~~~~~~~~~~~~~~~~~


===========================================================================
                            Molecular Orbitals
---------------------------------------------------------------------------
 Alpha electrons         :                                               1
 Beta electrons          :                                               1
 Total electrons         :                                               2
---------------------------------------------------------------------------
    n  Occ Spin          :                                            Norm
---------------------------------------------------------------------------
    0    2    p          :                              9.957811825833e-01
===========================================================================


~~~~~~~~~~~~~~~~~~~~~~~~~~~~~~~~~~~~~~~~~~~~~~~~~~~~~~~~~~~~~~~~~~~~~~~~~~~
 Calculation             : Optimize Transition Orbitals and Frequencies
 Guess frequency         : 0.47093 au
 Method                  : Hartree-Fock
 Relativity              : None
 Checkpointing           : Off
 Max iterations          : 100
 KAIN solver             : 5
 Start precision         : 1.00000e-05
 Final precision         : 1.00000e-05
 Helmholtz precision     : Dynamic
 Property threshold      : 1.00000e-04
 Orbital threshold       : 1.00000e-04
~~~~~~~~~~~~~~~~~~~~~~~~~~~~~~~~~~~~~~~~~~~~~~~~~~~~~~~~~~~~~~~~~~~~~~~~~~~


===========================================================================
 Iter           MO residual     Excited state energy                Update
---------------------------------------------------------------------------
    0          1.000000e+00           0.470929477229          4.709295e-01
    1          1.891606e-02           0.468180633637         -2.748844e-03
    2          4.398391e-03           0.468158974638         -2.165900e-05
    3          2.268754e-03           0.468150437339         -8.537299e-06
    4          1.259170e-03           0.468148087477         -2.349862e-06
    5          2.924887e-04           0.468147904684         -1.827932e-07
    6          9.247946e-05           0.468147899803         -4.880281e-09
---------------------------------------------------------------------------
                      SCF converged in 6 iterations!
===========================================================================


===========================================================================
                        Exciation energy (state 1)
---------------------------------------------------------------------------
 Wavelength              :            (nm)                       97.326833
 Frequency               :            (au)                        0.468148
                         :          (cm-1)                   102746.587733
---------------------------------------------------------------------------
===========================================================================


~~~~~~~~~~~~~~~~~~~~~~~~~~~~~~~~~~~~~~~~~~~~~~~~~~~~~~~~~~~~~~~~~~~~~~~~~~~
 Calculation             : Compute initial orbitals
 Method                  : Project cube file molecular orbitals
 Precision               : 1.00000e-03
 Restricted              : True
 MO file                 : cube_vectors/CUBE_x_p_exc_1_vector.json
~~~~~~~~~~~~~~~~~~~~~~~~~~~~~~~~~~~~~~~~~~~~~~~~~~~~~~~~~~~~~~~~~~~~~~~~~~~


===========================================================================
                            Molecular Orbitals
---------------------------------------------------------------------------
 Alpha electrons         :                                               1
 Beta electrons          :                                               1
 Total electrons         :                                               2
---------------------------------------------------------------------------
    n  Occ Spin          :                                            Norm
---------------------------------------------------------------------------
    0    2    p          :                              9.974310292951e-01
===========================================================================


~~~~~~~~~~~~~~~~~~~~~~~~~~~~~~~~~~~~~~~~~~~~~~~~~~~~~~~~~~~~~~~~~~~~~~~~~~~
 Calculation             : Optimize Transition Orbitals and Frequencies
 Guess frequency         : 0.48060 au
 Method                  : Hartree-Fock
 Relativity              : None
 Checkpointing           : Off
 Max iterations          : 100
 KAIN solver             : 5
 Start precision         : 1.00000e-05
 Final precision         : 1.00000e-05
 Helmholtz precision     : Dynamic
 Property threshold      : 1.00000e-04
 Orbital threshold       : 1.00000e-04
~~~~~~~~~~~~~~~~~~~~~~~~~~~~~~~~~~~~~~~~~~~~~~~~~~~~~~~~~~~~~~~~~~~~~~~~~~~


===========================================================================
 Iter           MO residual     Excited state energy                Update
---------------------------------------------------------------------------
    0          1.000000e+00           0.480598333426          4.805983e-01
    1          3.730053e-02           0.478019376059         -2.578957e-03
    2          1.021807e-02           0.477985680120         -3.369594e-05
    3          3.013382e-03           0.477982454065         -3.226055e-06
    4          1.026263e-03           0.477981912005         -5.420598e-07
    5          2.772281e-04           0.477981860087         -5.191750e-08
    6          8.777551e-05           0.477981853487         -6.600330e-09
---------------------------------------------------------------------------
                      SCF converged in 6 iterations!
===========================================================================


===========================================================================
                        Exciation energy (state 2)
---------------------------------------------------------------------------
 Wavelength              :            (nm)                       95.324440
 Frequency               :            (au)                        0.477982
                         :          (cm-1)                   104904.891092
---------------------------------------------------------------------------
===========================================================================


                                                                           
***************************************************************************
***                                                                     ***
***                    Printing Molecular Properties                    ***
***                                                                     ***
***************************************************************************
                                                                           
                                                                           
===========================================================================
                                 Molecule
---------------------------------------------------------------------------
 Charge                  :                                               0
 Multiplicity            :                                               1
---------------------------------------------------------------------------
    N    Atom            :               x               y               z
---------------------------------------------------------------------------
    0       H            :        0.000000        0.000000        0.000000
    1       H            :        0.000000        0.000000        1.400000
---------------------------------------------------------------------------
 Center of mass          :        0.000000        0.000000        0.700000
===========================================================================


===========================================================================
                         Molecular Energy (final)
---------------------------------------------------------------------------
 Kinetic energy          :            (au)                  1.126054924776
 E-N energy              :            (au)                 -3.632542552311
 Coulomb energy          :            (au)                  1.316974097662
 Exchange energy         :            (au)                 -0.658514623013
 X-C energy              :            (au)                  0.000000000000
 N-N energy              :            (au)                  0.714285714286
---------------------------------------------------------------------------
 Electronic energy       :            (au)                 -1.848028152885
 Nuclear energy          :            (au)                  0.714285714286
---------------------------------------------------------------------------
 Total energy            :            (au)             -1.133742438599e+00
                         :      (kcal/mol)             -7.114341213685e+02
                         :        (kJ/mol)             -2.976640363806e+03
                         :            (eV)             -3.085070340020e+01
===========================================================================


===========================================================================
                         Orbital Energies (final)
---------------------------------------------------------------------------
    n  Occ Spin          :                                         Epsilon
---------------------------------------------------------------------------
    0    2    p          :            (au)                 -0.594784293463
---------------------------------------------------------------------------
 Sum occupied            :            (au)                 -1.189568586925
===========================================================================


===========================================================================
                        Excitation Energies (final)
---------------------------------------------------------------------------
    r                    :                                           Omega
---------------------------------------------------------------------------
    1                    :            (au)                  0.468147899803
    2                    :            (au)                  0.477981853487
===========================================================================


===========================================================================
                           Dipole Moment (dip-1)
---------------------------------------------------------------------------
 r_O                     :        0.000000        0.000000        0.000000
---------------------------------------------------------------------------
 Electronic vector       :       -0.000000       -0.000000       -1.400004
 Magnitude               :            (au)                        1.400004
                         :         (Debye)                        3.558456
---------------------------------------------------------------------------
 Nuclear vector          :        0.000000        0.000000        1.400000
 Magnitude               :            (au)                        1.400000
                         :         (Debye)                        3.558445
---------------------------------------------------------------------------
 Total vector            :        0.000000        0.000000       -0.000004
 Magnitude               :            (au)                        0.000004
                         :         (Debye)                        0.000010
===========================================================================


                                                                           
                                                                           
***************************************************************************
***                                                                     ***
***                            Exiting MRChem                           ***
***                                                                     ***
***                       Wall time :  0h  0m 48s                       ***
***                                                                     ***
***************************************************************************
                                                                           
                                                                           
