                                                                           
                                                                           
***************************************************************************
***                                                                     ***
***                                                                     ***
***          __  __ ____   ____ _                                       ***
***         |  \/  |  _ \ / ___| |__   ___ _ __ ___                     ***
***         | |\/| | |_) | |   | '_ \ / _ \ '_ ` _ \                    ***
***         | |  | |  _ <| |___| | | |  __/ | | | | |                   ***
***         |_|  |_|_| \_\\____|_| |_|\___|_| |_| |_|                   ***
***                                                                     ***
***         VERSION            1.1.0-alpha                              ***
***                                                                     ***
***         Git branch         mrchem-gradient                          ***
***         Git commit hash    c6b193dd4223e5895077                     ***
***         Git commit author  Roberto Di Remigio                       ***
***         Git commit date    Fri Sep 25 22:32:15 2020 +0200           ***
***                                                                     ***
***         Contact: luca.frediani@uit.no                               ***
***                                                                     ***
***         Radovan Bast            Magnar Bjorgve                      ***
***         Roberto Di Remigio      Antoine Durdek                      ***
***         Luca Frediani           Gabriel Gerez                       ***
***         Stig Rune Jensen        Jonas Juselius                      ***
***         Rune Monstad            Peter Wind                          ***
***                                                                     ***
***************************************************************************

---------------------------------------------------------------------------

 MPI processes           :       (no bank)                               1
 OpenMP threads          :                                              20
 Total cores             :                                              20
                                                                           
---------------------------------------------------------------------------

XCFun DFT library Copyright 2009-2020 Ulf Ekstrom and contributors.
See http://dftlibs.org/xcfun/ for more information.

This is free software; see the source code for copying conditions.
There is ABSOLUTELY NO WARRANTY; not even for MERCHANTABILITY or
FITNESS FOR A PARTICULAR PURPOSE. For details see the documentation.
Scientific users of this library should cite
U. Ekstrom, L. Visscher, R. Bast, A. J. Thorvaldsen and K. Ruud;
J.Chem.Theor.Comp. 2010, DOI: 10.1021/ct100117s

---------------------------------------------------------------------------

 MRCPP version         : 1.3.1
 Git branch            : mrchem-gradient
 Git commit hash       : b79bdf06c3c82a53edb6
 Git commit author     : Roberto Di Remigio
 Git commit date       : Tue Sep 15 18:31:50 2020 +0200

 Linear algebra        : EIGEN v3.3.7
 Parallelization       : MPI/OpenMP

---------------------------------------------------------------------------


                                                                           
===========================================================================
                         MultiResolution Analysis
---------------------------------------------------------------------------
 polynomial order      : 5
 polynomial type       : Interpolating
---------------------------------------------------------------------------
 total boxes           : 8
 boxes                 : [          2           2           2 ]
 unit lengths          : [   64.00000    64.00000    64.00000 ]
 scaling factor        : [    1.00000     1.00000     1.00000 ]
 lower bounds          : [  -64.00000   -64.00000   -64.00000 ]
 upper bounds          : [   64.00000    64.00000    64.00000 ]
 total length          : [  128.00000   128.00000   128.00000 ]
===========================================================================


                                                                           
***************************************************************************
***                                                                     ***
***                        Initializing Molecule                        ***
***                                                                     ***
***************************************************************************
                                                                           
                                                                           
===========================================================================
                                 Molecule
---------------------------------------------------------------------------
 Charge                  :                                               0
 Multiplicity            :                                               1
---------------------------------------------------------------------------
    N    Atom            :               x               y               z
---------------------------------------------------------------------------
    0       F            :       -2.257974       -0.462275        0.644277
    1       H            :       -3.160577       -0.746598        2.092507
---------------------------------------------------------------------------
 Center of mass          :       -2.303448       -0.476600        0.717240
===========================================================================


                                                                           
***************************************************************************
***                                                                     ***
***                 Computing Ground State Wavefunction                 ***
***                                                                     ***
***************************************************************************
                                                                           
                                                                           
~~~~~~~~~~~~~~~~~~~~~~~~~~~~~~~~~~~~~~~~~~~~~~~~~~~~~~~~~~~~~~~~~~~~~~~~~~~
 Calculation             : Compute initial orbitals
 Method                  : Diagonalize Core Hamiltonian matrix
 Precision               : 1.00000e-03
 Restricted              : True
 AO basis                : Hydrogenic orbitals
 Zeta quality            : 2
~~~~~~~~~~~~~~~~~~~~~~~~~~~~~~~~~~~~~~~~~~~~~~~~~~~~~~~~~~~~~~~~~~~~~~~~~~~


===========================================================================
                            Molecular Orbitals
---------------------------------------------------------------------------
 Alpha electrons         :                                               5
 Beta electrons          :                                               5
 Total electrons         :                                              10
---------------------------------------------------------------------------
    n  Occ Spin          :                                            Norm
---------------------------------------------------------------------------
    0    2    p          :                              9.999841722039e-01
    1    2    p          :                              9.999998855754e-01
    2    2    p          :                              9.999999997975e-01
    3    2    p          :                              9.999741700805e-01
    4    2    p          :                              9.999890982265e-01
===========================================================================


~~~~~~~~~~~~~~~~~~~~~~~~~~~~~~~~~~~~~~~~~~~~~~~~~~~~~~~~~~~~~~~~~~~~~~~~~~~
 Calculation             : Compute initial energy
 Method                  : DFT (SVWN5)
 Precision               : 1.00000e-03
 Localization            : Off
~~~~~~~~~~~~~~~~~~~~~~~~~~~~~~~~~~~~~~~~~~~~~~~~~~~~~~~~~~~~~~~~~~~~~~~~~~~


===========================================================================
                        Molecular Energy (initial)
---------------------------------------------------------------------------
 Kinetic energy          :            (au)                166.837842368625
 E-N energy              :            (au)               -329.660395203858
 Coulomb energy          :            (au)                 94.639869654774
 Exchange energy         :            (au)                  0.000000000000
 X-C energy              :            (au)                -15.330418060057
 Ext. field (el)         :            (au)                  0.000000000000
---------------------------------------------------------------------------
 N-N energy              :            (au)                  5.202312141019
 Ext. field (nuc)        :            (au)                  0.000000000000
---------------------------------------------------------------------------
 Electronic energy       :            (au)                -83.513101240515
 Nuclear energy          :            (au)                  5.202312141019
---------------------------------------------------------------------------
 Total energy            :            (au)             -7.831078909950e+01
                         :      (kcal/mol)             -4.914076168480e+04
                         :        (kJ/mol)             -2.056049470226e+05
                         :            (eV)             -2.130945035756e+03
===========================================================================


===========================================================================
                        Orbital Energies (initial)
---------------------------------------------------------------------------
    n  Occ Spin          :                                         Epsilon
---------------------------------------------------------------------------
    0    2    p          :            (au)                -15.804628057934
    1    2    p          :            (au)                  4.315085735558
    2    2    p          :            (au)                  4.740087112024
    3    2    p          :            (au)                  4.771915799504
    4    2    p          :            (au)                  5.076927750576
---------------------------------------------------------------------------
 Sum occupied            :            (au)                  6.198776679454
===========================================================================


~~~~~~~~~~~~~~~~~~~~~~~~~~~~~~~~~~~~~~~~~~~~~~~~~~~~~~~~~~~~~~~~~~~~~~~~~~~
 Calculation             : Optimize ground state orbitals
 Method                  : DFT (SVWN5)
 Checkpointing           : Off
 Max iterations          : 100
 KAIN solver             : 5
 Localization            : Off
 Diagonalization         : First two iterations
 Start precision         : 1.00000e-03
 Final precision         : 1.00000e-03
 Helmholtz precision     : Dynamic
 Energy threshold        : Off
 Orbital threshold       : 1.00000e-02
~~~~~~~~~~~~~~~~~~~~~~~~~~~~~~~~~~~~~~~~~~~~~~~~~~~~~~~~~~~~~~~~~~~~~~~~~~~


===========================================================================
 Iter           MO residual             Total energy                Update
---------------------------------------------------------------------------
    0          2.236068e+00         -78.310789099496         -7.831079e+01
    1          1.215818e+00         -99.276953139320         -2.096616e+01
    2          4.093231e-01         -96.994834789653          2.282118e+00
    3          2.422113e-01         -97.043192372052         -4.835758e-02
    4          1.021590e-01         -97.070790621676         -2.759825e-02
    5          7.369410e-02         -97.151397725319         -8.060710e-02
    6          1.961729e-02         -97.211890002937         -6.049228e-02
    7          1.681670e-02         -97.257783126271         -4.589312e-02
    8          2.471446e-02         -97.343605691884         -8.582257e-02
    9          6.947978e-02         -97.530296892433         -1.866912e-01
   10          1.181096e-01         -97.689266768096         -1.589699e-01
   11          2.026853e-01         -98.129676189073         -4.404094e-01
   12          1.137875e-01         -99.168365286876         -1.038689e+00
   13          5.839920e-02         -99.678485608583         -5.101203e-01
   14          6.632943e-02         -99.725993150935         -4.750754e-02
   15          1.647542e-02         -99.813629899223         -8.763675e-02
---------------------------------------------------------------------------
                      SCF converged in 15 iterations!
===========================================================================


                                                                           
***************************************************************************
***                                                                     ***
***                    Printing Molecular Properties                    ***
***                                                                     ***
***************************************************************************
                                                                           
                                                                           
===========================================================================
                                 Molecule
---------------------------------------------------------------------------
 Charge                  :                                               0
 Multiplicity            :                                               1
---------------------------------------------------------------------------
    N    Atom            :               x               y               z
---------------------------------------------------------------------------
    0       F            :       -2.257974       -0.462275        0.644277
    1       H            :       -3.160577       -0.746598        2.092507
---------------------------------------------------------------------------
 Center of mass          :       -2.303448       -0.476600        0.717240
===========================================================================


===========================================================================
                         Molecular Energy (final)
---------------------------------------------------------------------------
 Kinetic energy          :            (au)                 99.308406936682
 E-N energy              :            (au)               -249.667784191413
 Coulomb energy          :            (au)                 55.484407860144
 Exchange energy         :            (au)                  0.000000000000
 X-C energy              :            (au)                -10.140972645655
 Ext. field (el)         :            (au)                  0.000000000000
---------------------------------------------------------------------------
 N-N energy              :            (au)                  5.202312141019
 Ext. field (nuc)        :            (au)                  0.000000000000
---------------------------------------------------------------------------
 Electronic energy       :            (au)               -105.015942040242
 Nuclear energy          :            (au)                  5.202312141019
---------------------------------------------------------------------------
 Total energy            :            (au)             -9.981362989922e+01
                         :      (kcal/mol)             -6.263399789702e+04
                         :        (kJ/mol)             -2.620606473712e+05
                         :            (eV)             -2.716067116426e+03
===========================================================================


===========================================================================
                         Orbital Energies (final)
---------------------------------------------------------------------------
    n  Occ Spin          :                                         Epsilon
---------------------------------------------------------------------------
    0    2    p          :            (au)                -24.083540383793
    1    2    p          :            (au)                 -1.079452968582
    2    2    p          :            (au)                 -0.498756289425
    3    2    p          :            (au)                 -0.359797223964
    4    2    p          :            (au)                 -0.357343346484
---------------------------------------------------------------------------
 Sum occupied            :            (au)                -52.757780424496
===========================================================================


===========================================================================
                           Dipole Moment (dip-1)
---------------------------------------------------------------------------
 r_O                     :        0.000000        0.000000        0.000000
---------------------------------------------------------------------------
 Electronic vector       :       23.113549        4.792871       -7.304658
 Magnitude               :            (au)                       24.709629
                         :         (Debye)                       62.805607
---------------------------------------------------------------------------
 Nuclear vector          :      -23.482344       -4.907073        7.890998
 Magnitude               :            (au)                       25.254063
                         :         (Debye)                       64.189420
---------------------------------------------------------------------------
 Total vector            :       -0.368795       -0.114203        0.586340
 Magnitude               :            (au)                        0.702031
                         :         (Debye)                        1.784384
===========================================================================


===========================================================================
                           Geometric Derivative
---------------------------------------------------------------------------
 Total                   :       -0.016706        0.074703       -0.209752
                         :        0.009298        0.002848       -0.019439
 Norm                    :            (au)                        0.224339
---------------------------------------------------------------------------
 Nuclear                 :       -1.568920       -0.494215        2.517339
                         :        1.568920        0.494215       -2.517339
 Norm                    :            (au)                        4.252705
---------------------------------------------------------------------------
 Electronic              :        1.552214        0.568918       -2.727091
                         :       -1.559622       -0.491367        2.497900
 Norm                    :            (au)                        4.368458
===========================================================================


                                                                           
                                                                           
***************************************************************************
***                                                                     ***
***                            Exiting MRChem                           ***
***                                                                     ***
***                       Wall time :  0h  0m 53s                       ***
***                                                                     ***
***************************************************************************
                                                                           
                                                                           
