                                                                           
                                                                           
***************************************************************************
***                                                                     ***
***                                                                     ***
***          __  __ ____   ____ _                                       ***
***         |  \/  |  _ \ / ___| |__   ___ _ __ ___                     ***
***         | |\/| | |_) | |   | '_ \ / _ \ '_ ` _ \                    ***
***         | |  | |  _ <| |___| | | |  __/ | | | | |                   ***
***         |_|  |_|_| \_\\____|_| |_|\___|_| |_| |_|                   ***
***                                                                     ***
***         VERSION            1.2.0-alpha                              ***
***                                                                     ***
***         Git branch         fix/magnetic                             ***
***         Git commit hash    220bd385634b1c9c4f48-dirty               ***
***         Git commit author  Stig Rune Jensen                         ***
***         Git commit date    Tue Jan 16 16:41:39 2024 +0100           ***
***                                                                     ***
***         Contact: luca.frediani@uit.no                               ***
***                                                                     ***
***         Radovan Bast            Magnar Bjorgve                      ***
***         Roberto Di Remigio      Antoine Durdek                      ***
***         Luca Frediani           Gabriel Gerez                       ***
***         Stig Rune Jensen        Jonas Juselius                      ***
***         Rune Monstad            Peter Wind                          ***
***                                                                     ***
***************************************************************************

---------------------------------------------------------------------------

 MPI processes           :       (no bank)                               1
 OpenMP threads          :                                               8
 Total cores             :                                               8
                                                                           
---------------------------------------------------------------------------

XCFun DFT library Copyright 2009-2020 Ulf Ekstrom and contributors.
See http://dftlibs.org/xcfun/ for more information.

This is free software; see the source code for copying conditions.
There is ABSOLUTELY NO WARRANTY; not even for MERCHANTABILITY or
FITNESS FOR A PARTICULAR PURPOSE. For details see the documentation.
Scientific users of this library should cite
U. Ekstrom, L. Visscher, R. Bast, A. J. Thorvaldsen and K. Ruud;
J.Chem.Theor.Comp. 2010, DOI: 10.1021/ct100117s

---------------------------------------------------------------------------

 MRCPP version         : 1.6.0-alpha
 Git branch            : HEAD
 Git commit hash       : f8def0a086da6410e5dd
 Git commit author     : Peter Wind
 Git commit date       : Sat Oct 21 13:32:25 2023 +0200

 Linear algebra        : EIGEN v3.4.0
 Parallelization       : OpenMP (8 threads)

---------------------------------------------------------------------------


                                                                           
===========================================================================
                         MultiResolution Analysis
---------------------------------------------------------------------------
 polynomial order      : 5
 polynomial type       : Interpolating
---------------------------------------------------------------------------
 total boxes           : 8
 boxes                 : [          2           2           2 ]
 unit lengths          : [   32.00000    32.00000    32.00000 ]
 scaling factor        : [    1.00000     1.00000     1.00000 ]
 lower bounds          : [  -32.00000   -32.00000   -32.00000 ]
 upper bounds          : [   32.00000    32.00000    32.00000 ]
 total length          : [   64.00000    64.00000    64.00000 ]
===========================================================================


                                                                           
***************************************************************************
***                                                                     ***
***                        Initializing Molecule                        ***
***                                                                     ***
***************************************************************************
                                                                           
                                                                           
===========================================================================
                                 Molecule
---------------------------------------------------------------------------
 Charge                  :                                               0
 Multiplicity            :                                               1
---------------------------------------------------------------------------
    N    Atom            :               x               y               z
---------------------------------------------------------------------------
    0       H            :        0.000000        0.000000       -0.700144
    1       H            :        0.000000        0.000000        0.700144
---------------------------------------------------------------------------
 Center of mass          :        0.000000        0.000000        0.000000
===========================================================================


                                                                           
***************************************************************************
***                                                                     ***
***                Computing Initial Guess Wavefunction                 ***
***                                                                     ***
***************************************************************************
                                                                           
                                                                           
~~~~~~~~~~~~~~~~~~~~~~~~~~~~~~~~~~~~~~~~~~~~~~~~~~~~~~~~~~~~~~~~~~~~~~~~~~~
 Calculation             : Compute initial orbitals
 Method                  : Project GTO molecular orbitals
 Precision               : 1.00000e-03
 Screening               : 1.20000e+01 StdDev
 Restricted              : False
 MO alpha file           : initial_guess/mrchem.moa
 MO beta file            : initial_guess/mrchem.mob
~~~~~~~~~~~~~~~~~~~~~~~~~~~~~~~~~~~~~~~~~~~~~~~~~~~~~~~~~~~~~~~~~~~~~~~~~~~


===========================================================================
                            Molecular Orbitals
---------------------------------------------------------------------------
 Alpha electrons         :                                               1
 Beta electrons          :                                               1
 Total electrons         :                                               2
---------------------------------------------------------------------------
    n  Occ Spin          :                                            Norm
---------------------------------------------------------------------------
    0    1    a          :                              9.999999041879e-01
    1    1    b          :                              9.999999041879e-01
===========================================================================


~~~~~~~~~~~~~~~~~~~~~~~~~~~~~~~~~~~~~~~~~~~~~~~~~~~~~~~~~~~~~~~~~~~~~~~~~~~
 Calculation             : Compute initial energy
 Method                  : DFT
 Relativity              : None
 Environment             : None
 External fields         : None
 Precision               : 1.00000e-03
 Localization            : Off
~~~~~~~~~~~~~~~~~~~~~~~~~~~~~~~~~~~~~~~~~~~~~~~~~~~~~~~~~~~~~~~~~~~~~~~~~~~


===========================================================================
                        Molecular Energy (initial)
---------------------------------------------------------------------------
 Kinetic energy          :            (au)                  1.073486065232
 E-N energy              :            (au)                 -3.566631555860
 Coulomb energy          :            (au)                  1.328363917978
 Exchange energy         :            (au)                  0.000000000000
 X-C energy              :            (au)                 -0.653870455417
 N-N energy              :            (au)                  0.714139285969
---------------------------------------------------------------------------
 Electronic energy       :            (au)                 -1.818652028066
 Nuclear energy          :            (au)                  0.714139285969
---------------------------------------------------------------------------
 Total energy            :            (au)             -1.104512742097e+00
                         :      (kcal/mol)             -6.930922098894e+02
                         :        (kJ/mol)             -2.899897806177e+03
                         :            (eV)             -3.005532283883e+01
===========================================================================


===========================================================================
                        Orbital Energies (initial)
---------------------------------------------------------------------------
    n  Occ Spin          :                                         Epsilon
---------------------------------------------------------------------------
    0    1    a          :            (au)                 -0.345283968292
    1    1    b          :            (au)                 -0.345283968292
---------------------------------------------------------------------------
 Sum occupied            :            (au)                 -0.690567936584
===========================================================================


                                                                           
***************************************************************************
***                                                                     ***
***               Computing Linear Response Wavefunction                ***
***                                                                     ***
***************************************************************************
                                                                           
                                                                           
~~~~~~~~~~~~~~~~~~~~~~~~~~~~~~~~~~~~~~~~~~~~~~~~~~~~~~~~~~~~~~~~~~~~~~~~~~~
 Calculation             : Compute initial orbitals
 Method                  : Zero guess
~~~~~~~~~~~~~~~~~~~~~~~~~~~~~~~~~~~~~~~~~~~~~~~~~~~~~~~~~~~~~~~~~~~~~~~~~~~


===========================================================================
                            Molecular Orbitals
---------------------------------------------------------------------------
 Alpha electrons         :                                               1
 Beta electrons          :                                               1
 Total electrons         :                                               2
---------------------------------------------------------------------------
    n  Occ Spin          :                                            Norm
---------------------------------------------------------------------------
    0    1    a          :                             -1.000000000000e+00
    1    1    b          :                             -1.000000000000e+00
===========================================================================


~~~~~~~~~~~~~~~~~~~~~~~~~~~~~~~~~~~~~~~~~~~~~~~~~~~~~~~~~~~~~~~~~~~~~~~~~~~
 Calculation             : Optimize linear response orbitals
 Frequency               : Static field
 Perturbation            : h_B_dip[x]
 Method                  : DFT
 Relativity              : None
 Checkpointing           : Off
 Max iterations          : 10
 KAIN solver             : 3
 Start precision         : 1.00000e-03
 Final precision         : 1.00000e-03
 Helmholtz precision     : Dynamic
 Property threshold      : Off
 Orbital threshold       : 1.00000e-02
~~~~~~~~~~~~~~~~~~~~~~~~~~~~~~~~~~~~~~~~~~~~~~~~~~~~~~~~~~~~~~~~~~~~~~~~~~~


===========================================================================
 Iter           MO residual       Symmetric property                Update
---------------------------------------------------------------------------
    0          1.000000e+00           0.000000000000          0.000000e+00
    1          8.780898e-02          -0.020433596781         -2.043360e-02
    2          2.040507e-02          -0.027068845752         -6.635249e-03
    3          6.574223e-04          -0.027301384939         -2.325392e-04
---------------------------------------------------------------------------
                      SCF converged in 3 iterations!
===========================================================================


~~~~~~~~~~~~~~~~~~~~~~~~~~~~~~~~~~~~~~~~~~~~~~~~~~~~~~~~~~~~~~~~~~~~~~~~~~~
 Calculation             : Compute initial orbitals
 Method                  : Zero guess
~~~~~~~~~~~~~~~~~~~~~~~~~~~~~~~~~~~~~~~~~~~~~~~~~~~~~~~~~~~~~~~~~~~~~~~~~~~


===========================================================================
                            Molecular Orbitals
---------------------------------------------------------------------------
 Alpha electrons         :                                               1
 Beta electrons          :                                               1
 Total electrons         :                                               2
---------------------------------------------------------------------------
    n  Occ Spin          :                                            Norm
---------------------------------------------------------------------------
    0    1    a          :                             -1.000000000000e+00
    1    1    b          :                             -1.000000000000e+00
===========================================================================


~~~~~~~~~~~~~~~~~~~~~~~~~~~~~~~~~~~~~~~~~~~~~~~~~~~~~~~~~~~~~~~~~~~~~~~~~~~
 Calculation             : Compute initial orbitals
 Method                  : Zero guess
~~~~~~~~~~~~~~~~~~~~~~~~~~~~~~~~~~~~~~~~~~~~~~~~~~~~~~~~~~~~~~~~~~~~~~~~~~~


===========================================================================
                            Molecular Orbitals
---------------------------------------------------------------------------
 Alpha electrons         :                                               1
 Beta electrons          :                                               1
 Total electrons         :                                               2
---------------------------------------------------------------------------
    n  Occ Spin          :                                            Norm
---------------------------------------------------------------------------
    0    1    a          :                             -1.000000000000e+00
    1    1    b          :                             -1.000000000000e+00
===========================================================================


                                                                           
***************************************************************************
***                                                                     ***
***                    Printing Molecular Properties                    ***
***                                                                     ***
***************************************************************************
                                                                           
                                                                           
===========================================================================
                                 Molecule
---------------------------------------------------------------------------
 Charge                  :                                               0
 Multiplicity            :                                               1
---------------------------------------------------------------------------
    N    Atom            :               x               y               z
---------------------------------------------------------------------------
    0       H            :        0.000000        0.000000       -0.700144
    1       H            :        0.000000        0.000000        0.700144
---------------------------------------------------------------------------
 Center of mass          :        0.000000        0.000000        0.000000
===========================================================================


===========================================================================
                         Molecular Energy (final)
---------------------------------------------------------------------------
 Kinetic energy          :            (au)                  1.073486065232
 E-N energy              :            (au)                 -3.566631555860
 Coulomb energy          :            (au)                  1.328363917978
 Exchange energy         :            (au)                  0.000000000000
 X-C energy              :            (au)                 -0.653870455417
 N-N energy              :            (au)                  0.714139285969
---------------------------------------------------------------------------
 Electronic energy       :            (au)                 -1.818652028066
 Nuclear energy          :            (au)                  0.714139285969
---------------------------------------------------------------------------
 Total energy            :            (au)             -1.104512742097e+00
                         :      (kcal/mol)             -6.930922098894e+02
                         :        (kJ/mol)             -2.899897806177e+03
                         :            (eV)             -3.005532283883e+01
===========================================================================


===========================================================================
                         Orbital Energies (final)
---------------------------------------------------------------------------
    n  Occ Spin          :                                         Epsilon
---------------------------------------------------------------------------
    0    1    a          :            (au)                 -0.345283968292
    1    1    b          :            (au)                 -0.345283968292
---------------------------------------------------------------------------
 Sum occupied            :            (au)                 -0.690567936584
===========================================================================


===========================================================================
                           Dipole Moment (dip-1)
---------------------------------------------------------------------------
 r_O                     :        0.000000        0.000000        0.000000
---------------------------------------------------------------------------
 Electronic vector       :       -0.000000       -0.000000        0.000023
 Magnitude               :            (au)                        0.000023
                         :         (Debye)                        0.000059
---------------------------------------------------------------------------
 Nuclear vector          :        0.000000        0.000000        0.000000
 Magnitude               :            (au)                        0.000000
                         :         (Debye)                        0.000000
---------------------------------------------------------------------------
 Total vector            :        0.000000        0.000000        0.000023
 Magnitude               :            (au)                        0.000023
                         :         (Debye)                        0.000059
===========================================================================


===========================================================================
                      Magnetizability (mag-0.000000)
---------------------------------------------------------------------------
 Frequency               :            (au)                        0.000000
                         :          (cm-1)                        0.000000
 r_O                     :        0.000000        0.000000        0.000000
---------------------------------------------------------------------------
 Diamagnetic             :       -0.913111       -0.000000        0.000000
                         :       -0.000000       -0.913111        0.000000
                         :        0.000000        0.000000       -0.772210
 Isotropic average       :            (au)                       -0.866144
                         :            (SI)                      -68.377861
---------------------------------------------------------------------------
 Paramagnetic            :        0.027301        0.000000       -0.000000
                         :             N/A             N/A             N/A
                         :             N/A             N/A             N/A
 Isotropic average       :            (au)                             N/A
                         :            (SI)                             N/A
---------------------------------------------------------------------------
 Total tensor            :       -0.885810        0.000000       -0.000000
                         :             N/A             N/A             N/A
                         :             N/A             N/A             N/A
 Isotropic average       :            (au)                             N/A
                         :            (SI)                             N/A
===========================================================================


===========================================================================
                          NMR shielding (nmr-0h)
---------------------------------------------------------------------------
 r_O                     :        0.000000        0.000000        0.000000
 r_K                     :        0.000000        0.000000       -0.700144
---------------------------------------------------------------------------
 Diamagnetic             :       25.527088       -0.000000       -0.000000
                         :        0.000000       25.527088       -0.000000
                         :       -0.000000       -0.000000       26.747535
---------------------------------------------------------------------------
 Paramagnetic            :        0.550389       -0.000000        0.000000
                         :             N/A             N/A             N/A
                         :             N/A             N/A             N/A
---------------------------------------------------------------------------
 Total tensor            :       26.077476       -0.000000        0.000000
                         :             N/A             N/A             N/A
                         :             N/A             N/A             N/A
---------------------------------------------------------------------------
 Diagonalized tensor     :             N/A             N/A             N/A
 Isotropic average       :           (ppm)                             N/A
 Anisotropy              :           (ppm)                             N/A
===========================================================================


                                                                           
                                                                           
***************************************************************************
***                                                                     ***
***                            Exiting MRChem                           ***
***                                                                     ***
***                       Wall time :  0h  0m  9s                       ***
***                                                                     ***
***************************************************************************
                                                                           
                                                                           
