


************************************************************
***     __  __ ____   ____ _                             ***
***    |  \/  |  _ \ / ___| |__   ___ _ __ ___           ***
***    | |\/| | |_) | |   | '_ \ / _ \ '_ ` _ \          ***
***    | |  | |  _ <| |___| | | |  __/ | | | | |         ***
***    |_|  |_|_| \_\\____|_| |_|\___|_| |_| |_|         ***
***                                                      ***
***    VERSION 0.0.1 (rev. ac175b4)                      ***
***                                                      ***
***    Stig Rune Jensen <stig.r.jensen@uit.no>           ***
***    Luca Frediani    <luca.frediani@uit.no>           ***
***    Peter Wind       <peter.wind@uit.no>              ***
***                                                      ***
************************************************************


+++ Parallel execution: 
  MPI hosts available     : 1
  Threads/host            : 4
  Total used CPUs         : 4


------------------------------------------------------------

 MRCPP version   : X.Y.Z
 Git revision    : 0d899f8

 Linear algebra  : EIGEN
 Parallelization : OpenMP

------------------------------------------------------------




============================================================
                  MultiResolution Analysis                  
------------------------------------------------------------
 polynomial order = 8
 polynomial type  = Interpolating
------------------------------------------------------------
 total boxes      = 8
 boxes            = [           2           2           2 ]
 unit lengths     = [    32.00000    32.00000    32.00000 ]
 scaling factor   = [     1.00000     1.00000     1.00000 ]
 lower bounds     = [   -32.00000   -32.00000   -32.00000 ]
 upper bounds     = [    32.00000    32.00000    32.00000 ]
 total length     = [    64.00000    64.00000    64.00000 ]
============================================================


i run a string
============================================================
                          Molecule
------------------------------------------------------------
 Nr  Element             x             y             z      
------------------------------------------------------------
  1     Li          0.00000e+00   0.00000e+00   0.00000e+00
------------------------------------------------------------
 Center of mass:    0.00000e+00   0.00000e+00   0.00000e+00
============================================================


============================================================
                Setting up nuclear potential
------------------------------------------------------------
 Nr  Element         Charge        Precision     Smoothing 
------------------------------------------------------------
  1     Li           3.00000e+00   1.00000e-05   5.63587e-04
------------------------------------------------------------
 Projecting potential                 1032      2.73370e-01
============================================================


============================================================
                Setting up nuclear potential
------------------------------------------------------------
 Nr  Element         Charge        Precision     Smoothing 
------------------------------------------------------------
  1     Li           3.00000e+00   1.00000e-05   5.63587e-04
------------------------------------------------------------
 Projecting potential                 1032      2.82052e-01
============================================================


============================================================
              Projecting Gaussian-type density
------------------------------------------------------------
 Nr  Element                                 Rho_i
------------------------------------------------------------
  0     Li                            2.999999999995785e+00
------------------------------------------------------------
                 Wall time: 2.31844e+01 sec 
============================================================


============================================================
                  Projecting Hydrogen AOs
------------------------------------------------------------
    N    Atom   Label                     SquareNorm
------------------------------------------------------------
    1    Li1     1s                   1.000000000117468e+00
    2    Li1     2s                   1.000000000236291e+00
    3    Li1     2p                   9.999999999984689e-01
    4    Li1     2p                   9.999999999984689e-01
    5    Li1     2p                   9.999999999984689e-01
    6    Li1     3s                   1.000000000069046e+00
    7    Li1     3p                   9.999999999950161e-01
    8    Li1     3p                   9.999999999950161e-01
    9    Li1     3p                   9.999999999950162e-01
------------------------------------------------------------
                 Wall time: 8.15421e-01 sec 
============================================================


============================================================
                  Setting up Fock operator
------------------------------------------------------------
 Coulomb potential                     328      3.90487e+00
 XC evaluate xcfun                     912      1.12077e+00
 XC energy                             456      1.20378e-04
 XC potential                          456      1.00716e-02
------------------------------------------------------------
                 Wall time: 5.03769e+00 sec 
============================================================


============================================================
                  Diagonalize Fock matrix
------------------------------------------------------------
 Compute Fock matrix                            4.99981e+00
 Diagonalize Fock matrix                        4.25770e-05
 Rotate orbitals                                5.73564e-02
------------------------------------------------------------
                 Wall time: 5.05943e+00 sec 
============================================================


============================================================
 OrbitalVector:   1 orbitals     1 occupied     2 electrons
------------------------------------------------------------
   n  RankID           Norm          Spin Occ      Error    
------------------------------------------------------------
   0     0       1.000000000000e+00    p   2    1.00000e+00
============================================================


============================================================
                  Setting up Fock operator
------------------------------------------------------------
 Precision                                      1.00000e-05
------------------------------------------------------------
 Coulomb density                       584      1.31828e-01
 Coulomb potential                     328      3.45154e+00
 Hartree-Fock exchange                 584      3.54316e+00
------------------------------------------------------------
                 Wall time: 7.12684e+00 sec 
============================================================


============================================================
                  Calculating Fock matrix
------------------------------------------------------------
 Kinetic part                         2.816131370000000e-01
 Potential part                       4.761454510000001e-01
------------------------------------------------------------
                 Wall time: 7.57951e-01 sec 
============================================================




####################### SCF cycle  1 #######################


============================================================
 Current precision                              1.00000e-05
------------------------------------------------------------
 Orbital threshold                              1.00000e-03
 Property threshold                             1.00000e-06
============================================================


============================================================
                  Digonalizing Fock matrix
------------------------------------------------------------
 Computing Lowdin matrix                        2.52440e-03
 Diagonalizing matrix                           4.11600e-06
 Rotating orbitals                              6.52149e-02
------------------------------------------------------------
                 Wall time: 6.79078e-02 sec 
============================================================


============================================================
                   Calculating SCF energy
------------------------------------------------------------
 Nuclear energy                       0.000000000000000e+00
 Electronic energy                   -7.190358346513702e+00
------------------------------------------------------------
 Total energy                        -7.190358346513702e+00
------------------------------------------------------------
                 Wall time: 3.80702e-01 sec 
============================================================


============================================================
                Applying Helmholtz operators
------------------------------------------------------------
 Orb    RealNorm   Nodes     ImagNorm   Nodes     Timing
------------------------------------------------------------
  0    1.01245e+00   520    0.00000e+00     0   8.54033e+00
------------------------------------------------------------
                 Wall time: 8.54607e+00 sec 
============================================================


============================================================
                  Setting up Fock operator
------------------------------------------------------------
 Precision                                      1.00000e-05
------------------------------------------------------------
 Coulomb density                       584      1.37452e-01
 Coulomb potential                     328      3.78107e+00
 Hartree-Fock exchange                 520      3.66044e+00
------------------------------------------------------------
                 Wall time: 7.58066e+00 sec 
============================================================


============================================================
                  Calculating Fock matrix
------------------------------------------------------------
 Kinetic part                         3.114958360000000e-01
 Potential part                       4.164911780000000e-01
------------------------------------------------------------
                 Wall time: 7.28111e-01 sec 
============================================================


============================================================
                          Orbitals
------------------------------------------------------------
 Orb    F(i,i)        Error         nNodes  Spin  Occ  Done 
------------------------------------------------------------
  0  -2.78680e+00   5.82340e-02        520    p    2    0
------------------------------------------------------------
 Total error:                            5.82340e-02    0
============================================================


============================================================
                    Energy                 Update      Done 
------------------------------------------------------------
 Orbital      -5.523659604734175e+00    -5.52366e+00    0
 Kinetic       7.674457243523424e+00     7.67446e+00    0
 N-E          -1.653151433181665e+01    -1.65315e+01    0
 Coulomb       3.333397281439600e+00     3.33340e+00    0
 Exchange     -1.666698539660073e+00    -1.66670e+00    0
 X-C           0.000000000000000e+00     0.00000e+00    1
------------------------------------------------------------
 Electronic   -7.190358346513702e+00    -7.19036e+00    0
 Nuclear       0.000000000000000e+00     0.00000e+00    1
------------------------------------------------------------
 Total        -7.190358346513702e+00    -7.19036e+00    0
============================================================


################ Wall time: 1.75263e+01 sec ################




####################### SCF cycle  2 #######################


============================================================
 Current precision                              1.00000e-05
------------------------------------------------------------
 Orbital threshold                              1.00000e-03
 Property threshold                             1.00000e-06
============================================================


============================================================
                  Digonalizing Fock matrix
------------------------------------------------------------
 Computing Lowdin matrix                        2.63757e-03
 Diagonalizing matrix                           3.46700e-06
 Rotating orbitals                              6.04982e-02
------------------------------------------------------------
                 Wall time: 6.32682e-02 sec 
============================================================


============================================================
                   Calculating SCF energy
------------------------------------------------------------
 Nuclear energy                       0.000000000000000e+00
 Electronic energy                   -7.233210906438162e+00
------------------------------------------------------------
 Total energy                        -7.233210906438162e+00
------------------------------------------------------------
                 Wall time: 3.52477e-01 sec 
============================================================


============================================================
                Applying Helmholtz operators
------------------------------------------------------------
 Orb    RealNorm   Nodes     ImagNorm   Nodes     Timing
------------------------------------------------------------
  0    1.00360e+00   520    0.00000e+00     0   8.32366e+00
------------------------------------------------------------
                 Wall time: 8.32542e+00 sec 
============================================================


============================================================
                  Setting up Fock operator
------------------------------------------------------------
 Precision                                      1.00000e-05
------------------------------------------------------------
 Coulomb density                       584      1.42884e-01
 Coulomb potential                     328      3.37770e+00
 Hartree-Fock exchange                 520      3.55707e+00
------------------------------------------------------------
                 Wall time: 7.07805e+00 sec 
============================================================


============================================================
                  Calculating Fock matrix
------------------------------------------------------------
 Kinetic part                         3.182432850000000e-01
 Potential part                       3.513149720000000e-01
------------------------------------------------------------
                 Wall time: 6.69715e-01 sec 
============================================================


============================================================
                          Orbitals
------------------------------------------------------------
 Orb    F(i,i)        Error         nNodes  Spin  Occ  Done 
------------------------------------------------------------
  0  -2.79031e+00   1.35578e-02        520    p    2    0
------------------------------------------------------------
 Total error:                            1.35578e-02    0
============================================================


============================================================
                    Energy                 Update      Done 
------------------------------------------------------------
 Orbital      -5.573595882996678e+00    -4.99363e-02    0
 Kinetic       7.385641620150825e+00    -2.88816e-01    0
 N-E          -1.627846755003047e+01     2.53047e-01    0
 Coulomb       3.319229814883669e+00    -1.41675e-02    0
 Exchange     -1.659614791442185e+00     7.08375e-03    0
 X-C           0.000000000000000e+00     0.00000e+00    1
------------------------------------------------------------
 Electronic   -7.233210906438162e+00    -4.28526e-02    0
 Nuclear       0.000000000000000e+00     0.00000e+00    1
------------------------------------------------------------
 Total        -7.233210906438162e+00    -4.28526e-02    0
============================================================


################ Wall time: 1.66470e+01 sec ################




####################### SCF cycle  3 #######################


============================================================
 Current precision                              1.00000e-05
------------------------------------------------------------
 Orbital threshold                              1.00000e-03
 Property threshold                             1.00000e-06
============================================================


============================================================
                   Calculating SCF energy
------------------------------------------------------------
 Nuclear energy                       0.000000000000000e+00
 Electronic energy                   -7.236107325836126e+00
------------------------------------------------------------
 Total energy                        -7.236107325836126e+00
------------------------------------------------------------
                 Wall time: 3.96158e-01 sec 
============================================================


============================================================
                Applying Helmholtz operators
------------------------------------------------------------
 Orb    RealNorm   Nodes     ImagNorm   Nodes     Timing
------------------------------------------------------------
  0    1.00137e+00   520    0.00000e+00     0   9.00486e+00
------------------------------------------------------------
                 Wall time: 9.00816e+00 sec 
============================================================


============================================================
                  Setting up Fock operator
------------------------------------------------------------
 Precision                                      1.00000e-05
------------------------------------------------------------
 Coulomb density                       584      1.41327e-01
 Coulomb potential                     328      3.25755e+00
 Hartree-Fock exchange                 520      3.46729e+00
------------------------------------------------------------
                 Wall time: 6.86659e+00 sec 
============================================================


============================================================
                  Calculating Fock matrix
------------------------------------------------------------
 Kinetic part                         4.035652550000000e-01
 Potential part                       3.659177290000000e-01
------------------------------------------------------------
                 Wall time: 7.69605e-01 sec 
============================================================


============================================================
                          Orbitals
------------------------------------------------------------
 Orb    F(i,i)        Error         nNodes  Spin  Occ  Done 
------------------------------------------------------------
  0  -2.79147e+00   3.49963e-03        520    p    2    0
------------------------------------------------------------
 Total error:                            3.49963e-03    0
============================================================


============================================================
                    Energy                 Update      Done 
------------------------------------------------------------
 Orbital      -5.580627320069037e+00    -7.03144e-03    0
 Kinetic       7.295045419721658e+00    -9.05962e-02    0
 N-E          -1.618663275132487e+01     9.18348e-02    0
 Coulomb       3.310959856726758e+00    -8.26996e-03    0
 Exchange     -1.655479850959669e+00     4.13494e-03    0
 X-C           0.000000000000000e+00     0.00000e+00    1
------------------------------------------------------------
 Electronic   -7.236107325836126e+00    -2.89642e-03    0
 Nuclear       0.000000000000000e+00     0.00000e+00    1
------------------------------------------------------------
 Total        -7.236107325836126e+00    -2.89642e-03    0
============================================================


################ Wall time: 1.71712e+01 sec ################




####################### SCF cycle  4 #######################


============================================================
 Current precision                              1.00000e-05
------------------------------------------------------------
 Orbital threshold                              1.00000e-03
 Property threshold                             1.00000e-06
============================================================


============================================================
                   Calculating SCF energy
------------------------------------------------------------
 Nuclear energy                       0.000000000000000e+00
 Electronic energy                   -7.236377742559172e+00
------------------------------------------------------------
 Total energy                        -7.236377742559172e+00
------------------------------------------------------------
                 Wall time: 3.90370e-01 sec 
============================================================


============================================================
                Applying Helmholtz operators
------------------------------------------------------------
 Orb    RealNorm   Nodes     ImagNorm   Nodes     Timing
------------------------------------------------------------
  0    1.00055e+00   520    0.00000e+00     0   8.36896e+00
------------------------------------------------------------
                 Wall time: 8.37071e+00 sec 
============================================================


============================================================
                  Setting up Fock operator
------------------------------------------------------------
 Precision                                      1.00000e-05
------------------------------------------------------------
 Coulomb density                       584      1.27170e-01
 Coulomb potential                     328      3.24828e+00
 Hartree-Fock exchange                 520      3.26425e+00
------------------------------------------------------------
                 Wall time: 6.64012e+00 sec 
============================================================


============================================================
                  Calculating Fock matrix
------------------------------------------------------------
 Kinetic part                         2.990932090000000e-01
 Potential part                       3.205608110000000e-01
------------------------------------------------------------
                 Wall time: 6.19801e-01 sec 
============================================================


============================================================
                          Orbitals
------------------------------------------------------------
 Orb    F(i,i)        Error         nNodes  Spin  Occ  Done 
------------------------------------------------------------
  0  -2.79197e+00   9.82695e-04        520    p    2    1
------------------------------------------------------------
 Total error:                            9.82695e-04    1
============================================================


============================================================
                    Energy                 Update      Done 
------------------------------------------------------------
 Orbital      -5.582937990646496e+00    -2.31067e-03    0
 Kinetic       7.260166693195576e+00    -3.48787e-02    0
 N-E          -1.614998418766742e+01     3.66486e-02    0
 Coulomb       3.306879422643902e+00    -4.08043e-03    0
 Exchange     -1.653439670731225e+00     2.04018e-03    0
 X-C           0.000000000000000e+00     0.00000e+00    1
------------------------------------------------------------
 Electronic   -7.236377742559172e+00    -2.70417e-04    0
 Nuclear       0.000000000000000e+00     0.00000e+00    1
------------------------------------------------------------
 Total        -7.236377742559172e+00    -2.70417e-04    0
============================================================


################ Wall time: 1.61184e+01 sec ################




####################### SCF cycle  5 #######################


============================================================
 Current precision                              1.00000e-05
------------------------------------------------------------
 Orbital threshold                              1.00000e-03
 Property threshold                             1.00000e-06
============================================================


============================================================
                   Calculating SCF energy
------------------------------------------------------------
 Nuclear energy                       0.000000000000000e+00
 Electronic energy                   -7.236409042527082e+00
------------------------------------------------------------
 Total energy                        -7.236409042527082e+00
------------------------------------------------------------
                 Wall time: 3.87032e-01 sec 
============================================================


============================================================
                Applying Helmholtz operators
------------------------------------------------------------
 Orb    RealNorm   Nodes     ImagNorm   Nodes     Timing
------------------------------------------------------------
  0    1.00022e+00   520    0.00000e+00     0   7.70157e+00
------------------------------------------------------------
                 Wall time: 7.70305e+00 sec 
============================================================


============================================================
                  Setting up Fock operator
------------------------------------------------------------
 Precision                                      1.00000e-05
------------------------------------------------------------
 Coulomb density                       584      1.27105e-01
 Coulomb potential                     328      3.12023e+00
 Hartree-Fock exchange                 520      3.29166e+00
------------------------------------------------------------
                 Wall time: 6.53946e+00 sec 
============================================================


============================================================
                  Calculating Fock matrix
------------------------------------------------------------
 Kinetic part                         3.030140390000000e-01
 Potential part                       3.227551830000000e-01
------------------------------------------------------------
                 Wall time: 6.25919e-01 sec 
============================================================


============================================================
                          Orbitals
------------------------------------------------------------
 Orb    F(i,i)        Error         nNodes  Spin  Occ  Done 
------------------------------------------------------------
  0  -2.79219e+00   3.09650e-04        520    p    2    1
------------------------------------------------------------
 Total error:                            3.09650e-04    1
============================================================


============================================================
                    Energy                 Update      Done 
------------------------------------------------------------
 Orbital      -5.583940008564797e+00    -1.00202e-03    0
 Kinetic       7.246086646850097e+00    -1.40800e-02    0
 N-E          -1.613496472333946e+01     1.50195e-02    0
 Coulomb       3.304937972622102e+00    -1.94145e-03    0
 Exchange     -1.652468938659816e+00     9.70732e-04    0
 X-C           0.000000000000000e+00     0.00000e+00    1
------------------------------------------------------------
 Electronic   -7.236409042527082e+00    -3.13000e-05    0
 Nuclear       0.000000000000000e+00     0.00000e+00    1
------------------------------------------------------------
 Total        -7.236409042527082e+00    -3.13000e-05    0
============================================================


################ Wall time: 1.53509e+01 sec ################




####################### SCF cycle  6 #######################


============================================================
 Current precision                              1.00000e-05
------------------------------------------------------------
 Orbital threshold                              1.00000e-03
 Property threshold                             1.00000e-06
============================================================


============================================================
                   Calculating SCF energy
------------------------------------------------------------
 Nuclear energy                       0.000000000000000e+00
 Electronic energy                   -7.236413212753187e+00
------------------------------------------------------------
 Total energy                        -7.236413212753187e+00
------------------------------------------------------------
                 Wall time: 3.93486e-01 sec 
============================================================


============================================================
                Applying Helmholtz operators
------------------------------------------------------------
 Orb    RealNorm   Nodes     ImagNorm   Nodes     Timing
------------------------------------------------------------
  0    1.00009e+00   520    0.00000e+00     0   7.50296e+00
------------------------------------------------------------
                 Wall time: 7.50419e+00 sec 
============================================================


============================================================
                  Setting up Fock operator
------------------------------------------------------------
 Precision                                      1.00000e-05
------------------------------------------------------------
 Coulomb density                       584      1.28111e-01
 Coulomb potential                     328      3.52687e+00
 Hartree-Fock exchange                 520      3.75799e+00
------------------------------------------------------------
                 Wall time: 7.41334e+00 sec 
============================================================


============================================================
                  Calculating Fock matrix
------------------------------------------------------------
 Kinetic part                         3.102270070000000e-01
 Potential part                       3.341749790000000e-01
------------------------------------------------------------
                 Wall time: 6.44540e-01 sec 
============================================================


============================================================
                          Orbitals
------------------------------------------------------------
 Orb    F(i,i)        Error         nNodes  Spin  Occ  Done 
------------------------------------------------------------
  0  -2.79229e+00   1.10616e-04        520    p    2    1
------------------------------------------------------------
 Total error:                            1.10616e-04    1
============================================================


============================================================
                    Energy                 Update      Done 
------------------------------------------------------------
 Orbital      -5.584387407740252e+00    -4.47399e-04    0
 Kinetic       7.240347245798676e+00    -5.73940e-03    0
 N-E          -1.612878626356480e+01     6.17846e-03    0
 Coulomb       3.304051513869784e+00    -8.86459e-04    0
 Exchange     -1.652025708856849e+00     4.43230e-04    0
 X-C           0.000000000000000e+00     0.00000e+00    1
------------------------------------------------------------
 Electronic   -7.236413212753187e+00    -4.17023e-06    1
 Nuclear       0.000000000000000e+00     0.00000e+00    1
------------------------------------------------------------
 Total        -7.236413212753187e+00    -4.17023e-06    1
============================================================


################ Wall time: 1.60546e+01 sec ################


============================================================
                      Convergence rate
------------------------------------------------------------
Iter    OrbError       Property                   Update  
------------------------------------------------------------
  1    5.82340e-02    -7.190358346513702e+00   -7.19036e+00
  2    1.35578e-02    -7.233210906438162e+00   -4.28526e-02
  3    3.49963e-03    -7.236107325836126e+00   -2.89642e-03
  4    9.82695e-04    -7.236377742559172e+00   -2.70417e-04
  5    3.09650e-04    -7.236409042527082e+00   -3.13000e-05
  6    1.10616e-04    -7.236413212753187e+00   -4.17023e-06
------------------------------------------------------------
                      SCF converged!!!                      
============================================================


============================================================
                  Digonalizing Fock matrix
------------------------------------------------------------
 Computing Lowdin matrix                        2.53948e-03
 Diagonalizing matrix                           5.06000e-06
 Rotating orbitals                              8.96725e-02
------------------------------------------------------------
                 Wall time: 9.23798e-02 sec 
============================================================


============================================================
                  Setting up Fock operator
------------------------------------------------------------
 Precision                                      1.00000e-05
------------------------------------------------------------
 Coulomb density                       584      1.87337e-01
 Coulomb potential                     328      3.18906e+00
 Hartree-Fock exchange                 520      3.34980e+00
------------------------------------------------------------
                 Wall time: 6.72655e+00 sec 
============================================================


============================================================
                   Calculating SCF energy
------------------------------------------------------------
------------------------------------------------------------
                 Wall time: 4.67908e-01 sec 
============================================================


============================================================
                        Fock matrix
------------------------------------------------------------
-2.79229e+00
============================================================


============================================================
                      Orbital energies
------------------------------------------------------------
    n  spin  occ                            epsilon  
------------------------------------------------------------
    0    p    2                      -2.792291584792245e+00
============================================================


============================================================
                          Molecule
------------------------------------------------------------
 Nr  Element             x             y             z      
------------------------------------------------------------
  1     Li          0.00000e+00   0.00000e+00   0.00000e+00
------------------------------------------------------------
 Center of mass:    0.00000e+00   0.00000e+00   0.00000e+00
============================================================


                                                            
============================================================
                         SCF Energy                         
------------------------------------------------------------
                                                            
 Sum orbital energy:                 -5.584583169584491e+00
 Kinetic energy:                      7.238010268260453e+00
 E-N energy:                         -1.612625473113416e+01
 Coulomb energy:                      3.303661197273527e+00
 Exchange energy:                    -1.651830550628918e+00
 X-C energy:                          0.000000000000000e+00
 El. External field energy:           0.000000000000000e+00
 Nuc. External field energy:          0.000000000000000e+00
 Reac. field energy:                  0.000000000000000e+00
 Reac. field el. energy:              0.000000000000000e+00
 Reac. field nuc. energy:             0.000000000000000e+00
                                                            
------------------------------------------------------------
                                                            
 Electronic energy:                  -7.236413816229099e+00
 Nuclear energy:                      0.000000000000000e+00
                                                            
------------------------------------------------------------
                                                            
 Total energy       (au)             -7.236413816229099e+00
                    (kJ/mol)         -1.899920172467225e+04
                    (kcal/mol)       -4.540918191286185e+03
                    (eV)             -1.969128427345500e+02
                                                            
============================================================
                                                            



************************************************************
***                                                      ***
***                    Exiting MRChem                    ***
***                                                      ***
***               Wall time: 1.493313e+02                ***
***                                                      ***
************************************************************


