                                                                           
                                                                           
***************************************************************************
***                                                                     ***
***                                                                     ***
***          __  __ ____   ____ _                                       ***
***         |  \/  |  _ \ / ___| |__   ___ _ __ ___                     ***
***         | |\/| | |_) | |   | '_ \ / _ \ '_ ` _ \                    ***
***         | |  | |  _ <| |___| | | |  __/ | | | | |                   ***
***         |_|  |_|_| \_\\____|_| |_|\___|_| |_| |_|                   ***
***                                                                     ***
***         VERSION            1.1.0-alpha                              ***
***                                                                     ***
***         Git branch         mrchem-gradient                          ***
***         Git commit hash    c6b193dd4223e5895077                     ***
***         Git commit author  Roberto Di Remigio                       ***
***         Git commit date    Fri Sep 25 22:32:15 2020 +0200           ***
***                                                                     ***
***         Contact: luca.frediani@uit.no                               ***
***                                                                     ***
***         Radovan Bast            Magnar Bjorgve                      ***
***         Roberto Di Remigio      Antoine Durdek                      ***
***         Luca Frediani           Gabriel Gerez                       ***
***         Stig Rune Jensen        Jonas Juselius                      ***
***         Rune Monstad            Peter Wind                          ***
***                                                                     ***
***************************************************************************

---------------------------------------------------------------------------

 MPI processes           :       (no bank)                               1
 OpenMP threads          :                                              20
 Total cores             :                                              20
                                                                           
---------------------------------------------------------------------------

XCFun DFT library Copyright 2009-2020 Ulf Ekstrom and contributors.
See http://dftlibs.org/xcfun/ for more information.

This is free software; see the source code for copying conditions.
There is ABSOLUTELY NO WARRANTY; not even for MERCHANTABILITY or
FITNESS FOR A PARTICULAR PURPOSE. For details see the documentation.
Scientific users of this library should cite
U. Ekstrom, L. Visscher, R. Bast, A. J. Thorvaldsen and K. Ruud;
J.Chem.Theor.Comp. 2010, DOI: 10.1021/ct100117s

---------------------------------------------------------------------------

 MRCPP version         : 1.3.1
 Git branch            : mrchem-gradient
 Git commit hash       : b79bdf06c3c82a53edb6
 Git commit author     : Roberto Di Remigio
 Git commit date       : Tue Sep 15 18:31:50 2020 +0200

 Linear algebra        : EIGEN v3.3.7
 Parallelization       : MPI/OpenMP

---------------------------------------------------------------------------


                                                                           
===========================================================================
                         MultiResolution Analysis
---------------------------------------------------------------------------
 polynomial order      : 9
 polynomial type       : Interpolating
---------------------------------------------------------------------------
 total boxes           : 8
 boxes                 : [          2           2           2 ]
 unit lengths          : [   64.00000    64.00000    64.00000 ]
 scaling factor        : [    1.00000     1.00000     1.00000 ]
 lower bounds          : [  -64.00000   -64.00000   -64.00000 ]
 upper bounds          : [   64.00000    64.00000    64.00000 ]
 total length          : [  128.00000   128.00000   128.00000 ]
===========================================================================


                                                                           
***************************************************************************
***                                                                     ***
***                        Initializing Molecule                        ***
***                                                                     ***
***************************************************************************
                                                                           
                                                                           
===========================================================================
                                 Molecule
---------------------------------------------------------------------------
 Charge                  :                                               0
 Multiplicity            :                                               1
---------------------------------------------------------------------------
    N    Atom            :               x               y               z
---------------------------------------------------------------------------
    0       F            :       -2.257974       -0.462275        0.644277
    1       H            :       -3.160577       -0.746598        2.092507
---------------------------------------------------------------------------
 Center of mass          :       -2.303448       -0.476600        0.717240
===========================================================================


                                                                           
***************************************************************************
***                                                                     ***
***                 Computing Ground State Wavefunction                 ***
***                                                                     ***
***************************************************************************
                                                                           
                                                                           
~~~~~~~~~~~~~~~~~~~~~~~~~~~~~~~~~~~~~~~~~~~~~~~~~~~~~~~~~~~~~~~~~~~~~~~~~~~
 Calculation             : Compute initial orbitals
 Method                  : Diagonalize Core Hamiltonian matrix
 Precision               : 1.00000e-03
 Restricted              : True
 AO basis                : Hydrogenic orbitals
 Zeta quality            : 2
~~~~~~~~~~~~~~~~~~~~~~~~~~~~~~~~~~~~~~~~~~~~~~~~~~~~~~~~~~~~~~~~~~~~~~~~~~~


===========================================================================
                            Molecular Orbitals
---------------------------------------------------------------------------
 Alpha electrons         :                                               5
 Beta electrons          :                                               5
 Total electrons         :                                              10
---------------------------------------------------------------------------
    n  Occ Spin          :                                            Norm
---------------------------------------------------------------------------
    0    2    p          :                              9.999932277820e-01
    1    2    p          :                              9.999512243981e-01
    2    2    p          :                              9.999999998838e-01
    3    2    p          :                              9.999999964633e-01
    4    2    p          :                              9.999999871779e-01
===========================================================================


~~~~~~~~~~~~~~~~~~~~~~~~~~~~~~~~~~~~~~~~~~~~~~~~~~~~~~~~~~~~~~~~~~~~~~~~~~~
 Calculation             : Compute initial energy
 Method                  : DFT (SVWN5)
 Precision               : 1.00000e-03
 Localization            : Off
~~~~~~~~~~~~~~~~~~~~~~~~~~~~~~~~~~~~~~~~~~~~~~~~~~~~~~~~~~~~~~~~~~~~~~~~~~~


===========================================================================
                        Molecular Energy (initial)
---------------------------------------------------------------------------
 Kinetic energy          :            (au)                166.748185543081
 E-N energy              :            (au)               -329.273166508607
 Coulomb energy          :            (au)                 94.590195636489
 Exchange energy         :            (au)                  0.000000000000
 X-C energy              :            (au)                -15.307387172343
 Ext. field (el)         :            (au)                  0.000000000000
---------------------------------------------------------------------------
 N-N energy              :            (au)                  5.202312141019
 Ext. field (nuc)        :            (au)                  0.000000000000
---------------------------------------------------------------------------
 Electronic energy       :            (au)                -83.242172501380
 Nuclear energy          :            (au)                  5.202312141019
---------------------------------------------------------------------------
 Total energy            :            (au)             -7.803986036036e+01
                         :      (kcal/mol)             -4.897075133556e+04
                         :        (kJ/mol)             -2.048936237210e+05
                         :            (eV)             -2.123572689514e+03
===========================================================================


===========================================================================
                        Orbital Energies (initial)
---------------------------------------------------------------------------
    n  Occ Spin          :                                         Epsilon
---------------------------------------------------------------------------
    0    2    p          :            (au)                -14.606577995652
    1    2    p          :            (au)                  3.225671980995
    2    2    p          :            (au)                  4.747947394922
    3    2    p          :            (au)                  4.773693296088
    4    2    p          :            (au)                  5.078812324610
---------------------------------------------------------------------------
 Sum occupied            :            (au)                  6.439094001926
===========================================================================


~~~~~~~~~~~~~~~~~~~~~~~~~~~~~~~~~~~~~~~~~~~~~~~~~~~~~~~~~~~~~~~~~~~~~~~~~~~
 Calculation             : Optimize ground state orbitals
 Method                  : DFT (SVWN5)
 Checkpointing           : Off
 Max iterations          : 100
 KAIN solver             : 5
 Localization            : Off
 Diagonalization         : First two iterations
 Start precision         : 1.00000e-06
 Final precision         : 1.00000e-06
 Helmholtz precision     : Dynamic
 Energy threshold        : Off
 Orbital threshold       : 1.00000e-05
~~~~~~~~~~~~~~~~~~~~~~~~~~~~~~~~~~~~~~~~~~~~~~~~~~~~~~~~~~~~~~~~~~~~~~~~~~~


===========================================================================
 Iter           MO residual             Total energy                Update
---------------------------------------------------------------------------
    0          2.236068e+00         -78.039860360361         -7.803986e+01
    1          1.196412e+00         -99.230391159349         -2.119053e+01
    2          5.004418e-01         -99.542880358058         -3.124892e-01
    3          3.633728e-01         -99.796055642379         -2.531753e-01
    4          1.273890e-01         -99.836638905894         -4.058326e-02
    5          7.841564e-02         -99.849702148374         -1.306324e-02
    6          2.204516e-02         -99.851606627096         -1.904479e-03
    7          9.630862e-03         -99.851881049024         -2.744219e-04
    8          1.183316e-03         -99.851895325239         -1.427622e-05
    9          7.093805e-04         -99.851898042863         -2.717624e-06
   10          1.788377e-04         -99.851898228211         -1.853481e-07
   11          9.637380e-05         -99.851898289094         -6.088315e-08
   12          2.087716e-05         -99.851898292792         -3.698119e-09
   13          1.761089e-05         -99.851898293758         -9.656418e-10
   14          8.597682e-06         -99.851898294034         -2.768417e-10
---------------------------------------------------------------------------
                      SCF converged in 14 iterations!
===========================================================================


                                                                           
***************************************************************************
***                                                                     ***
***                    Printing Molecular Properties                    ***
***                                                                     ***
***************************************************************************
                                                                           
                                                                           
===========================================================================
                                 Molecule
---------------------------------------------------------------------------
 Charge                  :                                               0
 Multiplicity            :                                               1
---------------------------------------------------------------------------
    N    Atom            :               x               y               z
---------------------------------------------------------------------------
    0       F            :       -2.257974       -0.462275        0.644277
    1       H            :       -3.160577       -0.746598        2.092507
---------------------------------------------------------------------------
 Center of mass          :       -2.303448       -0.476600        0.717240
===========================================================================


===========================================================================
                         Molecular Energy (final)
---------------------------------------------------------------------------
 Kinetic energy          :            (au)                 99.425527520518
 E-N energy              :            (au)               -249.807845460121
 Coulomb energy          :            (au)                 55.468202385470
 Exchange energy         :            (au)                  0.000000000000
 X-C energy              :            (au)                -10.140094880920
 Ext. field (el)         :            (au)                  0.000000000000
---------------------------------------------------------------------------
 N-N energy              :            (au)                  5.202312141019
 Ext. field (nuc)        :            (au)                  0.000000000000
---------------------------------------------------------------------------
 Electronic energy       :            (au)               -105.054210435053
 Nuclear energy          :            (au)                  5.202312141019
---------------------------------------------------------------------------
 Total energy            :            (au)             -9.985189829403e+01
                         :      (kcal/mol)             -6.265801167713e+04
                         :        (kJ/mol)             -2.621611210273e+05
                         :            (eV)             -2.717108452452e+03
===========================================================================


===========================================================================
                         Orbital Energies (final)
---------------------------------------------------------------------------
    n  Occ Spin          :                                         Epsilon
---------------------------------------------------------------------------
    0    2    p          :            (au)                -24.087615666976
    1    2    p          :            (au)                 -1.097571162748
    2    2    p          :            (au)                 -0.499304475632
    3    2    p          :            (au)                 -0.361046478004
    4    2    p          :            (au)                 -0.361046450386
---------------------------------------------------------------------------
 Sum occupied            :            (au)                -52.813168467491
===========================================================================


===========================================================================
                           Dipole Moment (dip-1)
---------------------------------------------------------------------------
 r_O                     :        0.000000        0.000000        0.000000
---------------------------------------------------------------------------
 Electronic vector       :       23.114353        4.791155       -7.300554
 Magnitude               :            (au)                       24.708836
                         :         (Debye)                       62.803591
---------------------------------------------------------------------------
 Nuclear vector          :      -23.482344       -4.907073        7.890998
 Magnitude               :            (au)                       25.254063
                         :         (Debye)                       64.189420
---------------------------------------------------------------------------
 Total vector            :       -0.367991       -0.115919        0.590444
 Magnitude               :            (au)                        0.705322
                         :         (Debye)                        1.792749
===========================================================================


===========================================================================
                           Geometric Derivative
---------------------------------------------------------------------------
 Total                   :        0.000000        0.000000        0.000000
 Norm                    :            (au)                        0.000000
---------------------------------------------------------------------------
 Nuclear                 :        0.000000        0.000000        0.000000
 Norm                    :            (au)                        0.000000
---------------------------------------------------------------------------
 Electronic              :        0.000000        0.000000        0.000000
 Norm                    :            (au)                        0.000000
===========================================================================


                                                                           
                                                                           
***************************************************************************
***                                                                     ***
***                            Exiting MRChem                           ***
***                                                                     ***
***                       Wall time :  0h  5m 51s                       ***
***                                                                     ***
***************************************************************************
                                                                           
                                                                           
