                                                                           
                                                                           
***************************************************************************
***                                                                     ***
***                                                                     ***
***          __  __ ____   ____ _                                       ***
***         |  \/  |  _ \ / ___| |__   ___ _ __ ___                     ***
***         | |\/| | |_) | |   | '_ \ / _ \ '_ ` _ \                    ***
***         | |  | |  _ <| |___| | | |  __/ | | | | |                   ***
***         |_|  |_|_| \_\\____|_| |_|\___|_| |_| |_|                   ***
***                                                                     ***
***         VERSION            1.1.0-alpha                              ***
***                                                                     ***
***         Git branch         mrchem-gradient                          ***
***         Git commit hash    b79bdf06c3c82a53edb6                     ***
***         Git commit author  Roberto Di Remigio                       ***
***         Git commit date    Tue Sep 15 18:31:50 2020 +0200           ***
***                                                                     ***
***         Contact: luca.frediani@uit.no                               ***
***                                                                     ***
***         Radovan Bast            Magnar Bjorgve                      ***
***         Roberto Di Remigio      Antoine Durdek                      ***
***         Luca Frediani           Gabriel Gerez                       ***
***         Stig Rune Jensen        Jonas Juselius                      ***
***         Rune Monstad            Peter Wind                          ***
***                                                                     ***
***************************************************************************

---------------------------------------------------------------------------

 MPI processes           :       (no bank)                               1
 OpenMP threads          :                                              32
 Total cores             :                                              32
                                                                           
---------------------------------------------------------------------------

XCFun DFT library Copyright 2009-2020 Ulf Ekstrom and contributors.
See http://dftlibs.org/xcfun/ for more information.

This is free software; see the source code for copying conditions.
There is ABSOLUTELY NO WARRANTY; not even for MERCHANTABILITY or
FITNESS FOR A PARTICULAR PURPOSE. For details see the documentation.
Scientific users of this library should cite
U. Ekstrom, L. Visscher, R. Bast, A. J. Thorvaldsen and K. Ruud;
J.Chem.Theor.Comp. 2010, DOI: 10.1021/ct100117s

---------------------------------------------------------------------------

 MRCPP version         : 1.3.1
 Git branch            : mrchem-gradient
 Git commit hash       : b79bdf06c3c82a53edb6
 Git commit author     : Roberto Di Remigio
 Git commit date       : Tue Sep 15 18:31:50 2020 +0200

 Linear algebra        : EIGEN v3.3.7
 Parallelization       : MPI/OpenMP

---------------------------------------------------------------------------


                                                                           
===========================================================================
                         MultiResolution Analysis
---------------------------------------------------------------------------
 polynomial order      : 9
 polynomial type       : Interpolating
---------------------------------------------------------------------------
 total boxes           : 8
 boxes                 : [          2           2           2 ]
 unit lengths          : [   32.00000    32.00000    32.00000 ]
 scaling factor        : [    1.00000     1.00000     1.00000 ]
 lower bounds          : [  -32.00000   -32.00000   -32.00000 ]
 upper bounds          : [   32.00000    32.00000    32.00000 ]
 total length          : [   64.00000    64.00000    64.00000 ]
===========================================================================


                                                                           
***************************************************************************
***                                                                     ***
***                        Initializing Molecule                        ***
***                                                                     ***
***************************************************************************
                                                                           
                                                                           
===========================================================================
                                 Molecule
---------------------------------------------------------------------------
 Charge                  :                                               0
 Multiplicity            :                                               1
---------------------------------------------------------------------------
    N    Atom            :               x               y               z
---------------------------------------------------------------------------
    0       H            :        0.000000        0.000000       -1.652557
    1       F            :        0.000000        0.000000        0.087665
---------------------------------------------------------------------------
 Center of mass          :        0.000000        0.000000       -0.000009
===========================================================================


                                                                           
***************************************************************************
***                                                                     ***
***                 Computing Ground State Wavefunction                 ***
***                                                                     ***
***************************************************************************
                                                                           
                                                                           
~~~~~~~~~~~~~~~~~~~~~~~~~~~~~~~~~~~~~~~~~~~~~~~~~~~~~~~~~~~~~~~~~~~~~~~~~~~
 Calculation             : Compute initial orbitals
 Method                  : Diagonalize SAD Hamiltonian
 Precision               : 1.00000e-03
 Restricted              : True
 Functional              : LDA (SVWN5)
 AO basis                : Hydrogenic orbitals
 Zeta quality            : 2
~~~~~~~~~~~~~~~~~~~~~~~~~~~~~~~~~~~~~~~~~~~~~~~~~~~~~~~~~~~~~~~~~~~~~~~~~~~


===========================================================================
                            Molecular Orbitals
---------------------------------------------------------------------------
 Alpha electrons         :                                               5
 Beta electrons          :                                               5
 Total electrons         :                                              10
---------------------------------------------------------------------------
    n  Occ Spin          :                                            Norm
---------------------------------------------------------------------------
    0    2    p          :                              1.000000000000e+00
    1    2    p          :                              9.999999929523e-01
    2    2    p          :                              9.999999884977e-01
    3    2    p          :                              9.999999923683e-01
    4    2    p          :                              9.999999929224e-01
===========================================================================


~~~~~~~~~~~~~~~~~~~~~~~~~~~~~~~~~~~~~~~~~~~~~~~~~~~~~~~~~~~~~~~~~~~~~~~~~~~
 Calculation             : Compute initial energy
 Method                  : DFT (SVWN5)
 Precision               : 1.00000e-03
 Localization            : Off
~~~~~~~~~~~~~~~~~~~~~~~~~~~~~~~~~~~~~~~~~~~~~~~~~~~~~~~~~~~~~~~~~~~~~~~~~~~


===========================================================================
                        Molecular Energy (initial)
---------------------------------------------------------------------------
 Kinetic energy          :            (au)                105.514519677821
 E-N energy              :            (au)               -257.061471828021
 Coulomb energy          :            (au)                 57.319503258191
 Exchange energy         :            (au)                  0.000000000000
 X-C energy              :            (au)                -10.454679112066
 Ext. field (el)         :            (au)                  0.000000000000
---------------------------------------------------------------------------
 N-N energy              :            (au)                  5.171754255562
 Ext. field (nuc)        :            (au)                  0.000000000000
---------------------------------------------------------------------------
 Electronic energy       :            (au)               -104.682128004074
 Nuclear energy          :            (au)                  5.171754255562
---------------------------------------------------------------------------
 Total energy            :            (au)             -9.951037374851e+01
                         :      (kcal/mol)             -6.244370179092e+04
                         :        (kJ/mol)             -2.612644484628e+05
                         :            (eV)             -2.707815096540e+03
===========================================================================


===========================================================================
                        Orbital Energies (initial)
---------------------------------------------------------------------------
    n  Occ Spin          :                                         Epsilon
---------------------------------------------------------------------------
    0    2    p          :            (au)                -23.595890004537
    1    2    p          :            (au)                 -0.975515121038
    2    2    p          :            (au)                 -0.356864388167
    3    2    p          :            (au)                 -0.209090060884
    4    2    p          :            (au)                 -0.208767653931
---------------------------------------------------------------------------
 Sum occupied            :            (au)                -50.692254457116
===========================================================================


~~~~~~~~~~~~~~~~~~~~~~~~~~~~~~~~~~~~~~~~~~~~~~~~~~~~~~~~~~~~~~~~~~~~~~~~~~~
 Calculation             : Optimize ground state orbitals
 Method                  : DFT (SVWN5)
 Checkpointing           : Off
 Max iterations          : 100
 KAIN solver             : 5
 Localization            : Off
 Diagonalization         : First two iterations
 Start precision         : 1.00000e-06
 Final precision         : 1.00000e-06
 Helmholtz precision     : Dynamic
 Energy threshold        : Off
 Orbital threshold       : 1.00000e-05
~~~~~~~~~~~~~~~~~~~~~~~~~~~~~~~~~~~~~~~~~~~~~~~~~~~~~~~~~~~~~~~~~~~~~~~~~~~


===========================================================================
 Iter           MO residual             Total energy                Update
---------------------------------------------------------------------------
    0          2.236068e+00         -99.510373748512         -9.951037e+01
    1          2.668048e-01         -99.800904614852         -2.905309e-01
    2          1.467638e-01         -99.839847481623         -3.894287e-02
    3          8.849274e-02         -99.845416283387         -5.568802e-03
    4          3.804819e-02         -99.851581428006         -6.165145e-03
    5          1.318458e-02         -99.852000069043         -4.186410e-04
    6          3.562201e-03         -99.852047481556         -4.741251e-05
    7          1.438131e-03         -99.852054877831         -7.396275e-06
    8          3.951433e-04         -99.852055722774         -8.449430e-07
    9          1.767696e-04         -99.852055807839         -8.506551e-08
   10          5.317582e-05         -99.852055821185         -1.334610e-08
   11          2.757745e-05         -99.852055824113         -2.927351e-09
   12          5.212339e-06         -99.852055824281         -1.677734e-10
---------------------------------------------------------------------------
                      SCF converged in 12 iterations!
===========================================================================


                                                                           
***************************************************************************
***                                                                     ***
***                    Printing Molecular Properties                    ***
***                                                                     ***
***************************************************************************
                                                                           
                                                                           
===========================================================================
                                 Molecule
---------------------------------------------------------------------------
 Charge                  :                                               0
 Multiplicity            :                                               1
---------------------------------------------------------------------------
    N    Atom            :               x               y               z
---------------------------------------------------------------------------
    0       H            :        0.000000        0.000000       -1.652557
    1       F            :        0.000000        0.000000        0.087665
---------------------------------------------------------------------------
 Center of mass          :        0.000000        0.000000       -0.000009
===========================================================================


===========================================================================
                         Molecular Energy (final)
---------------------------------------------------------------------------
 Kinetic energy          :            (au)                 99.414741169162
 E-N energy              :            (au)               -249.745358196194
 Coulomb energy          :            (au)                 55.444175177963
 Exchange energy         :            (au)                  0.000000000000
 X-C energy              :            (au)                -10.137368230773
 Ext. field (el)         :            (au)                  0.000000000000
---------------------------------------------------------------------------
 N-N energy              :            (au)                  5.171754255562
 Ext. field (nuc)        :            (au)                  0.000000000000
---------------------------------------------------------------------------
 Electronic energy       :            (au)               -105.023810079843
 Nuclear energy          :            (au)                  5.171754255562
---------------------------------------------------------------------------
 Total energy            :            (au)             -9.985205582428e+01
                         :      (kcal/mol)             -6.265811052885e+04
                         :        (kJ/mol)             -2.621615346229e+05
                         :            (eV)             -2.717112739069e+03
===========================================================================


===========================================================================
                         Orbital Energies (final)
---------------------------------------------------------------------------
    n  Occ Spin          :                                         Epsilon
---------------------------------------------------------------------------
    0    2    p          :            (au)                -24.087721027955
    1    2    p          :            (au)                 -1.095845267453
    2    2    p          :            (au)                 -0.498285003036
    3    2    p          :            (au)                 -0.360555132593
    4    2    p          :            (au)                 -0.360555132548
---------------------------------------------------------------------------
 Sum occupied            :            (au)                -52.805923127170
===========================================================================


===========================================================================
                           Dipole Moment (dip-1)
---------------------------------------------------------------------------
 r_O                     :        0.000000        0.000000        0.000000
---------------------------------------------------------------------------
 Electronic vector       :        0.000000        0.000000        0.154870
 Magnitude               :            (au)                        0.154870
                         :         (Debye)                        0.393641
---------------------------------------------------------------------------
 Nuclear vector          :        0.000000        0.000000       -0.863575
 Magnitude               :            (au)                        0.863575
                         :         (Debye)                        2.194989
---------------------------------------------------------------------------
 Total vector            :        0.000000        0.000000       -0.708705
 Magnitude               :            (au)                        0.708705
                         :         (Debye)                        1.801348
===========================================================================


===========================================================================
                           Geometric Derivative
---------------------------------------------------------------------------
 Total                   :        0.000000        0.000000        0.000000
 Norm                    :            (au)                        0.000000
---------------------------------------------------------------------------
 Nuclear                 :        0.000000        0.000000        0.000000
 Norm                    :            (au)                        0.000000
---------------------------------------------------------------------------
 Electronic              :        0.000000        0.000000        0.000000
 Norm                    :            (au)                        0.000000
===========================================================================


                                                                           
                                                                           
***************************************************************************
***                                                                     ***
***                            Exiting MRChem                           ***
***                                                                     ***
***                       Wall time :  0h  3m 48s                       ***
***                                                                     ***
***************************************************************************
                                                                           
                                                                           
