                                                                           
                                                                           
***************************************************************************
***                                                                     ***
***                                                                     ***
***          __  __ ____   ____ _                                       ***
***         |  \/  |  _ \ / ___| |__   ___ _ __ ___                     ***
***         | |\/| | |_) | |   | '_ \ / _ \ '_ ` _ \                    ***
***         | |  | |  _ <| |___| | | |  __/ | | | | |                   ***
***         |_|  |_|_| \_\\____|_| |_|\___|_| |_| |_|                   ***
***                                                                     ***
***         VERSION            1.1.0-alpha                              ***
***                                                                     ***
***         Git branch         mrchem-gradient                          ***
***         Git commit hash    c6b193dd4223e5895077                     ***
***         Git commit author  Roberto Di Remigio                       ***
***         Git commit date    Fri Sep 25 22:32:15 2020 +0200           ***
***                                                                     ***
***         Contact: luca.frediani@uit.no                               ***
***                                                                     ***
***         Radovan Bast            Magnar Bjorgve                      ***
***         Roberto Di Remigio      Antoine Durdek                      ***
***         Luca Frediani           Gabriel Gerez                       ***
***         Stig Rune Jensen        Jonas Juselius                      ***
***         Rune Monstad            Peter Wind                          ***
***                                                                     ***
***************************************************************************

---------------------------------------------------------------------------

 MPI processes           :       (no bank)                               1
 OpenMP threads          :                                              20
 Total cores             :                                              20
                                                                           
---------------------------------------------------------------------------

XCFun DFT library Copyright 2009-2020 Ulf Ekstrom and contributors.
See http://dftlibs.org/xcfun/ for more information.

This is free software; see the source code for copying conditions.
There is ABSOLUTELY NO WARRANTY; not even for MERCHANTABILITY or
FITNESS FOR A PARTICULAR PURPOSE. For details see the documentation.
Scientific users of this library should cite
U. Ekstrom, L. Visscher, R. Bast, A. J. Thorvaldsen and K. Ruud;
J.Chem.Theor.Comp. 2010, DOI: 10.1021/ct100117s

---------------------------------------------------------------------------

 MRCPP version         : 1.3.1
 Git branch            : mrchem-gradient
 Git commit hash       : b79bdf06c3c82a53edb6
 Git commit author     : Roberto Di Remigio
 Git commit date       : Tue Sep 15 18:31:50 2020 +0200

 Linear algebra        : EIGEN v3.3.7
 Parallelization       : MPI/OpenMP

---------------------------------------------------------------------------


                                                                           
===========================================================================
                         MultiResolution Analysis
---------------------------------------------------------------------------
 polynomial order      : 9
 polynomial type       : Interpolating
---------------------------------------------------------------------------
 total boxes           : 8
 boxes                 : [          2           2           2 ]
 unit lengths          : [   64.00000    64.00000    64.00000 ]
 scaling factor        : [    1.00000     1.00000     1.00000 ]
 lower bounds          : [  -64.00000   -64.00000   -64.00000 ]
 upper bounds          : [   64.00000    64.00000    64.00000 ]
 total length          : [  128.00000   128.00000   128.00000 ]
===========================================================================


                                                                           
***************************************************************************
***                                                                     ***
***                        Initializing Molecule                        ***
***                                                                     ***
***************************************************************************
                                                                           
                                                                           
===========================================================================
                                 Molecule
---------------------------------------------------------------------------
 Charge                  :                                               0
 Multiplicity            :                                               1
---------------------------------------------------------------------------
    N    Atom            :               x               y               z
---------------------------------------------------------------------------
    0       F            :       -2.258109       -0.462317        0.644492
    1       H            :       -3.158044       -0.745800        2.088444
---------------------------------------------------------------------------
 Center of mass          :       -2.303448       -0.476600        0.717240
===========================================================================


                                                                           
***************************************************************************
***                                                                     ***
***                 Computing Ground State Wavefunction                 ***
***                                                                     ***
***************************************************************************
                                                                           
                                                                           
~~~~~~~~~~~~~~~~~~~~~~~~~~~~~~~~~~~~~~~~~~~~~~~~~~~~~~~~~~~~~~~~~~~~~~~~~~~
 Calculation             : Compute initial orbitals
 Method                  : Diagonalize Core Hamiltonian matrix
 Precision               : 1.00000e-03
 Restricted              : True
 AO basis                : Hydrogenic orbitals
 Zeta quality            : 2
~~~~~~~~~~~~~~~~~~~~~~~~~~~~~~~~~~~~~~~~~~~~~~~~~~~~~~~~~~~~~~~~~~~~~~~~~~~


===========================================================================
                            Molecular Orbitals
---------------------------------------------------------------------------
 Alpha electrons         :                                               5
 Beta electrons          :                                               5
 Total electrons         :                                              10
---------------------------------------------------------------------------
    n  Occ Spin          :                                            Norm
---------------------------------------------------------------------------
    0    2    p          :                              9.999932195761e-01
    1    2    p          :                              9.999513046978e-01
    2    2    p          :                              9.999999998818e-01
    3    2    p          :                              9.999999964368e-01
    4    2    p          :                              9.999999870029e-01
===========================================================================


~~~~~~~~~~~~~~~~~~~~~~~~~~~~~~~~~~~~~~~~~~~~~~~~~~~~~~~~~~~~~~~~~~~~~~~~~~~
 Calculation             : Compute initial energy
 Method                  : DFT (SVWN5)
 Precision               : 1.00000e-03
 Localization            : Off
~~~~~~~~~~~~~~~~~~~~~~~~~~~~~~~~~~~~~~~~~~~~~~~~~~~~~~~~~~~~~~~~~~~~~~~~~~~


===========================================================================
                        Molecular Energy (initial)
---------------------------------------------------------------------------
 Kinetic energy          :            (au)                166.743593366161
 E-N energy              :            (au)               -329.290075173849
 Coulomb energy          :            (au)                 94.590474232075
 Exchange energy         :            (au)                  0.000000000000
 X-C energy              :            (au)                -15.307421981689
 Ext. field (el)         :            (au)                  0.000000000000
---------------------------------------------------------------------------
 N-N energy              :            (au)                  5.217726899833
 Ext. field (nuc)        :            (au)                  0.000000000000
---------------------------------------------------------------------------
 Electronic energy       :            (au)                -83.263429557302
 Nuclear energy          :            (au)                  5.217726899833
---------------------------------------------------------------------------
 Total energy            :            (au)             -7.804570265747e+01
                         :      (kcal/mol)             -4.897441743232e+04
                         :        (kJ/mol)             -2.049089626698e+05
                         :            (eV)             -2.123731666510e+03
===========================================================================


===========================================================================
                        Orbital Energies (initial)
---------------------------------------------------------------------------
    n  Occ Spin          :                                         Epsilon
---------------------------------------------------------------------------
    0    2    p          :            (au)                -14.609867175214
    1    2    p          :            (au)                  3.223797885188
    2    2    p          :            (au)                  4.746104044964
    3    2    p          :            (au)                  4.772228944227
    4    2    p          :            (au)                  5.076787341479
---------------------------------------------------------------------------
 Sum occupied            :            (au)                  6.418102081288
===========================================================================


~~~~~~~~~~~~~~~~~~~~~~~~~~~~~~~~~~~~~~~~~~~~~~~~~~~~~~~~~~~~~~~~~~~~~~~~~~~
 Calculation             : Optimize ground state orbitals
 Method                  : DFT (SVWN5)
 Checkpointing           : Off
 Max iterations          : 100
 KAIN solver             : 5
 Localization            : Off
 Diagonalization         : First two iterations
 Start precision         : 1.00000e-06
 Final precision         : 1.00000e-06
 Helmholtz precision     : Dynamic
 Energy threshold        : Off
 Orbital threshold       : 1.00000e-05
~~~~~~~~~~~~~~~~~~~~~~~~~~~~~~~~~~~~~~~~~~~~~~~~~~~~~~~~~~~~~~~~~~~~~~~~~~~


===========================================================================
 Iter           MO residual             Total energy                Update
---------------------------------------------------------------------------
    0          2.236068e+00         -78.045702657469         -7.804570e+01
    1          1.196403e+00         -99.231034733291         -2.118533e+01
    2          4.975331e-01         -99.547052686526         -3.160180e-01
    3          3.605130e-01         -99.796389922436         -2.493372e-01
    4          1.265814e-01         -99.836717695748         -4.032777e-02
    5          7.784047e-02         -99.849637178350         -1.291948e-02
    6          2.188275e-02         -99.851506193715         -1.869015e-03
    7          9.582412e-03         -99.851777494379         -2.713007e-04
    8          1.165656e-03         -99.851791640721         -1.414634e-05
    9          6.931386e-04         -99.851794244076         -2.603356e-06
   10          1.781120e-04         -99.851794426748         -1.826714e-07
   11          9.354879e-05         -99.851794484872         -5.812379e-08
   12          2.016720e-05         -99.851794488340         -3.468017e-09
   13          1.777704e-05         -99.851794489292         -9.524115e-10
   14          7.942816e-06         -99.851794489557         -2.645493e-10
---------------------------------------------------------------------------
                      SCF converged in 14 iterations!
===========================================================================


                                                                           
***************************************************************************
***                                                                     ***
***                    Printing Molecular Properties                    ***
***                                                                     ***
***************************************************************************
                                                                           
                                                                           
===========================================================================
                                 Molecule
---------------------------------------------------------------------------
 Charge                  :                                               0
 Multiplicity            :                                               1
---------------------------------------------------------------------------
    N    Atom            :               x               y               z
---------------------------------------------------------------------------
    0       F            :       -2.258109       -0.462317        0.644492
    1       H            :       -3.158044       -0.745800        2.088444
---------------------------------------------------------------------------
 Center of mass          :       -2.303448       -0.476600        0.717240
===========================================================================


===========================================================================
                         Molecular Energy (final)
---------------------------------------------------------------------------
 Kinetic energy          :            (au)                 99.431005579476
 E-N energy              :            (au)               -249.839366617776
 Coulomb energy          :            (au)                 55.480310385723
 Exchange energy         :            (au)                  0.000000000000
 X-C energy              :            (au)                -10.141470736814
 Ext. field (el)         :            (au)                  0.000000000000
---------------------------------------------------------------------------
 N-N energy              :            (au)                  5.217726899833
 Ext. field (nuc)        :            (au)                  0.000000000000
---------------------------------------------------------------------------
 Electronic energy       :            (au)               -105.069521389390
 Nuclear energy          :            (au)                  5.217726899833
---------------------------------------------------------------------------
 Total energy            :            (au)             -9.985179448956e+01
                         :      (kcal/mol)             -6.265794653884e+04
                         :        (kJ/mol)             -2.621608484886e+05
                         :            (eV)             -2.717105627789e+03
===========================================================================


===========================================================================
                         Orbital Energies (final)
---------------------------------------------------------------------------
    n  Occ Spin          :                                         Epsilon
---------------------------------------------------------------------------
    0    2    p          :            (au)                -24.087561049500
    1    2    p          :            (au)                 -1.098443617329
    2    2    p          :            (au)                 -0.499814956218
    3    2    p          :            (au)                 -0.361293071252
    4    2    p          :            (au)                 -0.361293043600
---------------------------------------------------------------------------
 Sum occupied            :            (au)                -52.816811475798
===========================================================================


===========================================================================
                           Dipole Moment (dip-1)
---------------------------------------------------------------------------
 r_O                     :        0.000000        0.000000        0.000000
---------------------------------------------------------------------------
 Electronic vector       :       23.113912        4.791016       -7.299846
 Magnitude               :            (au)                       24.708187
                         :         (Debye)                       62.801941
---------------------------------------------------------------------------
 Nuclear vector          :      -23.481021       -4.906657        7.888875
 Magnitude               :            (au)                       25.252088
                         :         (Debye)                       64.184401
---------------------------------------------------------------------------
 Total vector            :       -0.367109       -0.115641        0.589029
 Magnitude               :            (au)                        0.703632
                         :         (Debye)                        1.788453
===========================================================================


===========================================================================
                           Geometric Derivative
---------------------------------------------------------------------------
 Total                   :        0.000000        0.000000        0.000000
 Norm                    :            (au)                        0.000000
---------------------------------------------------------------------------
 Nuclear                 :        0.000000        0.000000        0.000000
 Norm                    :            (au)                        0.000000
---------------------------------------------------------------------------
 Electronic              :        0.000000        0.000000        0.000000
 Norm                    :            (au)                        0.000000
===========================================================================


                                                                           
                                                                           
***************************************************************************
***                                                                     ***
***                            Exiting MRChem                           ***
***                                                                     ***
***                       Wall time :  0h  5m 43s                       ***
***                                                                     ***
***************************************************************************
                                                                           
                                                                           
