                                                                           
                                                                           
***************************************************************************
***                                                                     ***
***                                                                     ***
***          __  __ ____   ____ _                                       ***
***         |  \/  |  _ \ / ___| |__   ___ _ __ ___                     ***
***         | |\/| | |_) | |   | '_ \ / _ \ '_ ` _ \                    ***
***         | |  | |  _ <| |___| | | |  __/ | | | | |                   ***
***         |_|  |_|_| \_\\____|_| |_|\___|_| |_| |_|                   ***
***                                                                     ***
***         VERSION            1.1.0-alpha                              ***
***                                                                     ***
***         Git branch         mrchem-gradient                          ***
***         Git commit hash    c6b193dd4223e5895077                     ***
***         Git commit author  Roberto Di Remigio                       ***
***         Git commit date    Fri Sep 25 22:32:15 2020 +0200           ***
***                                                                     ***
***         Contact: luca.frediani@uit.no                               ***
***                                                                     ***
***         Radovan Bast            Magnar Bjorgve                      ***
***         Roberto Di Remigio      Antoine Durdek                      ***
***         Luca Frediani           Gabriel Gerez                       ***
***         Stig Rune Jensen        Jonas Juselius                      ***
***         Rune Monstad            Peter Wind                          ***
***                                                                     ***
***************************************************************************

---------------------------------------------------------------------------

 MPI processes           :       (no bank)                               1
 OpenMP threads          :                                              20
 Total cores             :                                              20
                                                                           
---------------------------------------------------------------------------

XCFun DFT library Copyright 2009-2020 Ulf Ekstrom and contributors.
See http://dftlibs.org/xcfun/ for more information.

This is free software; see the source code for copying conditions.
There is ABSOLUTELY NO WARRANTY; not even for MERCHANTABILITY or
FITNESS FOR A PARTICULAR PURPOSE. For details see the documentation.
Scientific users of this library should cite
U. Ekstrom, L. Visscher, R. Bast, A. J. Thorvaldsen and K. Ruud;
J.Chem.Theor.Comp. 2010, DOI: 10.1021/ct100117s

---------------------------------------------------------------------------

 MRCPP version         : 1.3.1
 Git branch            : mrchem-gradient
 Git commit hash       : b79bdf06c3c82a53edb6
 Git commit author     : Roberto Di Remigio
 Git commit date       : Tue Sep 15 18:31:50 2020 +0200

 Linear algebra        : EIGEN v3.3.7
 Parallelization       : MPI/OpenMP

---------------------------------------------------------------------------


                                                                           
===========================================================================
                         MultiResolution Analysis
---------------------------------------------------------------------------
 polynomial order      : 9
 polynomial type       : Interpolating
---------------------------------------------------------------------------
 total boxes           : 8
 boxes                 : [          2           2           2 ]
 unit lengths          : [   64.00000    64.00000    64.00000 ]
 scaling factor        : [    1.00000     1.00000     1.00000 ]
 lower bounds          : [  -64.00000   -64.00000   -64.00000 ]
 upper bounds          : [   64.00000    64.00000    64.00000 ]
 total length          : [  128.00000   128.00000   128.00000 ]
===========================================================================


                                                                           
***************************************************************************
***                                                                     ***
***                        Initializing Molecule                        ***
***                                                                     ***
***************************************************************************
                                                                           
                                                                           
===========================================================================
                                 Molecule
---------------------------------------------------------------------------
 Charge                  :                                               0
 Multiplicity            :                                               1
---------------------------------------------------------------------------
    N    Atom            :               x               y               z
---------------------------------------------------------------------------
    0       F            :       -2.257840       -0.462233        0.644061
    1       H            :       -3.163109       -0.747396        2.096570
---------------------------------------------------------------------------
 Center of mass          :       -2.303448       -0.476600        0.717240
===========================================================================


                                                                           
***************************************************************************
***                                                                     ***
***                 Computing Ground State Wavefunction                 ***
***                                                                     ***
***************************************************************************
                                                                           
                                                                           
~~~~~~~~~~~~~~~~~~~~~~~~~~~~~~~~~~~~~~~~~~~~~~~~~~~~~~~~~~~~~~~~~~~~~~~~~~~
 Calculation             : Compute initial orbitals
 Method                  : Diagonalize Core Hamiltonian matrix
 Precision               : 1.00000e-03
 Restricted              : True
 AO basis                : Hydrogenic orbitals
 Zeta quality            : 2
~~~~~~~~~~~~~~~~~~~~~~~~~~~~~~~~~~~~~~~~~~~~~~~~~~~~~~~~~~~~~~~~~~~~~~~~~~~


===========================================================================
                            Molecular Orbitals
---------------------------------------------------------------------------
 Alpha electrons         :                                               5
 Beta electrons          :                                               5
 Total electrons         :                                              10
---------------------------------------------------------------------------
    n  Occ Spin          :                                            Norm
---------------------------------------------------------------------------
    0    2    p          :                              9.999932360553e-01
    1    2    p          :                              9.999511478174e-01
    2    2    p          :                              9.999999998857e-01
    3    2    p          :                              9.999999964893e-01
    4    2    p          :                              9.999999873497e-01
===========================================================================


~~~~~~~~~~~~~~~~~~~~~~~~~~~~~~~~~~~~~~~~~~~~~~~~~~~~~~~~~~~~~~~~~~~~~~~~~~~
 Calculation             : Compute initial energy
 Method                  : DFT (SVWN5)
 Precision               : 1.00000e-03
 Localization            : Off
~~~~~~~~~~~~~~~~~~~~~~~~~~~~~~~~~~~~~~~~~~~~~~~~~~~~~~~~~~~~~~~~~~~~~~~~~~~


===========================================================================
                        Molecular Energy (initial)
---------------------------------------------------------------------------
 Kinetic energy          :            (au)                166.752617452088
 E-N energy              :            (au)               -329.256292028728
 Coulomb energy          :            (au)                 94.589927041570
 Exchange energy         :            (au)                  0.000000000000
 X-C energy              :            (au)                -15.307353740606
 Ext. field (el)         :            (au)                  0.000000000000
---------------------------------------------------------------------------
 N-N energy              :            (au)                  5.186988193730
 Ext. field (nuc)        :            (au)                  0.000000000000
---------------------------------------------------------------------------
 Electronic energy       :            (au)                -83.221101275675
 Nuclear energy          :            (au)                  5.186988193730
---------------------------------------------------------------------------
 Total energy            :            (au)             -7.803411308194e+01
                         :      (kcal/mol)             -4.896714486394e+04
                         :        (kJ/mol)             -2.048785342437e+05
                         :            (eV)             -2.123416298108e+03
===========================================================================


===========================================================================
                        Orbital Energies (initial)
---------------------------------------------------------------------------
    n  Occ Spin          :                                         Epsilon
---------------------------------------------------------------------------
    0    2    p          :            (au)                -14.603338334738
    1    2    p          :            (au)                  3.227532004122
    2    2    p          :            (au)                  4.749779633192
    3    2    p          :            (au)                  4.775150966130
    4    2    p          :            (au)                  5.080830528635
---------------------------------------------------------------------------
 Sum occupied            :            (au)                  6.459909594683
===========================================================================


~~~~~~~~~~~~~~~~~~~~~~~~~~~~~~~~~~~~~~~~~~~~~~~~~~~~~~~~~~~~~~~~~~~~~~~~~~~
 Calculation             : Optimize ground state orbitals
 Method                  : DFT (SVWN5)
 Checkpointing           : Off
 Max iterations          : 100
 KAIN solver             : 5
 Localization            : Off
 Diagonalization         : First two iterations
 Start precision         : 1.00000e-06
 Final precision         : 1.00000e-06
 Helmholtz precision     : Dynamic
 Energy threshold        : Off
 Orbital threshold       : 1.00000e-05
~~~~~~~~~~~~~~~~~~~~~~~~~~~~~~~~~~~~~~~~~~~~~~~~~~~~~~~~~~~~~~~~~~~~~~~~~~~


===========================================================================
 Iter           MO residual             Total energy                Update
---------------------------------------------------------------------------
    0          2.236068e+00         -78.034113081945         -7.803411e+01
    1          1.196420e+00         -99.229738572099         -2.119563e+01
    2          5.033766e-01         -99.538613698174         -3.088751e-01
    3          3.662552e-01         -99.795704294661         -2.570906e-01
    4          1.281971e-01         -99.836540321058         -4.083603e-02
    5          7.898511e-02         -99.849749817882         -1.320950e-02
    6          2.220634e-02         -99.851690246511         -1.940429e-03
    7          9.678270e-03         -99.851967779857         -2.775333e-04
    8          1.202559e-03         -99.851982191441         -1.441158e-05
    9          7.257888e-04         -99.851985026790         -2.835349e-06
   10          1.797385e-04         -99.851985214972         -1.881819e-07
   11          9.912942e-05         -99.851985278575         -6.360337e-08
   12          2.173831e-05         -99.851985282653         -4.078331e-09
   13          1.734280e-05         -99.851985283601         -9.480061e-10
   14          9.266664e-06         -99.851985283955         -3.536940e-10
---------------------------------------------------------------------------
                      SCF converged in 14 iterations!
===========================================================================


                                                                           
***************************************************************************
***                                                                     ***
***                    Printing Molecular Properties                    ***
***                                                                     ***
***************************************************************************
                                                                           
                                                                           
===========================================================================
                                 Molecule
---------------------------------------------------------------------------
 Charge                  :                                               0
 Multiplicity            :                                               1
---------------------------------------------------------------------------
    N    Atom            :               x               y               z
---------------------------------------------------------------------------
    0       F            :       -2.257840       -0.462233        0.644061
    1       H            :       -3.163109       -0.747396        2.096570
---------------------------------------------------------------------------
 Center of mass          :       -2.303448       -0.476600        0.717240
===========================================================================


===========================================================================
                         Molecular Energy (final)
---------------------------------------------------------------------------
 Kinetic energy          :            (au)                 99.420108717785
 E-N energy              :            (au)               -249.776513159809
 Coulomb energy          :            (au)                 55.456158405377
 Exchange energy         :            (au)                  0.000000000000
 X-C energy              :            (au)                -10.138727441039
 Ext. field (el)         :            (au)                  0.000000000000
---------------------------------------------------------------------------
 N-N energy              :            (au)                  5.186988193730
 Ext. field (nuc)        :            (au)                  0.000000000000
---------------------------------------------------------------------------
 Electronic energy       :            (au)               -105.038973477685
 Nuclear energy          :            (au)                  5.186988193730
---------------------------------------------------------------------------
 Total energy            :            (au)             -9.985198528396e+01
                         :      (kcal/mol)             -6.265806626413e+04
                         :        (kJ/mol)             -2.621613494193e+05
                         :            (eV)             -2.717110819569e+03
===========================================================================


===========================================================================
                         Orbital Energies (final)
---------------------------------------------------------------------------
    n  Occ Spin          :                                         Epsilon
---------------------------------------------------------------------------
    0    2    p          :            (au)                -24.087668763753
    1    2    p          :            (au)                 -1.096705034015
    2    2    p          :            (au)                 -0.498794402572
    3    2    p          :            (au)                 -0.360800453401
    4    2    p          :            (au)                 -0.360800425830
---------------------------------------------------------------------------
 Sum occupied            :            (au)                -52.809538159140
===========================================================================


===========================================================================
                           Dipole Moment (dip-1)
---------------------------------------------------------------------------
 r_O                     :        0.000000        0.000000        0.000000
---------------------------------------------------------------------------
 Electronic vector       :       23.114794        4.791294       -7.301262
 Magnitude               :            (au)                       24.709484
                         :         (Debye)                       62.805238
---------------------------------------------------------------------------
 Nuclear vector          :      -23.483667       -4.907490        7.893122
 Magnitude               :            (au)                       25.256038
                         :         (Debye)                       64.194440
---------------------------------------------------------------------------
 Total vector            :       -0.368873       -0.116197        0.591860
 Magnitude               :            (au)                        0.707013
                         :         (Debye)                        1.797048
===========================================================================


===========================================================================
                           Geometric Derivative
---------------------------------------------------------------------------
 Total                   :        0.000000        0.000000        0.000000
 Norm                    :            (au)                        0.000000
---------------------------------------------------------------------------
 Nuclear                 :        0.000000        0.000000        0.000000
 Norm                    :            (au)                        0.000000
---------------------------------------------------------------------------
 Electronic              :        0.000000        0.000000        0.000000
 Norm                    :            (au)                        0.000000
===========================================================================


                                                                           
                                                                           
***************************************************************************
***                                                                     ***
***                            Exiting MRChem                           ***
***                                                                     ***
***                       Wall time :  0h  5m 48s                       ***
***                                                                     ***
***************************************************************************
                                                                           
                                                                           
