                                                                           
                                                                           
***************************************************************************
***                                                                     ***
***                                                                     ***
***          __  __ ____   ____ _                                       ***
***         |  \/  |  _ \ / ___| |__   ___ _ __ ___                     ***
***         | |\/| | |_) | |   | '_ \ / _ \ '_ ` _ \                    ***
***         | |  | |  _ <| |___| | | |  __/ | | | | |                   ***
***         |_|  |_|_| \_\\____|_| |_|\___|_| |_| |_|                   ***
***                                                                     ***
***         VERSION            1.1.0-alpha                              ***
***                                                                     ***
***         Git branch         mrchem-gradient                          ***
***         Git commit hash    c6b193dd4223e5895077                     ***
***         Git commit author  Roberto Di Remigio                       ***
***         Git commit date    Fri Sep 25 22:32:15 2020 +0200           ***
***                                                                     ***
***         Contact: luca.frediani@uit.no                               ***
***                                                                     ***
***         Radovan Bast            Magnar Bjorgve                      ***
***         Roberto Di Remigio      Antoine Durdek                      ***
***         Luca Frediani           Gabriel Gerez                       ***
***         Stig Rune Jensen        Jonas Juselius                      ***
***         Rune Monstad            Peter Wind                          ***
***                                                                     ***
***************************************************************************

---------------------------------------------------------------------------

 MPI processes           :       (no bank)                               1
 OpenMP threads          :                                              20
 Total cores             :                                              20
                                                                           
---------------------------------------------------------------------------

XCFun DFT library Copyright 2009-2020 Ulf Ekstrom and contributors.
See http://dftlibs.org/xcfun/ for more information.

This is free software; see the source code for copying conditions.
There is ABSOLUTELY NO WARRANTY; not even for MERCHANTABILITY or
FITNESS FOR A PARTICULAR PURPOSE. For details see the documentation.
Scientific users of this library should cite
U. Ekstrom, L. Visscher, R. Bast, A. J. Thorvaldsen and K. Ruud;
J.Chem.Theor.Comp. 2010, DOI: 10.1021/ct100117s

---------------------------------------------------------------------------

 MRCPP version         : 1.3.1
 Git branch            : mrchem-gradient
 Git commit hash       : b79bdf06c3c82a53edb6
 Git commit author     : Roberto Di Remigio
 Git commit date       : Tue Sep 15 18:31:50 2020 +0200

 Linear algebra        : EIGEN v3.3.7
 Parallelization       : MPI/OpenMP

---------------------------------------------------------------------------


                                                                           
===========================================================================
                         MultiResolution Analysis
---------------------------------------------------------------------------
 polynomial order      : 9
 polynomial type       : Interpolating
---------------------------------------------------------------------------
 total boxes           : 8
 boxes                 : [          2           2           2 ]
 unit lengths          : [   64.00000    64.00000    64.00000 ]
 scaling factor        : [    1.00000     1.00000     1.00000 ]
 lower bounds          : [  -64.00000   -64.00000   -64.00000 ]
 upper bounds          : [   64.00000    64.00000    64.00000 ]
 total length          : [  128.00000   128.00000   128.00000 ]
===========================================================================


                                                                           
***************************************************************************
***                                                                     ***
***                        Initializing Molecule                        ***
***                                                                     ***
***************************************************************************
                                                                           
                                                                           
===========================================================================
                                 Molecule
---------------------------------------------------------------------------
 Charge                  :                                               0
 Multiplicity            :                                               1
---------------------------------------------------------------------------
    N    Atom            :               x               y               z
---------------------------------------------------------------------------
    0       F            :       -2.257706       -0.462190        0.643846
    1       H            :       -3.165641       -0.748193        2.100633
---------------------------------------------------------------------------
 Center of mass          :       -2.303448       -0.476600        0.717240
===========================================================================


                                                                           
***************************************************************************
***                                                                     ***
***                 Computing Ground State Wavefunction                 ***
***                                                                     ***
***************************************************************************
                                                                           
                                                                           
~~~~~~~~~~~~~~~~~~~~~~~~~~~~~~~~~~~~~~~~~~~~~~~~~~~~~~~~~~~~~~~~~~~~~~~~~~~
 Calculation             : Compute initial orbitals
 Method                  : Diagonalize Core Hamiltonian matrix
 Precision               : 1.00000e-03
 Restricted              : True
 AO basis                : Hydrogenic orbitals
 Zeta quality            : 2
~~~~~~~~~~~~~~~~~~~~~~~~~~~~~~~~~~~~~~~~~~~~~~~~~~~~~~~~~~~~~~~~~~~~~~~~~~~


===========================================================================
                            Molecular Orbitals
---------------------------------------------------------------------------
 Alpha electrons         :                                               5
 Beta electrons          :                                               5
 Total electrons         :                                              10
---------------------------------------------------------------------------
    n  Occ Spin          :                                            Norm
---------------------------------------------------------------------------
    0    2    p          :                              9.999932443729e-01
    1    2    p          :                              9.999510746687e-01
    2    2    p          :                              9.999999998876e-01
    3    2    p          :                              9.999999965148e-01
    4    2    p          :                              9.999999875184e-01
===========================================================================


~~~~~~~~~~~~~~~~~~~~~~~~~~~~~~~~~~~~~~~~~~~~~~~~~~~~~~~~~~~~~~~~~~~~~~~~~~~
 Calculation             : Compute initial energy
 Method                  : DFT (SVWN5)
 Precision               : 1.00000e-03
 Localization            : Off
~~~~~~~~~~~~~~~~~~~~~~~~~~~~~~~~~~~~~~~~~~~~~~~~~~~~~~~~~~~~~~~~~~~~~~~~~~~


===========================================================================
                        Molecular Energy (initial)
---------------------------------------------------------------------------
 Kinetic energy          :            (au)                166.756883963381
 E-N energy              :            (au)               -329.239441115551
 Coulomb energy          :            (au)                 94.589667875980
 Exchange energy         :            (au)                  0.000000000000
 X-C energy              :            (au)                -15.307321585753
 Ext. field (el)         :            (au)                  0.000000000000
---------------------------------------------------------------------------
 N-N energy              :            (au)                  5.171754257836
 Ext. field (nuc)        :            (au)                  0.000000000000
---------------------------------------------------------------------------
 Electronic energy       :            (au)                -83.200210861942
 Nuclear energy          :            (au)                  5.171754257836
---------------------------------------------------------------------------
 Total energy            :            (au)             -7.802845660411e+01
                         :      (kcal/mol)             -4.896359537053e+04
                         :        (kJ/mol)             -2.048636831633e+05
                         :            (eV)             -2.123262377512e+03
===========================================================================


===========================================================================
                        Orbital Energies (initial)
---------------------------------------------------------------------------
    n  Occ Spin          :                                         Epsilon
---------------------------------------------------------------------------
    0    2    p          :            (au)                -14.600146474836
    1    2    p          :            (au)                  3.229378313382
    2    2    p          :            (au)                  4.751600904833
    3    2    p          :            (au)                  4.776601960882
    4    2    p          :            (au)                  5.082841965388
---------------------------------------------------------------------------
 Sum occupied            :            (au)                  6.480553339298
===========================================================================


~~~~~~~~~~~~~~~~~~~~~~~~~~~~~~~~~~~~~~~~~~~~~~~~~~~~~~~~~~~~~~~~~~~~~~~~~~~
 Calculation             : Optimize ground state orbitals
 Method                  : DFT (SVWN5)
 Checkpointing           : Off
 Max iterations          : 100
 KAIN solver             : 5
 Localization            : Off
 Diagonalization         : First two iterations
 Start precision         : 1.00000e-06
 Final precision         : 1.00000e-06
 Helmholtz precision     : Dynamic
 Energy threshold        : Off
 Orbital threshold       : 1.00000e-05
~~~~~~~~~~~~~~~~~~~~~~~~~~~~~~~~~~~~~~~~~~~~~~~~~~~~~~~~~~~~~~~~~~~~~~~~~~~


===========================================================================
 Iter           MO residual             Total energy                Update
---------------------------------------------------------------------------
    0          2.236068e+00         -78.028456604106         -7.802846e+01
    1          1.196428e+00         -99.229077246797         -2.120062e+01
    2          5.063380e-01         -99.534250992065         -3.051737e-01
    3          3.691604e-01         -99.795336217076         -2.610852e-01
    4          1.290057e-01         -99.836422153997         -4.108594e-02
    5          7.954856e-02         -99.849780516017         -1.335836e-02
    6          2.236646e-02         -99.851757338622         -1.976823e-03
    7          9.724676e-03         -99.852037981768         -2.806431e-04
    8          1.223484e-03         -99.852052534825         -1.455306e-05
    9          7.423567e-04         -99.852055493477         -2.958651e-06
   10          1.808334e-04         -99.852055684687         -1.912109e-07
   11          1.018104e-04         -99.852055750949         -6.626138e-08
   12          2.279520e-05         -99.852055755137         -4.188507e-09
   13          1.697243e-05         -99.852055756095         -9.572432e-10
   14          9.920711e-06         -99.852055756394         -2.993943e-10
---------------------------------------------------------------------------
                      SCF converged in 14 iterations!
===========================================================================


                                                                           
***************************************************************************
***                                                                     ***
***                    Printing Molecular Properties                    ***
***                                                                     ***
***************************************************************************
                                                                           
                                                                           
===========================================================================
                                 Molecule
---------------------------------------------------------------------------
 Charge                  :                                               0
 Multiplicity            :                                               1
---------------------------------------------------------------------------
    N    Atom            :               x               y               z
---------------------------------------------------------------------------
    0       F            :       -2.257706       -0.462190        0.643846
    1       H            :       -3.165641       -0.748193        2.100633
---------------------------------------------------------------------------
 Center of mass          :       -2.303448       -0.476600        0.717240
===========================================================================


===========================================================================
                         Molecular Energy (final)
---------------------------------------------------------------------------
 Kinetic energy          :            (au)                 99.414748531278
 E-N energy              :            (au)               -249.745368143554
 Coulomb energy          :            (au)                 55.444177950029
 Exchange energy         :            (au)                  0.000000000000
 X-C energy              :            (au)                -10.137368351983
 Ext. field (el)         :            (au)                  0.000000000000
---------------------------------------------------------------------------
 N-N energy              :            (au)                  5.171754257836
 Ext. field (nuc)        :            (au)                  0.000000000000
---------------------------------------------------------------------------
 Electronic energy       :            (au)               -105.023810014230
 Nuclear energy          :            (au)                  5.171754257836
---------------------------------------------------------------------------
 Total energy            :            (au)             -9.985205575639e+01
                         :      (kcal/mol)             -6.265811048625e+04
                         :        (kJ/mol)             -2.621615344446e+05
                         :            (eV)             -2.717112737221e+03
===========================================================================


===========================================================================
                         Orbital Energies (final)
---------------------------------------------------------------------------
    n  Occ Spin          :                                         Epsilon
---------------------------------------------------------------------------
    0    2    p          :            (au)                -24.087720328749
    1    2    p          :            (au)                 -1.095845208266
    2    2    p          :            (au)                 -0.498284747046
    3    2    p          :            (au)                 -0.360555002182
    4    2    p          :            (au)                 -0.360554974682
---------------------------------------------------------------------------
 Sum occupied            :            (au)                -52.805920521849
===========================================================================


===========================================================================
                           Dipole Moment (dip-1)
---------------------------------------------------------------------------
 r_O                     :        0.000000        0.000000        0.000000
---------------------------------------------------------------------------
 Electronic vector       :       23.115234        4.791432       -7.301967
 Magnitude               :            (au)                       24.710131
                         :         (Debye)                       62.806883
---------------------------------------------------------------------------
 Nuclear vector          :      -23.484991       -4.907907        7.895245
 Magnitude               :            (au)                       25.258013
                         :         (Debye)                       64.199460
---------------------------------------------------------------------------
 Total vector            :       -0.369757       -0.116475        0.593277
 Magnitude               :            (au)                        0.708706
                         :         (Debye)                        1.801351
===========================================================================


===========================================================================
                           Geometric Derivative
---------------------------------------------------------------------------
 Total                   :        0.000000        0.000000        0.000000
 Norm                    :            (au)                        0.000000
---------------------------------------------------------------------------
 Nuclear                 :        0.000000        0.000000        0.000000
 Norm                    :            (au)                        0.000000
---------------------------------------------------------------------------
 Electronic              :        0.000000        0.000000        0.000000
 Norm                    :            (au)                        0.000000
===========================================================================


                                                                           
                                                                           
***************************************************************************
***                                                                     ***
***                            Exiting MRChem                           ***
***                                                                     ***
***                       Wall time :  0h  5m 41s                       ***
***                                                                     ***
***************************************************************************
                                                                           
                                                                           
