                                                                      
                                                                      
**********************************************************************
***                                                                ***
***                                                                ***
***        __  __ ____   ____ _                                    ***
***       |  \/  |  _ \ / ___| |__   ___ _ __ ___                  ***
***       | |\/| | |_) | |   | '_ \ / _ \ '_ ` _ \                 ***
***       | |  | |  _ <| |___| | | |  __/ | | | | |                ***
***       |_|  |_|_| \_\\____|_| |_|\___|_| |_| |_|                ***
***                                                                ***
***       VERSION            0.3.0-alpha                           ***
***                                                                ***
***       Git branch         modernize_energy_calculation          ***
***       Git commit hash    297ecd98e048a26da678-dirty            ***
***       Git commit author  Stig Rune Jensen                      ***
***       Git commit date    Thu Mar 5 12:13:23 2020 +0100         ***
***                                                                ***
***       Magnar Bjorgve     <magnar.bjorgve@uit.no>               ***
***       Roberto Di Remigio <roberto.di.remigio@uit.no>           ***
***       Luca Frediani      <luca.frediani@uit.no>                ***
***       Gabriel Gerez      <gsa017@post.uit.no>                  ***
***       Stig Rune Jensen   <stig.r.jensen@uit.no>                ***
***       Peter Wind         <peter.wind@uit.no>                   ***
***                                                                ***
**********************************************************************

----------------------------------------------------------------------

 MPI processes         :      (no bank)                             1
 OpenMP threads        :                                            1
 Total cores           :                                            1
                                                                      
----------------------------------------------------------------------

XCFun DFT library Copyright 2009-2020 Ulf Ekstrom and contributors.
See http://dftlibs.org/xcfun/ for more information.

This is free software; see the source code for copying conditions.
There is ABSOLUTELY NO WARRANTY; not even for MERCHANTABILITY or
FITNESS FOR A PARTICULAR PURPOSE. For details see the documentation.
Scientific users of this library should cite
U. Ekstrom, L. Visscher, R. Bast, A. J. Thorvaldsen and K. Ruud;
J.Chem.Theor.Comp. 2010, DOI: 10.1021/ct100117s

----------------------------------------------------------------------

 MRCPP version         : 1.2.0-alpha2
 Git branch            : modernize_energy_calculation
 Git commit hash       : ea07b65c8109b8937518-dirty
 Git commit author     : Magnar Bj√∏rgve
 Git commit date       : Wed Mar 4 22:18:16 2020 +0100

 Linear algebra        : EIGEN v3.3.7
 Parallelization       : OpenMP

----------------------------------------------------------------------


                                                                      
======================================================================
                       MultiResolution Analysis
----------------------------------------------------------------------
 polynomial order      : 5
 polynomial type       : Interpolating
----------------------------------------------------------------------
 total boxes           : 8
 boxes                 : [          2           2           2 ]
 unit lengths          : [   16.00000    16.00000    16.00000 ]
 scaling factor        : [    1.00000     1.00000     1.00000 ]
 lower bounds          : [  -16.00000   -16.00000   -16.00000 ]
 upper bounds          : [   16.00000    16.00000    16.00000 ]
 total length          : [   32.00000    32.00000    32.00000 ]
======================================================================


                                                                      
**********************************************************************
***                                                                ***
***                     Initializing Molecule                      ***
***                                                                ***
**********************************************************************
                                                                      
                                                                      
======================================================================
                               Molecule
----------------------------------------------------------------------
 Charge                :                                            0
 Multiplicity          :                                            2
----------------------------------------------------------------------
    N    Atom          :              x              y              z
----------------------------------------------------------------------
    0       H          :       0.000000       0.000000       1.000000
----------------------------------------------------------------------
 Center of mass        :       0.000000       0.000000       1.000000
 Gauge origin          :       0.000000       0.000000       0.000000
======================================================================


                                                                      
**********************************************************************
***                                                                ***
***              Computing Initial Guess Wavefunction              ***
***                                                                ***
**********************************************************************
                                                                      
                                                                      
~~~~~~~~~~~~~~~~~~~~~~~~~~~~~~~~~~~~~~~~~~~~~~~~~~~~~~~~~~~~~~~~~~~~~~
 Calculation           : Diagonalize Hamiltonian matrix
 Precision             : 1.00000e-03
 Restricted            : False
 Hamiltonian           : Core
 AO basis              : Hydrogenic orbitals
 Zeta quality          : 2
~~~~~~~~~~~~~~~~~~~~~~~~~~~~~~~~~~~~~~~~~~~~~~~~~~~~~~~~~~~~~~~~~~~~~~


======================================================================
                          Molecular Orbitals
----------------------------------------------------------------------
 Alpha electrons       :                                            1
 Beta electrons        :                                            0
 Total electrons       :                                            1
----------------------------------------------------------------------
    n  Occ Spin        :                                         Norm
----------------------------------------------------------------------
    0    1    a        :                           1.000000000000e+00
======================================================================


                                                                      
**********************************************************************
***                                                                ***
***              Computing Ground State Wavefunction               ***
***                                                                ***
**********************************************************************
                                                                      
                                                                      
~~~~~~~~~~~~~~~~~~~~~~~~~~~~~~~~~~~~~~~~~~~~~~~~~~~~~~~~~~~~~~~~~~~~~~
 Calculation           : Compute initial energy
 Method                : Hartree-Fock
 Precision             : 1.00000e-03
 Localization          : Off
~~~~~~~~~~~~~~~~~~~~~~~~~~~~~~~~~~~~~~~~~~~~~~~~~~~~~~~~~~~~~~~~~~~~~~


======================================================================
                           Molecular Energy
----------------------------------------------------------------------
 Kinetic energy        :           (au)                0.500038592412
 E-N energy            :           (au)               -1.000003113631
 Coulomb energy        :           (au)                0.311494116621
 Exchange energy       :           (au)               -0.312479677884
 X-C energy            :           (au)                0.000000000000
 Ext. field (el)       :           (au)                0.010000015936
 Ext. field (nuc)      :           (au)               -0.010000000000
----------------------------------------------------------------------
 Electronic energy     :           (au)               -0.490950066545
 Nuclear energy        :           (au)               -0.010000000000
----------------------------------------------------------------------
 Total energy          :           (au)           -5.009500665453e-01
                       :     (kcal/mol)           -3.143509102534e+02
                       :       (kJ/mol)           -1.315244209354e+03
                       :           (eV)           -1.363154515159e+01
======================================================================


======================================================================           
                           Orbital Energies                                      
----------------------------------------------------------------------           
    n  Occ Spin        :                                      Epsilon            
----------------------------------------------------------------------           
    0    1    a        :           (au)               -0.491935627808            
----------------------------------------------------------------------           
 Sum occupied          :           (au)               -0.491935627808            
======================================================================


~~~~~~~~~~~~~~~~~~~~~~~~~~~~~~~~~~~~~~~~~~~~~~~~~~~~~~~~~~~~~~~~~~~~~~
 Calculation           : Optimize ground state orbitals
 Method                : Hartree-Fock
 Max iterations        : 5
 KAIN solver           : 3
 Localization          : Off
 Diagonalization       : First two iterations
 Helmholtz precision   : 1.00000e-03
 Start precision       : 1.00000e-03
 Final precision       : 1.00000e-03
 Energy threshold      : 1.00000e-04
 Orbital threshold     : 1.00000e-02
~~~~~~~~~~~~~~~~~~~~~~~~~~~~~~~~~~~~~~~~~~~~~~~~~~~~~~~~~~~~~~~~~~~~~~


======================================================================
 Iter         MO residual            Total energy              Update
----------------------------------------------------------------------
    0        1.000000e+00         -0.500950066545       -5.009501e-01
    1        1.284801e-02         -0.501161670398       -2.116039e-04
    2        5.759561e-03         -0.501202800110       -4.112971e-05
----------------------------------------------------------------------
                   SCF converged in 2 iterations!
======================================================================


                                                                      
**********************************************************************
***                                                                ***
***                 Printing Molecular Properties                  ***
***                                                                ***
**********************************************************************
                                                                      
                                                                      
======================================================================
                               Molecule
----------------------------------------------------------------------
 Charge                :                                            0
 Multiplicity          :                                            2
----------------------------------------------------------------------
    N    Atom          :              x              y              z
----------------------------------------------------------------------
    0       H          :       0.000000       0.000000       1.000000
----------------------------------------------------------------------
 Center of mass        :       0.000000       0.000000       1.000000
 Gauge origin          :       0.000000       0.000000       0.000000
======================================================================


======================================================================
                           Orbital Energies
----------------------------------------------------------------------
    n  Occ Spin        :                                      Epsilon
----------------------------------------------------------------------
    0    1    a        :           (au)               -0.492250268397
----------------------------------------------------------------------
 Sum occupied          :           (au)               -0.492250268397
======================================================================


======================================================================
                           Molecular Energy
----------------------------------------------------------------------
 Kinetic energy        :           (au)                0.502858217557
 E-N energy            :           (au)               -1.002664607548
 Coulomb energy        :           (au)                0.312455661259
 Exchange energy       :           (au)               -0.313503129546
 X-C energy            :           (au)                0.000000000000
 Ext. field (el)       :           (au)                0.009651058167
 Ext. field (nuc)      :           (au)               -0.010000000000
----------------------------------------------------------------------
 Electronic energy     :           (au)               -0.491202800110
 Nuclear energy        :           (au)               -0.010000000000
----------------------------------------------------------------------
 Total energy          :           (au)           -5.012028001105e-01
                       :     (kcal/mol)           -3.145095029586e+02
                       :       (kJ/mol)           -1.315907761233e+03
                       :           (eV)           -1.363842238194e+01
======================================================================


======================================================================
                            Dipole Moment
----------------------------------------------------------------------
 Electronic vector     :      -0.000000      -0.000000      -0.965106
 Magnitude             :           (au)                      0.965106
                       :        (Debye)                      2.453054
----------------------------------------------------------------------
 Nuclear vector        :       0.000000       0.000000       1.000000
 Magnitude             :           (au)                      1.000000
                       :        (Debye)                      2.541746
----------------------------------------------------------------------
 Total vector          :       0.000000       0.000000       0.034894
 Magnitude             :           (au)                      0.034894
                       :        (Debye)                      0.088692
======================================================================


                                                                      
                                                                      
**********************************************************************
***                                                                ***
***                         Exiting MRChem                         ***
***                                                                ***
***                    Wall time :  0h  0m  7s                     ***
***                                                                ***
**********************************************************************
                                                                      
                                                                      
