


************************************************************
***     __  __ ____   ____ _                             ***
***    |  \/  |  _ \ / ___| |__   ___ _ __ ___           ***
***    | |\/| | |_) | |   | '_ \ / _ \ '_ ` _ \          ***
***    | |  | |  _ <| |___| | | |  __/ | | | | |         ***
***    |_|  |_|_| \_\\____|_| |_|\___|_| |_| |_|         ***
***                                                      ***
***    VERSION 0.0.1 (rev. 996f83d5)                      ***
***                                                      ***
***    Stig Rune Jensen <stig.r.jensen@uit.no>           ***
***    Luca Frediani    <luca.frediani@uit.no>           ***
***    Peter Wind       <peter.wind@uit.no>              ***
***                                                      ***
************************************************************


+++ Serial execution


------------------------------------------------------------

 MRCPP version   : X.Y.Z
 Git revision    : e5c44e2

 Linear algebra  : EIGEN
 Parallelization : NONE

------------------------------------------------------------




============================================================
                  MultiResolution Analysis
------------------------------------------------------------
 polynomial order = 5
 polynomial type  = Interpolating
------------------------------------------------------------
 unit length      = 16.000000
 total boxes      = 8
 boxes            = [           2           2           2 ]
 lower bounds     = [  -16.000000  -16.000000  -16.000000 ]
 upper bounds     = [   16.000000   16.000000   16.000000 ]
 total length     = [   32.000000   32.000000   32.000000 ]
============================================================


============================================================
                          Molecule
------------------------------------------------------------
 Nr  Element             x             y             z
------------------------------------------------------------
  1     H           0.00000e+00   0.00000e+00   0.00000e+00
------------------------------------------------------------
 Center of mass:    0.00000e+00   0.00000e+00   0.00000e+00
============================================================


============================================================
                Setting up nuclear potential
------------------------------------------------------------
 Nr  Element         Charge        Precision     Smoothing
------------------------------------------------------------
  1     H            1.00000e+00   1.00000e-03   1.63241e-02
------------------------------------------------------------
 Projecting potential                  712      1.57230e-01
============================================================


============================================================
                Setting up nuclear potential
------------------------------------------------------------
 Nr  Element         Charge        Precision     Smoothing
------------------------------------------------------------
  1     H            1.00000e+00   1.00000e-03   1.63241e-02
------------------------------------------------------------
 Projecting potential                  712      1.56694e-01
============================================================


============================================================
                  Projecting Hydrogen AOs
------------------------------------------------------------
    N    Atom   Label                     SquareNorm
------------------------------------------------------------
    1     H1     1s                   1.000001700982789e+00
    2     H1     2s                   9.998015962401129e-01
    3     H1     2p                   9.999164742286866e-01
    4     H1     2p                   9.999164742286866e-01
    5     H1     2p                   9.999164742286866e-01
------------------------------------------------------------
                 Wall time: 1.45502e-01 sec
============================================================


============================================================
            Diagonalize Core-Hamiltonian matrix
------------------------------------------------------------
 Compute Fock matrix                            6.58700e-01
 Diagonalize Fock matrix                        1.86680e-05
 Rotate orbitals                                2.07633e-03
------------------------------------------------------------
                 Wall time: 6.60949e-01 sec
============================================================


============================================================
                        Eigenvalues
------------------------------------------------------------
-4.9975869010e-01
-1.2485455524e-01
-1.2485455524e-01
-1.2485455524e-01
-1.2463039627e-01
============================================================


============================================================
 OrbitalVector:   1 orbitals     1 occupied     1 electrons
------------------------------------------------------------
   n  RankID           Norm          Spin Occ      Error
------------------------------------------------------------
   0    -1       1.000000000000e+00    a   1    1.00000e+00
============================================================


============================================================
                  Setting up Fock operator
------------------------------------------------------------
 Precision                                      1.00000e-03
------------------------------------------------------------
 Coulomb density                       264      6.14129e-02
 Coulomb potential                       8      2.21211e-01
 Hartree-Fock exchange                 264      1.08659e+00
------------------------------------------------------------
                 Wall time: 1.37249e+00 sec
============================================================


============================================================
                  Calculating Fock matrix
------------------------------------------------------------
 Kinetic part                         7.898177900000000e-02
 Potential part                       3.302869240000000e-01
------------------------------------------------------------
                 Wall time: 4.09370e-01 sec
============================================================




####################### SCF cycle  1 #######################


============================================================
 Current precision                              1.00000e-03
------------------------------------------------------------
 Orbital threshold                              1.00000e-02
 Property threshold                             1.00000e-04
============================================================


============================================================
                  Digonalizing Fock matrix
------------------------------------------------------------
 Computing Lowdin matrix                        1.72893e-04
 Diagonalizing matrix                           9.79100e-06
 Rotating orbitals                              6.04386e-03
------------------------------------------------------------
                 Wall time: 6.28120e-03 sec
============================================================


============================================================
                   Calculating SCF energy
------------------------------------------------------------
 Nuclear energy                      -6.322995391718899e-17
 Electronic energy                   -5.005300224259828e-01
------------------------------------------------------------
 Total energy                        -5.005300224259829e-01
------------------------------------------------------------
                 Wall time: 3.29536e-01 sec
============================================================


============================================================
                Applying Helmholtz operators
------------------------------------------------------------
 Orb    RealNorm   Nodes     ImagNorm   Nodes     Timing
------------------------------------------------------------
  0    1.00008e+00   200    0.00000e+00     0   2.33555e+00
------------------------------------------------------------
                 Wall time: 2.33571e+00 sec
============================================================


============================================================
               Iterative subspace accelerator
------------------------------------------------------------
 Push back orbitals                             9.67400e-06
 Copy orbitals                                  2.45155e-03
 Copy orbital updates                           2.70969e-03
------------------------------------------------------------
                 Wall time: 5.23315e-03 sec
============================================================


============================================================
                  Setting up Fock operator
------------------------------------------------------------
 Precision                                      1.00000e-03
------------------------------------------------------------
 Coulomb density                       264      5.88848e-02
 Coulomb potential                       8      2.97656e-01
 Hartree-Fock exchange                 264      1.88485e+00
------------------------------------------------------------
                 Wall time: 2.24690e+00 sec
============================================================


============================================================
                  Calculating Fock matrix
------------------------------------------------------------
 Kinetic part                         1.370747480000000e-01
 Potential part                       5.739374730000000e-01
------------------------------------------------------------
                 Wall time: 7.11148e-01 sec
============================================================


============================================================
                          Orbitals
------------------------------------------------------------
 Orb    F(i,i)        Error         nNodes  Spin  Occ  Done
------------------------------------------------------------
  0  -5.01600e-01   1.24597e-02        200    a    1    0
------------------------------------------------------------
 Total error:                            1.24597e-02    0
============================================================


============================================================
                    Energy                 Update      Done
------------------------------------------------------------
 Orbital      -5.013013547492887e-01    -5.01301e-01    0
 Kinetic       5.003116191124531e-01     5.00312e-01    0
 N-E          -1.000070309215130e+00    -1.00007e+00    0
 Coulomb       3.116875163759136e-01     3.11688e-01    0
 Exchange     -3.124588486992195e-01    -3.12459e-01    0
 X-C           0.000000000000000e+00     0.00000e+00    1
------------------------------------------------------------
 Electronic   -5.005300224259828e-01    -5.00530e-01    0
 Nuclear      -6.322995391718899e-17    -6.32300e-17    1
------------------------------------------------------------
 Total        -5.005300224259829e-01    -5.00530e-01    0
============================================================


################ Wall time: 5.66313e+00 sec ################




####################### SCF cycle  2 #######################


============================================================
 Current precision                              1.00000e-03
------------------------------------------------------------
 Orbital threshold                              1.00000e-02
 Property threshold                             1.00000e-04
============================================================


============================================================
                  Digonalizing Fock matrix
------------------------------------------------------------
 Computing Lowdin matrix                        1.93786e-04
 Diagonalizing matrix                           4.73500e-06
 Rotating orbitals                              1.01307e-02
------------------------------------------------------------
                 Wall time: 1.04218e-02 sec
============================================================


============================================================
                   Calculating SCF energy
------------------------------------------------------------
 Nuclear energy                      -6.322995391718899e-17
 Electronic energy                   -5.007850727332248e-01
------------------------------------------------------------
 Total energy                        -5.007850727332249e-01
------------------------------------------------------------
                 Wall time: 4.84210e-01 sec
============================================================


============================================================
                Applying Helmholtz operators
------------------------------------------------------------
 Orb    RealNorm   Nodes     ImagNorm   Nodes     Timing
------------------------------------------------------------
  0    1.00010e+00   200    0.00000e+00     0   2.33517e+00
------------------------------------------------------------
                 Wall time: 2.33529e+00 sec
============================================================


============================================================
               Iterative subspace accelerator
------------------------------------------------------------
 Push back orbitals                             1.81000e-06
 Copy orbitals                                  1.99099e-03
 Copy orbital updates                           2.00922e-03
------------------------------------------------------------
                 Wall time: 4.06259e-03 sec
============================================================


============================================================
                  Setting up Fock operator
------------------------------------------------------------
 Precision                                      1.00000e-03
------------------------------------------------------------
 Coulomb density                       264      5.73970e-02
 Coulomb potential                       8      2.21289e-01
 Hartree-Fock exchange                 264      1.09719e+00
------------------------------------------------------------
                 Wall time: 1.37907e+00 sec
============================================================


============================================================
                  Calculating Fock matrix
------------------------------------------------------------
 Kinetic part                         7.995349300000000e-02
 Potential part                       3.328253350000000e-01
------------------------------------------------------------
                 Wall time: 4.12894e-01 sec
============================================================


============================================================
                          Orbitals
------------------------------------------------------------
 Orb    F(i,i)        Error         nNodes  Spin  Occ  Done
------------------------------------------------------------
  0  -5.01654e-01   5.66677e-03        200    a    1    1
------------------------------------------------------------
 Total error:                            5.66677e-03    1
============================================================


============================================================
                    Energy                 Update      Done
------------------------------------------------------------
 Orbital      -5.016003227852812e-01    -2.98968e-04    0
 Kinetic       5.006629899034944e-01     3.51371e-04    0
 N-E          -1.000400384634754e+00    -3.30075e-04    0
 Coulomb       3.121804735144462e-01     4.92957e-04    0
 Exchange     -3.129957235665026e-01    -5.36875e-04    0
 X-C           0.000000000000000e+00     0.00000e+00    1
------------------------------------------------------------
 Electronic   -5.007850727332248e-01    -2.55050e-04    0
 Nuclear      -6.322995391718899e-17     0.00000e+00    1
------------------------------------------------------------
 Total        -5.007850727332249e-01    -2.55050e-04    0
============================================================


################ Wall time: 4.65785e+00 sec ################




####################### SCF cycle  3 #######################


============================================================
 Current precision                              1.00000e-03
------------------------------------------------------------
 Orbital threshold                              1.00000e-02
 Property threshold                             1.00000e-04
============================================================


============================================================
                   Calculating SCF energy
------------------------------------------------------------
 Nuclear energy                      -6.322995391718899e-17
 Electronic energy                   -5.008304439708952e-01
------------------------------------------------------------
 Total energy                        -5.008304439708953e-01
------------------------------------------------------------
                 Wall time: 3.29543e-01 sec
============================================================


============================================================
                Applying Helmholtz operators
------------------------------------------------------------
 Orb    RealNorm   Nodes     ImagNorm   Nodes     Timing
------------------------------------------------------------
  0    1.00016e+00   200    0.00000e+00     0   2.33533e+00
------------------------------------------------------------
                 Wall time: 2.33545e+00 sec
============================================================


============================================================
               Iterative subspace accelerator
------------------------------------------------------------
 Push back orbitals                             1.86700e-06
 Setup linear system                            7.60425e-03
 Solve linear system                            1.42760e-05
 Expand solution                                6.73851e-03
------------------------------------------------------------
                 Wall time: 1.44389e-02 sec
============================================================


============================================================
                  Setting up Fock operator
------------------------------------------------------------
 Precision                                      1.00000e-03
------------------------------------------------------------
 Coulomb density                       264      5.78875e-02
 Coulomb potential                       8      2.21225e-01
 Hartree-Fock exchange                 264      1.10108e+00
------------------------------------------------------------
                 Wall time: 1.38341e+00 sec
============================================================


============================================================
                  Calculating Fock matrix
------------------------------------------------------------
 Kinetic part                         7.959905000000000e-02
 Potential part                       3.281836820000000e-01
------------------------------------------------------------
                 Wall time: 4.07878e-01 sec
============================================================


============================================================
                          Orbitals
------------------------------------------------------------
 Orb    F(i,i)        Error         nNodes  Spin  Occ  Done
------------------------------------------------------------
  0  -5.01672e-01   5.09427e-03        200    a    1    1
------------------------------------------------------------
 Total error:                            5.09427e-03    1
============================================================


============================================================
                    Energy                 Update      Done
------------------------------------------------------------
 Orbital      -5.016544646414960e-01    -5.41419e-05    0
 Kinetic       5.008025635542628e-01     1.39574e-04    0
 N-E          -1.000467030410575e+00    -6.66458e-05    1
 Coulomb       3.123073871506888e-01     1.26914e-04    0
 Exchange     -3.131314078212896e-01    -1.35684e-04    0
 X-C           0.000000000000000e+00     0.00000e+00    1
------------------------------------------------------------
 Electronic   -5.008304439708952e-01    -4.53712e-05    1
 Nuclear      -6.322995391718899e-17     0.00000e+00    1
------------------------------------------------------------
 Total        -5.008304439708953e-01    -4.53712e-05    1
============================================================


################ Wall time: 4.48915e+00 sec ################


============================================================
                      Convergence rate
------------------------------------------------------------
Iter    OrbError       Property                   Update
------------------------------------------------------------
  1    1.24597e-02    -5.005300224259829e-01   -5.00530e-01
  2    5.66677e-03    -5.007850727332249e-01   -2.55050e-04
  3    5.09427e-03    -5.008304439708953e-01   -4.53712e-05
------------------------------------------------------------
                      SCF converged!!!
============================================================


============================================================
                  Digonalizing Fock matrix
------------------------------------------------------------
 Computing Lowdin matrix                        1.69190e-04
 Diagonalizing matrix                           2.98300e-06
 Rotating orbitals                              6.09632e-03
------------------------------------------------------------
                 Wall time: 6.32211e-03 sec
============================================================


============================================================
                  Setting up Fock operator
------------------------------------------------------------
 Precision                                      1.00000e-03
------------------------------------------------------------
 Coulomb density                       264      5.81631e-02
 Coulomb potential                       8      2.20049e-01
 Hartree-Fock exchange                 264      1.09585e+00
------------------------------------------------------------
                 Wall time: 1.37724e+00 sec
============================================================


============================================================
                   Calculating SCF energy
------------------------------------------------------------
------------------------------------------------------------
                 Wall time: 3.27779e-01 sec
============================================================


============================================================
                 Calculating dipole moment
------------------------------------------------------------
------------------------------------------------------------
                 Wall time: 1.74193e-01 sec
============================================================


============================================================
                        Fock matrix
------------------------------------------------------------
-5.01672e-01
============================================================


============================================================
                      Orbital energies
------------------------------------------------------------
    n  spin  occ                            epsilon
------------------------------------------------------------
    0    a    1                      -5.016720627637921e-01
============================================================


============================================================
                          Molecule
------------------------------------------------------------
 Nr  Element             x             y             z
------------------------------------------------------------
  1     H           0.00000e+00   0.00000e+00   0.00000e+00
------------------------------------------------------------
 Center of mass:    0.00000e+00   0.00000e+00   0.00000e+00
============================================================



============================================================
                         SCF Energy
------------------------------------------------------------

 Sum orbital energy:                 -5.016720627637921e-01
 Kinetic energy:                      5.008101600368537e-01
 E-N energy:                         -1.000385152178866e+00
 Coulomb energy:                      3.123333829701324e-01
 Exchange energy:                    -3.131608455702762e-01
 X-C energy:                          0.000000000000000e+00
 El. External field energy:          -4.421454214925370e-04
 Nuc. External field energy:         -6.322995391718899e-17

------------------------------------------------------------

 Electronic energy:                  -5.008446001636482e-01
 Nuclear energy:                     -6.322995391718899e-17

------------------------------------------------------------

 Total energy       (au)             -5.008446001636483e-01
                    (kJ/mol)         -1.314967307408710e+03
                    (kcal/mol)       -3.142847291002082e+02
                    (eV)             -1.362867526526633e+01

============================================================



============================================================
                         Dipole moment
------------------------------------------------------------

 Length of vector:   (au)                  4.4214542149e-02
                     (Debye)               1.1238214587e-01

-------------------------- Total ---------------------------

 [2.6138902034e-14, 1.0166626373e-14, 4.4214542149e-02]

------------------------- Nuclear --------------------------

 [2.5693244454e-14, 9.5962701777e-15, 6.3229953917e-15]

------------------------ Electronic ------------------------

 [4.4565757959e-16, 5.7035619543e-16, 4.4214542149e-02]

============================================================




************************************************************
***                                                      ***
***                    Exiting MRChem                    ***
***                                                      ***
***               Wall time: 1.969874e+01                ***
***                                                      ***
************************************************************



Precision is set by energy estimate Z^(5/2)
('   est_norm  ', 1.0)
('   abs_prec  ', 0.0001)
('   rel_prec  ', 0.001)
