                                                                      
                                                                      
**********************************************************************
***                                                                ***
***                                                                ***
***          __  __ ____   ____ _                                  ***
***         |  \/  |  _ \ / ___| |__   ___ _ __ ___                ***
***         | |\/| | |_) | |   | '_ \ / _ \ '_ ` _ \               ***
***         | |  | |  _ <| |___| | | |  __/ | | | | |              ***
***         |_|  |_|_| \_\\____|_| |_|\___|_| |_| |_|              ***
***                                                                ***
***         VERSION    0.0.1        (rev.   68df7e4c)              ***
***                                                                ***
***         Stig Rune Jensen   <stig.r.jensen@uit.no>              ***
***         Luca Frediani      <luca.frediani@uit.no>              ***
***         Peter Wind         <peter.wind@uit.no>                 ***
***                                                                ***
**********************************************************************

----------------------------------------------------------------------

 MPI processes         :                                            1
 OpenMP threads        :                                            1
 Total cores           :                                            1
                                                                      
----------------------------------------------------------------------

XCFun DFT library Copyright 2009-2011 Ulf Ekstrom and contributors.
See http://dftlibs.org/xcfun/ for more information.

This is free software; see the source code for copying conditions.
There is ABSOLUTELY NO WARRANTY; not even for MERCHANTABILITY or
FITNESS FOR A PARTICULAR PURPOSE. For details see the documentation.
Scientific users of this library should cite
U. Ekstrom, L. Visscher, R. Bast, A. J. Thorvaldsen and K. Ruud;
J.Chem.Theor.Comp. 2010, DOI: 10.1021/ct100117s

----------------------------------------------------------------------

 MRCPP version         : X.Y.Z
 Git revision          : 316f21ec

 Linear algebra        : EIGEN v3.3.7
 Parallelization       : OpenMP

----------------------------------------------------------------------


                                                                      
======================================================================
                       MultiResolution Analysis
----------------------------------------------------------------------
 polynomial order      : 5
 polynomial type       : Interpolating
----------------------------------------------------------------------
 total boxes           : 8
 boxes                 : [          2           2           2 ]
 unit lengths          : [   16.00000    16.00000    16.00000 ]
 scaling factor        : [    1.00000     1.00000     1.00000 ]
 lower bounds          : [  -16.00000   -16.00000   -16.00000 ]
 upper bounds          : [   16.00000    16.00000    16.00000 ]
 total length          : [   32.00000    32.00000    32.00000 ]
======================================================================


                                                                      
**********************************************************************
***                                                                ***
***                     Initializing Molecule                      ***
***                                                                ***
**********************************************************************
                                                                      
                                                                      
======================================================================
                               Molecule
----------------------------------------------------------------------
 Charge                :                                            0
 Multiplicity          :                                            2
----------------------------------------------------------------------
    N    Atom          :              x              y              z
----------------------------------------------------------------------
    0      Li          :       0.000000       0.000000       0.000000
----------------------------------------------------------------------
 Center of mass        :       0.000000       0.000000       0.000000
======================================================================


                                                                      
**********************************************************************
***                                                                ***
***              Computing Initial Guess Wavefunction              ***
***                                                                ***
**********************************************************************
                                                                      
                                                                      
~~~~~~~~~~~~~~~~~~~~~~~~~~~~~~~~~~~~~~~~~~~~~~~~~~~~~~~~~~~~~~~~~~~~~~
 Calculation           : Reading Gaussian-type MOs
 Precision             : 1.00000e-03
 Restricted            : False
 Basis file            : initial_guess/mrchem.bas
 MO alpha file         : initial_guess/mrchem.moa
 MO beta file          : initial_guess/mrchem.mob
~~~~~~~~~~~~~~~~~~~~~~~~~~~~~~~~~~~~~~~~~~~~~~~~~~~~~~~~~~~~~~~~~~~~~~


======================================================================
                          Molecular Orbitals
----------------------------------------------------------------------
 Alpha electrons       :                                            2
 Beta electrons        :                                            1
 Total electrons       :                                            3
----------------------------------------------------------------------
    n  Occ Spin        :                                         Norm
----------------------------------------------------------------------
    0    1    a        :                           9.999999988178e-01
    1    1    a        :                           1.000000048122e+00
    2    1    b        :                           9.999999988146e-01
======================================================================


                                                                      
**********************************************************************
***                                                                ***
***              Computing Ground State Wavefunction               ***
***                                                                ***
**********************************************************************
                                                                      
                                                                      
~~~~~~~~~~~~~~~~~~~~~~~~~~~~~~~~~~~~~~~~~~~~~~~~~~~~~~~~~~~~~~~~~~~~~~
 Calculation           : Compute initial energy
 Method                : DFT
 Precision             : 1.00000e-03
 Localization          : Off
~~~~~~~~~~~~~~~~~~~~~~~~~~~~~~~~~~~~~~~~~~~~~~~~~~~~~~~~~~~~~~~~~~~~~~


======================================================================
                           Molecular Energy
----------------------------------------------------------------------
 Kinetic energy        :           (au)                7.370996808591
 E-N energy            :           (au)              -17.035030429630
 Coulomb energy        :           (au)                4.061917141109
 Exchange energy       :           (au)               -0.444799410662
 X-C energy            :           (au)               -1.366884780623
 Ext. field (el)       :           (au)                0.000000000000
 Ext. field (nuc)      :           (au)                0.000000000000
----------------------------------------------------------------------
 Electronic energy     :           (au)               -7.413800671215
 Nuclear energy        :           (au)                0.000000000000
----------------------------------------------------------------------
 Total energy          :           (au)           -7.413800671215e+00
                       :     (kcal/mol)           -4.652230122466e+03
                       :       (kJ/mol)           -1.946493084503e+04
                       :           (eV)           -2.017397847484e+02
======================================================================


======================================================================
                           Orbital Energies
----------------------------------------------------------------------           
    n  Occ Spin        :                                      Epsilon            
----------------------------------------------------------------------           
    0    1    a        :           (au)               -2.026248624388            
    1    1    a        :           (au)               -0.139732410810            
    2    1    b        :           (au)               -2.015998440289            
----------------------------------------------------------------------           
 Sum occupied          :           (au)               -4.181979475487            
======================================================================



~~~~~~~~~~~~~~~~~~~~~~~~~~~~~~~~~~~~~~~~~~~~~~~~~~~~~~~~~~~~~~~~~~~~~~
 Calculation           : Optimize molecular orbitals
 Method                : DFT
 Max iterations        : 5
 KAIN solver           : 3
 Localization          : Off
 Diagonalization       : First two iterations
 Start precision       : 1.00000e-03
 Final precision       : 1.00000e-03
 Energy threshold      : Off
 Orbital threshold     : 2.00000e-02
~~~~~~~~~~~~~~~~~~~~~~~~~~~~~~~~~~~~~~~~~~~~~~~~~~~~~~~~~~~~~~~~~~~~~~


======================================================================
 Iter         MO residual                Property              Update
----------------------------------------------------------------------
    0        1.732051e+00         -7.413800671215       -7.413801e+00
    1        6.985284e-02         -7.465180151016       -5.137948e-02
    2        1.753844e-02         -7.466017735074       -8.375841e-04
----------------------------------------------------------------------
                   SCF converged in 2 iterations!
======================================================================


                                                                      
**********************************************************************
***                                                                ***
***                 Printing Molecular Properties                  ***
***                                                                ***
**********************************************************************
                                                                      
                                                                      
======================================================================
                               Molecule
----------------------------------------------------------------------
 Charge                :                                            0
 Multiplicity          :                                            2
----------------------------------------------------------------------
    N    Atom          :              x              y              z
----------------------------------------------------------------------
    0      Li          :       0.000000       0.000000       0.000000
----------------------------------------------------------------------
 Center of mass        :       0.000000       0.000000       0.000000
======================================================================


======================================================================
                           Orbital Energies
----------------------------------------------------------------------
    n  Occ Spin        :                                      Epsilon
----------------------------------------------------------------------
    0    1    a        :           (au)               -2.055885002544
    1    1    a        :           (au)               -0.141007077047
    2    1    b        :           (au)               -2.045656626704
----------------------------------------------------------------------
 Sum occupied          :           (au)               -4.242548706295
======================================================================


======================================================================
                           Molecular Energy
----------------------------------------------------------------------
 Kinetic energy        :           (au)                7.380314535068
 E-N energy            :           (au)              -17.088583572601
 Coulomb energy        :           (au)                4.048566358852
 Exchange energy       :           (au)               -0.442758246069
 X-C energy            :           (au)               -1.363556810324
 Ext. field (el)       :           (au)                0.000000000000
 Ext. field (nuc)      :           (au)                0.000000000000
----------------------------------------------------------------------
 Electronic energy     :           (au)               -7.466017735074
 Nuclear energy        :           (au)                0.000000000000
----------------------------------------------------------------------
 Total energy          :           (au)           -7.466017735074e+00
                       :     (kcal/mol)           -4.684996824481e+03
                       :       (kJ/mol)           -1.960202672635e+04
                       :           (eV)           -2.031606833792e+02
======================================================================


                                                                      
                                                                      
**********************************************************************
***                                                                ***
***                         Exiting MRChem                         ***
***                                                                ***
***                    Wall time :  0h  1m 11s                     ***
***                                                                ***
**********************************************************************
                                                                      
                                                                      
