                                                                      
                                                                      
**********************************************************************
***                                                                ***
***                                                                ***
***        __  __ ____   ____ _                                    ***
***       |  \/  |  _ \ / ___| |__   ___ _ __ ___                  ***
***       | |\/| | |_) | |   | '_ \ / _ \ '_ ` _ \                 ***
***       | |  | |  _ <| |___| | | |  __/ | | | | |                ***
***       |_|  |_|_| \_\\____|_| |_|\___|_| |_| |_|                ***
***                                                                ***
***       VERSION            0.3.0-alpha                           ***
***                                                                ***
***       Git branch         modernize_energy_calculation          ***
***       Git commit hash    f869d887b25c726c881d-dirty            ***
***       Git commit author  Stig Rune Jensen                      ***
***       Git commit date    Thu Mar 5 12:03:21 2020 +0100         ***
***                                                                ***
***       Magnar Bjorgve     <magnar.bjorgve@uit.no>               ***
***       Roberto Di Remigio <roberto.di.remigio@uit.no>           ***
***       Luca Frediani      <luca.frediani@uit.no>                ***
***       Gabriel Gerez      <gsa017@post.uit.no>                  ***
***       Stig Rune Jensen   <stig.r.jensen@uit.no>                ***
***       Peter Wind         <peter.wind@uit.no>                   ***
***                                                                ***
**********************************************************************

----------------------------------------------------------------------

 MPI processes         :      (no bank)                             1
 OpenMP threads        :                                            1
 Total cores           :                                            1
                                                                      
----------------------------------------------------------------------

XCFun DFT library Copyright 2009-2020 Ulf Ekstrom and contributors.
See http://dftlibs.org/xcfun/ for more information.

This is free software; see the source code for copying conditions.
There is ABSOLUTELY NO WARRANTY; not even for MERCHANTABILITY or
FITNESS FOR A PARTICULAR PURPOSE. For details see the documentation.
Scientific users of this library should cite
U. Ekstrom, L. Visscher, R. Bast, A. J. Thorvaldsen and K. Ruud;
J.Chem.Theor.Comp. 2010, DOI: 10.1021/ct100117s

----------------------------------------------------------------------

 MRCPP version         : 1.2.0-alpha2
 Git branch            : modernize_energy_calculation
 Git commit hash       : ea07b65c8109b8937518-dirty
 Git commit author     : Magnar Bj√∏rgve
 Git commit date       : Wed Mar 4 22:18:16 2020 +0100

 Linear algebra        : EIGEN v3.3.7
 Parallelization       : OpenMP

----------------------------------------------------------------------


                                                                      
======================================================================
                       MultiResolution Analysis
----------------------------------------------------------------------
 polynomial order      : 7
 polynomial type       : Legendre
----------------------------------------------------------------------
 total boxes           : 8
 boxes                 : [          2           2           2 ]
 unit lengths          : [   16.00000    16.00000    16.00000 ]
 scaling factor        : [    1.00000     1.00000     1.00000 ]
 lower bounds          : [  -16.00000   -16.00000   -16.00000 ]
 upper bounds          : [   16.00000    16.00000    16.00000 ]
 total length          : [   32.00000    32.00000    32.00000 ]
======================================================================


                                                                      
**********************************************************************
***                                                                ***
***                     Initializing Molecule                      ***
***                                                                ***
**********************************************************************
                                                                      
                                                                      
======================================================================
                               Molecule
----------------------------------------------------------------------
 Charge                :                                            0
 Multiplicity          :                                            1
----------------------------------------------------------------------
    N    Atom          :              x              y              z
----------------------------------------------------------------------
    0       H          :       0.000000       0.000000      -0.700000
    1       H          :       0.000000       0.000000       0.700000
----------------------------------------------------------------------
 Center of mass        :       0.000000       0.000000      -0.000000
 Gauge origin          :       0.000000       0.000000       0.000000
======================================================================


                                                                      
**********************************************************************
***                                                                ***
***              Computing Initial Guess Wavefunction              ***
***                                                                ***
**********************************************************************
                                                                      
                                                                      
~~~~~~~~~~~~~~~~~~~~~~~~~~~~~~~~~~~~~~~~~~~~~~~~~~~~~~~~~~~~~~~~~~~~~~
 Calculation           : Diagonalize Hamiltonian matrix
 Precision             : 1.00000e-03
 Restricted            : True
 Hamiltonian           : Superposition of Atomic Densities (SAD)
 Functional            : LDA (SVWN5)
 AO basis              : Hydrogenic orbitals
 Zeta quality          : 2
~~~~~~~~~~~~~~~~~~~~~~~~~~~~~~~~~~~~~~~~~~~~~~~~~~~~~~~~~~~~~~~~~~~~~~


======================================================================
                          Molecular Orbitals
----------------------------------------------------------------------
 Alpha electrons       :                                            1
 Beta electrons        :                                            1
 Total electrons       :                                            2
----------------------------------------------------------------------
    n  Occ Spin        :                                         Norm
----------------------------------------------------------------------
    0    2    p        :                           9.999998867959e-01
======================================================================


                                                                      
**********************************************************************
***                                                                ***
***              Computing Ground State Wavefunction               ***
***                                                                ***
**********************************************************************
                                                                      
                                                                      
~~~~~~~~~~~~~~~~~~~~~~~~~~~~~~~~~~~~~~~~~~~~~~~~~~~~~~~~~~~~~~~~~~~~~~
 Calculation           : Compute initial energy
 Method                : Hartree-Fock
 Precision             : 1.00000e-03
 Localization          : Off
~~~~~~~~~~~~~~~~~~~~~~~~~~~~~~~~~~~~~~~~~~~~~~~~~~~~~~~~~~~~~~~~~~~~~~


======================================================================
                           Molecular Energy
----------------------------------------------------------------------
 Kinetic energy        :           (au)                0.887101649591
 E-N energy            :           (au)               -3.289210351293
 Coulomb energy        :           (au)                1.178799428204
 Exchange energy       :           (au)               -0.589401251813
 X-C energy            :           (au)                0.000000000000
 Ext. field (el)       :           (au)                0.000000000000
 Ext. field (nuc)      :           (au)                0.000000000000
----------------------------------------------------------------------
 Electronic energy     :           (au)               -1.812710525312
 Nuclear energy        :           (au)                0.714285714286
----------------------------------------------------------------------
 Total energy          :           (au)           -1.098424811026e+00
                       :     (kcal/mol)           -6.892719699033e+02
                       :       (kJ/mol)           -2.883913923947e+03
                       :           (eV)           -2.988966048130e+01
======================================================================


======================================================================
                           Orbital Energies
----------------------------------------------------------------------
    n  Occ Spin        :                                      Epsilon
----------------------------------------------------------------------
    0    2    p        :           (au)               -0.611656312944
----------------------------------------------------------------------
 Sum occupied          :           (au)               -1.223312625889
======================================================================


~~~~~~~~~~~~~~~~~~~~~~~~~~~~~~~~~~~~~~~~~~~~~~~~~~~~~~~~~~~~~~~~~~~~~~
 Calculation           : Optimize ground state orbitals
 Method                : Hartree-Fock
 Max iterations        : 5
 KAIN solver           : 3
 Localization          : Off
 Diagonalization       : First two iterations
 Helmholtz precision   : 1.00000e-03
 Start precision       : 1.00000e-03
 Final precision       : 1.00000e-03
 Energy threshold      : Off
 Orbital threshold     : 1.00000e-02
~~~~~~~~~~~~~~~~~~~~~~~~~~~~~~~~~~~~~~~~~~~~~~~~~~~~~~~~~~~~~~~~~~~~~~


======================================================================
 Iter         MO residual            Total energy              Update
----------------------------------------------------------------------
    0        1.000000e+00         -1.098424811026       -1.098425e+00
    1        8.091939e-02         -1.129611786251       -3.118698e-02
    2        2.765730e-02         -1.133576810812       -3.965025e-03
    3        8.810274e-03         -1.133996586306       -4.197755e-04
----------------------------------------------------------------------
                   SCF converged in 3 iterations!
======================================================================


                                                                      
**********************************************************************
***                                                                ***
***                 Printing Molecular Properties                  ***
***                                                                ***
**********************************************************************
                                                                      
                                                                      
======================================================================
                               Molecule
----------------------------------------------------------------------
 Charge                :                                            0
 Multiplicity          :                                            1
----------------------------------------------------------------------
    N    Atom          :              x              y              z
----------------------------------------------------------------------
    0       H          :       0.000000       0.000000      -0.700000
    1       H          :       0.000000       0.000000       0.700000
----------------------------------------------------------------------
 Center of mass        :       0.000000       0.000000      -0.000000
 Gauge origin          :       0.000000       0.000000       0.000000
======================================================================


======================================================================
                           Orbital Energies
----------------------------------------------------------------------
    n  Occ Spin        :                                      Epsilon
----------------------------------------------------------------------
    0    2    p        :           (au)               -0.596133571590
----------------------------------------------------------------------
 Sum occupied          :           (au)               -1.192267143179
======================================================================


======================================================================
                           Molecular Energy
----------------------------------------------------------------------
 Kinetic energy        :           (au)                1.117767387200
 E-N energy            :           (au)               -3.622064845205
 Coulomb energy        :           (au)                1.312451048159
 Exchange energy       :           (au)               -0.656435890746
 X-C energy            :           (au)                0.000000000000
 Ext. field (el)       :           (au)                0.000000000000
 Ext. field (nuc)      :           (au)                0.000000000000
----------------------------------------------------------------------
 Electronic energy     :           (au)               -1.848282300592
 Nuclear energy        :           (au)                0.714285714286
----------------------------------------------------------------------
 Total energy          :           (au)           -1.133996586306e+00
                       :     (kcal/mol)           -7.115935957208e+02
                       :       (kJ/mol)           -2.977307606428e+03
                       :           (eV)           -3.085761775536e+01
======================================================================


======================================================================
                            Dipole Moment
----------------------------------------------------------------------
 Electronic vector     :      -0.000000      -0.000000       0.000254
 Magnitude             :           (au)                      0.000254
                       :        (Debye)                      0.000645
----------------------------------------------------------------------
 Nuclear vector        :       0.000000       0.000000      -0.000000
 Magnitude             :           (au)                      0.000000
                       :        (Debye)                      0.000000
----------------------------------------------------------------------
 Total vector          :       0.000000       0.000000       0.000254
 Magnitude             :           (au)                      0.000254
                       :        (Debye)                      0.000645
======================================================================


                                                                      
                                                                      
**********************************************************************
***                                                                ***
***                         Exiting MRChem                         ***
***                                                                ***
***                    Wall time :  0h  0m 23s                     ***
***                                                                ***
**********************************************************************
                                                                      
                                                                      
