


************************************************************
***     __  __ ____   ____ _                             ***
***    |  \/  |  _ \ / ___| |__   ___ _ __ ___           ***
***    | |\/| | |_) | |   | '_ \ / _ \ '_ ` _ \          ***
***    | |  | |  _ <| |___| | | |  __/ | | | | |         ***
***    |_|  |_|_| \_\\____|_| |_|\___|_| |_| |_|         ***
***                                                      ***
***    VERSION 0.0.1 (rev. 996f83d5)                      ***
***                                                      ***
***    Stig Rune Jensen <stig.r.jensen@uit.no>           ***
***    Luca Frediani    <luca.frediani@uit.no>           ***
***    Peter Wind       <peter.wind@uit.no>              ***
***                                                      ***
************************************************************


+++ Serial execution


------------------------------------------------------------

 MRCPP version   : X.Y.Z
 Git revision    : e5c44e2

 Linear algebra  : EIGEN
 Parallelization : NONE

------------------------------------------------------------




============================================================
                  MultiResolution Analysis
------------------------------------------------------------
 polynomial order = 7
 polynomial type  = Legendre
------------------------------------------------------------
 unit length      = 16.000000
 total boxes      = 8
 boxes            = [           2           2           2 ]
 lower bounds     = [  -16.000000  -16.000000  -16.000000 ]
 upper bounds     = [   16.000000   16.000000   16.000000 ]
 total length     = [   32.000000   32.000000   32.000000 ]
============================================================


============================================================
                          Molecule
------------------------------------------------------------
 Nr  Element             x             y             z
------------------------------------------------------------
  1     H           0.00000e+00   0.00000e+00  -7.00000e-01
  2     H           0.00000e+00   0.00000e+00   7.00000e-01
------------------------------------------------------------
 Center of mass:    0.00000e+00   0.00000e+00   0.00000e+00
============================================================


============================================================
                Setting up nuclear potential
------------------------------------------------------------
 Nr  Element         Charge        Precision     Smoothing
------------------------------------------------------------
  1     H            1.00000e+00   1.00000e-03   1.63241e-02
  2     H            1.00000e+00   1.00000e-03   1.63241e-02
------------------------------------------------------------
 Projecting potential                  776      5.89578e-01
============================================================


============================================================
                Setting up nuclear potential
------------------------------------------------------------
 Nr  Element         Charge        Precision     Smoothing
------------------------------------------------------------
  1     H            1.00000e+00   1.00000e-03   1.63241e-02
  2     H            1.00000e+00   1.00000e-03   1.63241e-02
------------------------------------------------------------
 Projecting potential                  776      5.83312e-01
============================================================


============================================================
              Projecting Gaussian-type density
------------------------------------------------------------
 Nr  Element                                 Rho_i
------------------------------------------------------------
  0      H                            9.999999649080249e-01
  1      H                            9.999999649080250e-01
------------------------------------------------------------
                 Wall time: 1.00206e+00 sec
============================================================


============================================================
                  Projecting Hydrogen AOs
------------------------------------------------------------
    N    Atom   Label                     SquareNorm
------------------------------------------------------------
    1     H1     1s                   1.000002253355150e+00
    2     H1     2s                   9.997883969406565e-01
    3     H1     2p                   9.999155883175492e-01
    4     H1     2p                   9.999155883175492e-01
    5     H1     2p                   9.999047467798903e-01
    6     H2     1s                   1.000002253355150e+00
    7     H2     2s                   9.997883969406565e-01
    8     H2     2p                   9.999155883175493e-01
    9     H2     2p                   9.999155883175493e-01
   10     H2     2p                   9.999047467798899e-01
------------------------------------------------------------
                 Wall time: 4.10675e-01 sec
============================================================


============================================================
                  Setting up Fock operator
------------------------------------------------------------
 Coulomb potential                       8      5.01940e-01
 XC evaluate xcfun                     528      6.92340e-01
 XC energy                             264      1.36100e-06
 XC potential                          264      1.19847e-02
 XC grid size                          264           950272
 XC grid change                       -256          -917504
------------------------------------------------------------
                 Wall time: 1.20709e+00 sec
============================================================


============================================================
                  Diagonalize Fock matrix
------------------------------------------------------------
 Compute Fock matrix                            3.65282e+00
 Diagonalize Fock matrix                        3.37580e-05
 Rotate orbitals                                2.27173e-02
------------------------------------------------------------
                 Wall time: 3.67666e+00 sec
============================================================


============================================================
 OrbitalVector:   1 orbitals     1 occupied     2 electrons
------------------------------------------------------------
   n  RankID           Norm          Spin Occ      Error
------------------------------------------------------------
   0     0       9.999998867959e-01    p   2    1.00000e+00
============================================================


============================================================
                  Setting up Fock operator
------------------------------------------------------------
 Precision                                      1.00000e-03
------------------------------------------------------------
 Coulomb density                       264      1.35152e-01
 Coulomb potential                       8      5.12071e-01
 Hartree-Fock exchange                 264      9.44870e-01
------------------------------------------------------------
                 Wall time: 1.59226e+00 sec
============================================================


============================================================
                  Calculating Fock matrix
------------------------------------------------------------
 Kinetic part                         1.622048290000000e-01
 Potential part                       3.674591690000000e-01
------------------------------------------------------------
                 Wall time: 5.29835e-01 sec
============================================================




####################### SCF cycle  1 #######################


============================================================
 Current precision                              1.00000e-03
------------------------------------------------------------
 Orbital threshold                              1.00000e-02
 Property threshold                            -1.00000e+00
============================================================


============================================================
                  Digonalizing Fock matrix
------------------------------------------------------------
 Computing Lowdin matrix                        3.65069e-04
 Diagonalizing matrix                           7.71200e-06
 Rotating orbitals                              1.35509e-02
------------------------------------------------------------
                 Wall time: 1.39794e-02 sec
============================================================


============================================================
                   Calculating SCF energy
------------------------------------------------------------
 Nuclear energy                       7.142857142857143e-01
 Electronic energy                   -1.812710935724634e+00
------------------------------------------------------------
 Total energy                        -1.098425221438920e+00
------------------------------------------------------------
                 Wall time: 3.69294e-01 sec
============================================================


============================================================
                Applying Helmholtz operators
------------------------------------------------------------
 Orb    RealNorm   Nodes     ImagNorm   Nodes     Timing
------------------------------------------------------------
  0    9.72990e-01   264    0.00000e+00     0   4.76799e+00
------------------------------------------------------------
                 Wall time: 4.76816e+00 sec
============================================================
============================================================


============================================================
                  Setting up Fock operator
------------------------------------------------------------
 Precision                                      1.00000e-03
------------------------------------------------------------
 Coulomb density                       328      1.63681e-01
 Coulomb potential                       8      5.11281e-01
 Hartree-Fock exchange                 264      1.47150e+00
------------------------------------------------------------
                 Wall time: 2.14667e+00 sec
============================================================


============================================================
                  Calculating Fock matrix
------------------------------------------------------------
 Kinetic part                         2.318111940000000e-01
 Potential part                       4.046803610000000e-01
------------------------------------------------------------
                 Wall time: 6.36687e-01 sec
============================================================


============================================================
                          Orbitals
------------------------------------------------------------
 Orb    F(i,i)        Error         nNodes  Spin  Occ  Done
------------------------------------------------------------
  0  -6.05627e-01   8.09194e-02        264    p    2    0
------------------------------------------------------------
 Total error:                            8.09194e-02    0
============================================================


============================================================
                    Energy                 Update      Done
------------------------------------------------------------
 Orbital      -1.223312625889282e+00    -1.22331e+00    1
 Kinetic       8.871018504379360e-01     8.87102e-01    1
 N-E          -3.289211095997922e+00    -3.28921e+00    1
 Coulomb       1.178799695093138e+00     1.17880e+00    1
 Exchange     -5.894013852577860e-01    -5.89401e-01    1
 X-C           0.000000000000000e+00     0.00000e+00    1
------------------------------------------------------------
 Electronic   -1.812710935724634e+00    -1.81271e+00    1
 Nuclear       7.142857142857143e-01     7.14286e-01    1
------------------------------------------------------------
 Total        -1.098425221438920e+00    -1.09843e+00    1
============================================================


####################### SCF cycle  2 #######################


============================================================
 Current precision                              1.00000e-03
------------------------------------------------------------
 Orbital threshold                              1.00000e-02
 Property threshold                            -1.00000e+00
============================================================


============================================================
                  Digonalizing Fock matrix
------------------------------------------------------------
 Computing Lowdin matrix                        4.68954e-04
 Diagonalizing matrix                           3.45800e-06
 Rotating orbitals                              1.82271e-02
------------------------------------------------------------
                 Wall time: 1.87581e-02 sec
============================================================


============================================================
                   Calculating SCF energy
------------------------------------------------------------
 Nuclear energy                       7.142857142857143e-01
 Electronic energy                   -1.843897688922961e+00
------------------------------------------------------------
 Total energy                        -1.129611974637247e+00
------------------------------------------------------------
                 Wall time: 4.17395e-01 sec
============================================================


============================================================
                Applying Helmholtz operators
------------------------------------------------------------
 Orb    RealNorm   Nodes     ImagNorm   Nodes     Timing
------------------------------------------------------------
  0    9.86331e-01   264    0.00000e+00     0   4.75327e+00
------------------------------------------------------------
                 Wall time: 4.75342e+00 sec
============================================================
============================================================


============================================================
                  Setting up Fock operator
------------------------------------------------------------
 Precision                                      1.00000e-03
------------------------------------------------------------
 Coulomb density                       328      1.64448e-01
 Coulomb potential                       8      5.07970e-01
 Hartree-Fock exchange                 264      1.46731e+00
------------------------------------------------------------
                 Wall time: 2.13996e+00 sec
============================================================


============================================================
                  Calculating Fock matrix
------------------------------------------------------------
 Kinetic part                         2.349395310000000e-01
 Potential part                       4.030693150000000e-01
------------------------------------------------------------
                 Wall time: 6.38235e-01 sec
============================================================


============================================================
                          Orbitals
------------------------------------------------------------
 Orb    F(i,i)        Error         nNodes  Spin  Occ  Done
------------------------------------------------------------
  0  -5.98862e-01   2.76574e-02        264    p    2    0
------------------------------------------------------------
 Total error:                            2.76574e-02    0
============================================================


============================================================
                    Energy                 Update      Done
------------------------------------------------------------
 Orbital      -1.211253968027810e+00     1.20587e-02    1
 Kinetic       1.029353038523104e+00     1.42251e-01    1
 N-E          -3.505894448341216e+00    -2.16683e-01    1
 Coulomb       1.265592113485893e+00     8.67924e-02    1
 Exchange     -6.329483925907412e-01    -4.35470e-02    1
 X-C           0.000000000000000e+00     0.00000e+00    1
------------------------------------------------------------
 Electronic   -1.843897688922961e+00    -3.11868e-02    1
 Nuclear       7.142857142857143e-01     0.00000e+00    1
------------------------------------------------------------
 Total        -1.129611974637247e+00    -3.11868e-02    1
============================================================


####################### SCF cycle  3 #######################


============================================================
 Current precision                              1.00000e-03
------------------------------------------------------------
 Orbital threshold                              1.00000e-02
 Property threshold                            -1.00000e+00
============================================================


============================================================
                   Calculating SCF energy
------------------------------------------------------------
 Nuclear energy                       7.142857142857143e-01
 Electronic energy                   -1.847862572231951e+00
------------------------------------------------------------
 Total energy                        -1.133576857946236e+00
------------------------------------------------------------
                 Wall time: 4.05717e-01 sec
============================================================


============================================================
                Applying Helmholtz operators
------------------------------------------------------------
 Orb    RealNorm   Nodes     ImagNorm   Nodes     Timing
------------------------------------------------------------
  0    9.95013e-01   264    0.00000e+00     0   4.71493e+00
------------------------------------------------------------
                 Wall time: 4.71534e+00 sec
============================================================
============================================================


============================================================
                  Setting up Fock operator
------------------------------------------------------------
 Precision                                      1.00000e-03
------------------------------------------------------------
 Coulomb density                       328      1.64586e-01
 Coulomb potential                       8      5.14014e-01
 Hartree-Fock exchange                 264      1.47406e+00
------------------------------------------------------------
                 Wall time: 2.15291e+00 sec
============================================================


============================================================
                  Calculating Fock matrix
------------------------------------------------------------
 Kinetic part                         2.481563200000000e-01
 Potential part                       4.122364010000000e-01
------------------------------------------------------------
                 Wall time: 6.60610e-01 sec
============================================================


============================================================
                          Orbitals
------------------------------------------------------------
 Orb    F(i,i)        Error         nNodes  Spin  Occ  Done
------------------------------------------------------------
  0  -5.94791e-01   1.28765e-02        264    p    2    0
------------------------------------------------------------
 Total error:                            1.28765e-02    0
============================================================


============================================================
                    Energy                 Update      Done
------------------------------------------------------------
 Orbital      -1.197724722109492e+00     1.35292e-02    1
 Kinetic       1.094659138453260e+00     6.53061e-02    1
 N-E          -3.592659560807669e+00    -8.67651e-02    1
 Coulomb       1.300663907627978e+00     3.50718e-02    1
 Exchange     -6.505260575055192e-01    -1.75777e-02    1
 X-C           0.000000000000000e+00     0.00000e+00    1
------------------------------------------------------------
 Electronic   -1.847862572231951e+00    -3.96488e-03    1
 Nuclear       7.142857142857143e-01     0.00000e+00    1
------------------------------------------------------------
 Total        -1.133576857946236e+00    -3.96488e-03    1
============================================================


####################### SCF cycle  4 #######################


============================================================
 Current precision                              1.00000e-03
------------------------------------------------------------
 Orbital threshold                              1.00000e-02
 Property threshold                            -1.00000e+00
============================================================


============================================================
                   Calculating SCF energy
------------------------------------------------------------
 Nuclear energy                       7.142857142857143e-01
 Electronic energy                   -1.848325801769991e+00
------------------------------------------------------------
 Total energy                        -1.134040087484277e+00
------------------------------------------------------------
                 Wall time: 4.14500e-01 sec
============================================================


============================================================
                Applying Helmholtz operators
------------------------------------------------------------
 Orb    RealNorm   Nodes     ImagNorm   Nodes     Timing
------------------------------------------------------------
  0    9.99946e-01   264    0.00000e+00     0   4.74886e+00
------------------------------------------------------------
                 Wall time: 4.75015e+00 sec
============================================================
============================================================


============================================================
                  Setting up Fock operator
------------------------------------------------------------
 Precision                                      1.00000e-03
------------------------------------------------------------
 Coulomb density                       328      1.62846e-01
 Coulomb potential                       8      5.13376e-01
 Hartree-Fock exchange                 264      1.47203e+00
------------------------------------------------------------
                 Wall time: 2.14850e+00 sec
============================================================


============================================================
                  Calculating Fock matrix
------------------------------------------------------------
 Kinetic part                         2.499569940000000e-01
 Potential part                       4.097797090000000e-01
------------------------------------------------------------
                 Wall time: 6.59944e-01 sec
============================================================


============================================================
                          Orbitals
------------------------------------------------------------
 Orb    F(i,i)        Error         nNodes  Spin  Occ  Done
------------------------------------------------------------
  0  -5.94872e-01   4.67791e-04        264    p    2    1
------------------------------------------------------------
 Total error:                            4.67791e-04    1
============================================================


============================================================
                    Energy                 Update      Done
------------------------------------------------------------
 Orbital      -1.189582115916352e+00     8.14261e-03    1
 Kinetic       1.128569047835378e+00     3.39099e-02    1
 N-E          -3.635638535459008e+00    -4.29790e-02    1
 Coulomb       1.317923743344539e+00     1.72598e-02    1
 Exchange     -6.591800574908994e-01    -8.65400e-03    1
 X-C           0.000000000000000e+00     0.00000e+00    1
------------------------------------------------------------
 Electronic   -1.848325801769991e+00    -4.63230e-04    1
 Nuclear       7.142857142857143e-01     0.00000e+00    1
------------------------------------------------------------
 Total        -1.134040087484277e+00    -4.63230e-04    1
============================================================


============================================================
 Current precision                              1.00000e-03
------------------------------------------------------------
 Orbital threshold                             -1.00000e+00
 Property threshold                             1.00000e-03
============================================================


============================================================
                  Setting up Fock operator
------------------------------------------------------------
 Precision                                      1.00000e-03
------------------------------------------------------------
 Coulomb density                       328      1.66318e-01
 Coulomb potential                       8      5.13240e-01
 Hartree-Fock exchange                 264      1.46332e+00
------------------------------------------------------------
                 Wall time: 2.14311e+00 sec
============================================================
============================================================


============================================================
                   Calculating SCF energy
------------------------------------------------------------
 Nuclear energy                       7.142857142857143e-01
 Electronic energy                   -1.848152320236472e+00
------------------------------------------------------------
 Total energy                        -1.133866605950757e+00
------------------------------------------------------------
                 Wall time: 4.06252e-01 sec
============================================================


============================================================
                Applying Helmholtz operators
------------------------------------------------------------
 Orb    RealNorm   Nodes     ImagNorm   Nodes     Timing
------------------------------------------------------------
  0    1.00002e+00   264    0.00000e+00     0   4.70742e+00
------------------------------------------------------------
                 Wall time: 4.70759e+00 sec
============================================================


============================================================
                Computing Fock matrix update
------------------------------------------------------------
 Nuclear potential matrix                       2.19220e-01
============================================================
                  Calculating Fock matrix
------------------------------------------------------------
 Kinetic part                         2.810000000000000e-07
 Potential part                       1.796777880000000e-01
------------------------------------------------------------
                 Wall time: 1.79796e-01 sec
============================================================
============================================================


============================================================
                  Calculating Fock matrix
------------------------------------------------------------
 Kinetic part                         3.450000000000000e-07
 Potential part                       1.340985440000000e+00
------------------------------------------------------------
                 Wall time: 1.34112e+00 sec
============================================================
============================================================


============================================================
                          Orbitals
------------------------------------------------------------
 Orb    F(i,i)        Error         nNodes  Spin  Occ  Done
------------------------------------------------------------
  0  -5.94790e-01   2.53178e-05        264    p    2    0
------------------------------------------------------------
 Total error:                            2.53178e-05    0
============================================================


============================================================
                    Energy                 Update      Done
------------------------------------------------------------
 Orbital      -1.189518011029520e+00     2.26692e-04    1
 Kinetic       1.128699555657928e+00     4.13629e-04    1
 N-E          -3.635486185101352e+00    -2.91934e-04    1
 Coulomb       1.317705513386293e+00     1.05454e-04    1
 Exchange     -6.590712041793413e-01    -5.29552e-05    1
 X-C           0.000000000000000e+00     0.00000e+00    1
------------------------------------------------------------
 Electronic   -1.848152320236472e+00     1.74194e-04    1
 Nuclear       7.142857142857143e-01     0.00000e+00    1
------------------------------------------------------------
 Total        -1.133866605950757e+00     1.74194e-04    1
============================================================
============================================================
                      Convergence rate
------------------------------------------------------------
Iter    OrbError       Property                   Update
------------------------------------------------------------
  1    1.30850e-04    -1.134040799513934e+00   -1.13404e+00
  2    2.53178e-05    -1.133866605950757e+00    1.74194e-04
------------------------------------------------------------
                      SCF converged!!!
============================================================


============================================================
                  Setting up Fock operator
------------------------------------------------------------
 Precision                                      1.00000e-03
------------------------------------------------------------
 Coulomb density                       328      1.62198e-01
 Coulomb potential                       8      5.04044e-01
 Hartree-Fock exchange                 264      1.44515e+00
------------------------------------------------------------
                 Wall time: 2.11157e+00 sec
============================================================


============================================================
                   Calculating SCF energy
------------------------------------------------------------
------------------------------------------------------------
                 Wall time: 4.02388e-01 sec
============================================================


============================================================
                 Calculating dipole moment
------------------------------------------------------------
------------------------------------------------------------
                 Wall time: 5.22841e-01 sec
============================================================


============================================================
                        Fock matrix
------------------------------------------------------------
-5.94790e-01
============================================================


============================================================
                      Orbital energies
------------------------------------------------------------
    n  spin  occ                            epsilon
------------------------------------------------------------
    0    p    2                      -5.947899785940588e-01
============================================================


============================================================
                          Molecule
------------------------------------------------------------
 Nr  Element             x             y             z
------------------------------------------------------------
  1     H           0.00000e+00   0.00000e+00  -7.00000e-01
  2     H           0.00000e+00   0.00000e+00   7.00000e-01
------------------------------------------------------------
 Center of mass:    0.00000e+00   0.00000e+00   0.00000e+00
============================================================



============================================================
                         SCF Energy
------------------------------------------------------------

 Sum orbital energy:                 -1.189579957188118e+00
 Kinetic energy:                      1.128639993882584e+00
 E-N energy:                         -3.635479721539797e+00
 Coulomb energy:                      1.317696693019419e+00
 Exchange energy:                    -6.590668077848713e-01
 X-C energy:                          0.000000000000000e+00
 El. external field energy:           0.000000000000000e+00
 Nuc. external field energy:          0.000000000000000e+00

------------------------------------------------------------

 Electronic energy:                  -1.848209842422666e+00
 Nuclear energy:                      7.142857142857143e-01

------------------------------------------------------------

 Total energy       (au)             -1.133924128136951e+00
                    (kJ/mol)         -2.977117367532397e+03
                    (kcal/mol)       -7.115481275335062e+02
                    (eV)             -3.085564606822012e+01

============================================================
============================================================




************************************************************
***                                                      ***
***                    Exiting MRChem                    ***
***                                                      ***
***               Wall time: 6.754960e+01                ***
***                                                      ***
************************************************************
